Archive member included to satisfy reference by file (symbol)

d:/st/stm32cubeide_1.9.0/stm32cubeide/plugins/com.st.stm32cube.ide.mcu.externaltools.gnu-tools-for-stm32.10.3-2021.10.win32_1.0.0.202111181127/tools/bin/../lib/gcc/arm-none-eabi/10.3.1/../../../../arm-none-eabi/lib/thumb/v7e-m+fp/hard\libc_nano.a(lib_a-errno.o)
                              ./Src/syscalls.o (__errno)
d:/st/stm32cubeide_1.9.0/stm32cubeide/plugins/com.st.stm32cube.ide.mcu.externaltools.gnu-tools-for-stm32.10.3-2021.10.win32_1.0.0.202111181127/tools/bin/../lib/gcc/arm-none-eabi/10.3.1/../../../../arm-none-eabi/lib/thumb/v7e-m+fp/hard\libc_nano.a(lib_a-exit.o)
                              d:/st/stm32cubeide_1.9.0/stm32cubeide/plugins/com.st.stm32cube.ide.mcu.externaltools.gnu-tools-for-stm32.10.3-2021.10.win32_1.0.0.202111181127/tools/bin/../lib/gcc/arm-none-eabi/10.3.1/../../../../arm-none-eabi/lib/thumb/v7e-m+fp/hard/crt0.o (exit)
d:/st/stm32cubeide_1.9.0/stm32cubeide/plugins/com.st.stm32cube.ide.mcu.externaltools.gnu-tools-for-stm32.10.3-2021.10.win32_1.0.0.202111181127/tools/bin/../lib/gcc/arm-none-eabi/10.3.1/../../../../arm-none-eabi/lib/thumb/v7e-m+fp/hard\libc_nano.a(lib_a-impure.o)
                              d:/st/stm32cubeide_1.9.0/stm32cubeide/plugins/com.st.stm32cube.ide.mcu.externaltools.gnu-tools-for-stm32.10.3-2021.10.win32_1.0.0.202111181127/tools/bin/../lib/gcc/arm-none-eabi/10.3.1/../../../../arm-none-eabi/lib/thumb/v7e-m+fp/hard\libc_nano.a(lib_a-exit.o) (_global_impure_ptr)
d:/st/stm32cubeide_1.9.0/stm32cubeide/plugins/com.st.stm32cube.ide.mcu.externaltools.gnu-tools-for-stm32.10.3-2021.10.win32_1.0.0.202111181127/tools/bin/../lib/gcc/arm-none-eabi/10.3.1/../../../../arm-none-eabi/lib/thumb/v7e-m+fp/hard\libc_nano.a(lib_a-init.o)
                              d:/st/stm32cubeide_1.9.0/stm32cubeide/plugins/com.st.stm32cube.ide.mcu.externaltools.gnu-tools-for-stm32.10.3-2021.10.win32_1.0.0.202111181127/tools/bin/../lib/gcc/arm-none-eabi/10.3.1/../../../../arm-none-eabi/lib/thumb/v7e-m+fp/hard/crt0.o (__libc_init_array)
d:/st/stm32cubeide_1.9.0/stm32cubeide/plugins/com.st.stm32cube.ide.mcu.externaltools.gnu-tools-for-stm32.10.3-2021.10.win32_1.0.0.202111181127/tools/bin/../lib/gcc/arm-none-eabi/10.3.1/../../../../arm-none-eabi/lib/thumb/v7e-m+fp/hard\libc_nano.a(lib_a-memset.o)
                              d:/st/stm32cubeide_1.9.0/stm32cubeide/plugins/com.st.stm32cube.ide.mcu.externaltools.gnu-tools-for-stm32.10.3-2021.10.win32_1.0.0.202111181127/tools/bin/../lib/gcc/arm-none-eabi/10.3.1/../../../../arm-none-eabi/lib/thumb/v7e-m+fp/hard/crt0.o (memset)

Discarded input sections

 .text          0x0000000000000000        0x0 d:/st/stm32cubeide_1.9.0/stm32cubeide/plugins/com.st.stm32cube.ide.mcu.externaltools.gnu-tools-for-stm32.10.3-2021.10.win32_1.0.0.202111181127/tools/bin/../lib/gcc/arm-none-eabi/10.3.1/thumb/v7e-m+fp/hard/crti.o
 .data          0x0000000000000000        0x0 d:/st/stm32cubeide_1.9.0/stm32cubeide/plugins/com.st.stm32cube.ide.mcu.externaltools.gnu-tools-for-stm32.10.3-2021.10.win32_1.0.0.202111181127/tools/bin/../lib/gcc/arm-none-eabi/10.3.1/thumb/v7e-m+fp/hard/crti.o
 .bss           0x0000000000000000        0x0 d:/st/stm32cubeide_1.9.0/stm32cubeide/plugins/com.st.stm32cube.ide.mcu.externaltools.gnu-tools-for-stm32.10.3-2021.10.win32_1.0.0.202111181127/tools/bin/../lib/gcc/arm-none-eabi/10.3.1/thumb/v7e-m+fp/hard/crti.o
 .data          0x0000000000000000        0x4 d:/st/stm32cubeide_1.9.0/stm32cubeide/plugins/com.st.stm32cube.ide.mcu.externaltools.gnu-tools-for-stm32.10.3-2021.10.win32_1.0.0.202111181127/tools/bin/../lib/gcc/arm-none-eabi/10.3.1/thumb/v7e-m+fp/hard/crtbegin.o
 .rodata        0x0000000000000000       0x24 d:/st/stm32cubeide_1.9.0/stm32cubeide/plugins/com.st.stm32cube.ide.mcu.externaltools.gnu-tools-for-stm32.10.3-2021.10.win32_1.0.0.202111181127/tools/bin/../lib/gcc/arm-none-eabi/10.3.1/thumb/v7e-m+fp/hard/crtbegin.o
 .text          0x0000000000000000       0x7c d:/st/stm32cubeide_1.9.0/stm32cubeide/plugins/com.st.stm32cube.ide.mcu.externaltools.gnu-tools-for-stm32.10.3-2021.10.win32_1.0.0.202111181127/tools/bin/../lib/gcc/arm-none-eabi/10.3.1/../../../../arm-none-eabi/lib/thumb/v7e-m+fp/hard/crt0.o
 .data          0x0000000000000000        0x0 d:/st/stm32cubeide_1.9.0/stm32cubeide/plugins/com.st.stm32cube.ide.mcu.externaltools.gnu-tools-for-stm32.10.3-2021.10.win32_1.0.0.202111181127/tools/bin/../lib/gcc/arm-none-eabi/10.3.1/../../../../arm-none-eabi/lib/thumb/v7e-m+fp/hard/crt0.o
 .bss           0x0000000000000000        0x0 d:/st/stm32cubeide_1.9.0/stm32cubeide/plugins/com.st.stm32cube.ide.mcu.externaltools.gnu-tools-for-stm32.10.3-2021.10.win32_1.0.0.202111181127/tools/bin/../lib/gcc/arm-none-eabi/10.3.1/../../../../arm-none-eabi/lib/thumb/v7e-m+fp/hard/crt0.o
[...]
Memory Configuration

Name             Origin             Length             Attributes
CCMRAM           0x0000000010000000 0x0000000000001000 xrw
RAM              0x0000000020000000 0x0000000000003000 xrw
FLASH            0x0000000008000000 0x0000000000010000 xr
*default*        0x0000000000000000 0xffffffffffffffff

Linker script and memory map

LOAD d:/st/stm32cubeide_1.9.0/stm32cubeide/plugins/com.st.stm32cube.ide.mcu.externaltools.gnu-tools-for-stm32.10.3-2021.10.win32_1.0.0.202111181127/tools/bin/../lib/gcc/arm-none-eabi/10.3.1/thumb/v7e-m+fp/hard/crti.o
LOAD d:/st/stm32cubeide_1.9.0/stm32cubeide/plugins/com.st.stm32cube.ide.mcu.externaltools.gnu-tools-for-stm32.10.3-2021.10.win32_1.0.0.202111181127/tools/bin/../lib/gcc/arm-none-eabi/10.3.1/thumb/v7e-m+fp/hard/crtbegin.o
LOAD d:/st/stm32cubeide_1.9.0/stm32cubeide/plugins/com.st.stm32cube.ide.mcu.externaltools.gnu-tools-for-stm32.10.3-2021.10.win32_1.0.0.202111181127/tools/bin/../lib/gcc/arm-none-eabi/10.3.1/../../../../arm-none-eabi/lib/thumb/v7e-m+fp/hard/crt0.o
LOAD ./Drivers/STM32F3xx_HAL_Driver/Src/stm32f3xx_hal.o
LOAD ./Drivers/STM32F3xx_HAL_Driver/Src/stm32f3xx_hal_adc.o
LOAD ./Drivers/STM32F3xx_HAL_Driver/Src/stm32f3xx_hal_adc_ex.o
LOAD ./Drivers/STM32F3xx_HAL_Driver/Src/stm32f3xx_hal_can.o
LOAD ./Drivers/STM32F3xx_HAL_Driver/Src/stm32f3xx_hal_cortex.o
LOAD ./Drivers/STM32F3xx_HAL_Driver/Src/stm32f3xx_hal_crc.o
LOAD ./Drivers/STM32F3xx_HAL_Driver/Src/stm32f3xx_hal_crc_ex.o
LOAD ./Drivers/STM32F3xx_HAL_Driver/Src/stm32f3xx_hal_dac.o
LOAD ./Drivers/STM32F3xx_HAL_Driver/Src/stm32f3xx_hal_dac_ex.o
LOAD ./Drivers/STM32F3xx_HAL_Driver/Src/stm32f3xx_hal_dma.o
LOAD ./Drivers/STM32F3xx_HAL_Driver/Src/stm32f3xx_hal_exti.o
LOAD ./Drivers/STM32F3xx_HAL_Driver/Src/stm32f3xx_hal_flash.o
LOAD ./Drivers/STM32F3xx_HAL_Driver/Src/stm32f3xx_hal_flash_ex.o
LOAD ./Drivers/STM32F3xx_HAL_Driver/Src/stm32f3xx_hal_gpio.o
LOAD ./Drivers/STM32F3xx_HAL_Driver/Src/stm32f3xx_hal_i2c.o
LOAD ./Drivers/STM32F3xx_HAL_Driver/Src/stm32f3xx_hal_i2c_ex.o
LOAD ./Drivers/STM32F3xx_HAL_Driver/Src/stm32f3xx_hal_pwr.o
LOAD ./Drivers/STM32F3xx_HAL_Driver/Src/stm32f3xx_hal_pwr_ex.o
LOAD ./Drivers/STM32F3xx_HAL_Driver/Src/stm32f3xx_hal_rcc.o
LOAD ./Drivers/STM32F3xx_HAL_Driver/Src/stm32f3xx_hal_rcc_ex.o
LOAD ./Drivers/STM32F3xx_HAL_Driver/Src/stm32f3xx_hal_tim.o
LOAD ./Drivers/STM32F3xx_HAL_Driver/Src/stm32f3xx_hal_tim_ex.o
LOAD ./Drivers/STM32F3xx_HAL_Driver/Src/stm32f3xx_hal_uart.o
LOAD ./Drivers/STM32F3xx_HAL_Driver/Src/stm32f3xx_hal_uart_ex.o
LOAD ./Src/main.o
LOAD ./Src/stm32f3xx_hal_msp.o
LOAD ./Src/stm32f3xx_it.o
LOAD ./Src/syscalls.o
LOAD ./Src/sysmem.o
LOAD ./Src/system_stm32f3xx.o
LOAD ./Startup/startup_stm32f334r8tx.o
START GROUP
LOAD d:/st/stm32cubeide_1.9.0/stm32cubeide/plugins/com.st.stm32cube.ide.mcu.externaltools.gnu-tools-for-stm32.10.3-2021.10.win32_1.0.0.202111181127/tools/bin/../lib/gcc/arm-none-eabi/10.3.1/../../../../arm-none-eabi/lib/thumb/v7e-m+fp/hard\libc_nano.a
LOAD d:/st/stm32cubeide_1.9.0/stm32cubeide/plugins/com.st.stm32cube.ide.mcu.externaltools.gnu-tools-for-stm32.10.3-2021.10.win32_1.0.0.202111181127/tools/bin/../lib/gcc/arm-none-eabi/10.3.1/../../../../arm-none-eabi/lib/thumb/v7e-m+fp/hard\libm.a
END GROUP
START GROUP
LOAD d:/st/stm32cubeide_1.9.0/stm32cubeide/plugins/com.st.stm32cube.ide.mcu.externaltools.gnu-tools-for-stm32.10.3-2021.10.win32_1.0.0.202111181127/tools/bin/../lib/gcc/arm-none-eabi/10.3.1/thumb/v7e-m+fp/hard\libgcc.a
LOAD d:/st/stm32cubeide_1.9.0/stm32cubeide/plugins/com.st.stm32cube.ide.mcu.externaltools.gnu-tools-for-stm32.10.3-2021.10.win32_1.0.0.202111181127/tools/bin/../lib/gcc/arm-none-eabi/10.3.1/../../../../arm-none-eabi/lib/thumb/v7e-m+fp/hard\libc_nano.a
END GROUP
START GROUP
LOAD d:/st/stm32cubeide_1.9.0/stm32cubeide/plugins/com.st.stm32cube.ide.mcu.externaltools.gnu-tools-for-stm32.10.3-2021.10.win32_1.0.0.202111181127/tools/bin/../lib/gcc/arm-none-eabi/10.3.1/thumb/v7e-m+fp/hard\libgcc.a
LOAD d:/st/stm32cubeide_1.9.0/stm32cubeide/plugins/com.st.stm32cube.ide.mcu.externaltools.gnu-tools-for-stm32.10.3-2021.10.win32_1.0.0.202111181127/tools/bin/../lib/gcc/arm-none-eabi/10.3.1/../../../../arm-none-eabi/lib/thumb/v7e-m+fp/hard\libc_nano.a
LOAD d:/st/stm32cubeide_1.9.0/stm32cubeide/plugins/com.st.stm32cube.ide.mcu.externaltools.gnu-tools-for-stm32.10.3-2021.10.win32_1.0.0.202111181127/tools/bin/../lib/gcc/arm-none-eabi/10.3.1/../../../../arm-none-eabi/lib/thumb/v7e-m+fp/hard\libnosys.a
END GROUP
START GROUP
LOAD d:/st/stm32cubeide_1.9.0/stm32cubeide/plugins/com.st.stm32cube.ide.mcu.externaltools.gnu-tools-for-stm32.10.3-2021.10.win32_1.0.0.202111181127/tools/bin/../lib/gcc/arm-none-eabi/10.3.1/thumb/v7e-m+fp/hard\libgcc.a
LOAD d:/st/stm32cubeide_1.9.0/stm32cubeide/plugins/com.st.stm32cube.ide.mcu.externaltools.gnu-tools-for-stm32.10.3-2021.10.win32_1.0.0.202111181127/tools/bin/../lib/gcc/arm-none-eabi/10.3.1/../../../../arm-none-eabi/lib/thumb/v7e-m+fp/hard\libc_nano.a
LOAD d:/st/stm32cubeide_1.9.0/stm32cubeide/plugins/com.st.stm32cube.ide.mcu.externaltools.gnu-tools-for-stm32.10.3-2021.10.win32_1.0.0.202111181127/tools/bin/../lib/gcc/arm-none-eabi/10.3.1/../../../../arm-none-eabi/lib/thumb/v7e-m+fp/hard\libnosys.a
END GROUP
LOAD d:/st/stm32cubeide_1.9.0/stm32cubeide/plugins/com.st.stm32cube.ide.mcu.externaltools.gnu-tools-for-stm32.10.3-2021.10.win32_1.0.0.202111181127/tools/bin/../lib/gcc/arm-none-eabi/10.3.1/thumb/v7e-m+fp/hard/crtend.o
LOAD d:/st/stm32cubeide_1.9.0/stm32cubeide/plugins/com.st.stm32cube.ide.mcu.externaltools.gnu-tools-for-stm32.10.3-2021.10.win32_1.0.0.202111181127/tools/bin/../lib/gcc/arm-none-eabi/10.3.1/thumb/v7e-m+fp/hard/crtn.o
                0x0000000020003000                _estack = (ORIGIN (RAM) + LENGTH (RAM))
                0x0000000000000200                _Min_Heap_Size = 0x200
                0x0000000000000400                _Min_Stack_Size = 0x400

.isr_vector     0x0000000008000000      0x188
                0x0000000008000000                . = ALIGN (0x4)
 *(.isr_vector)
 .isr_vector    0x0000000008000000      0x188 ./Startup/startup_stm32f334r8tx.o
                0x0000000008000000                g_pfnVectors
                0x0000000008000188                . = ALIGN (0x4)

.text           0x0000000008000188     0x6e3c
                0x0000000008000188                . = ALIGN (0x4)
 *(.text)
 .text          0x0000000008000188       0x40 d:/st/stm32cubeide_1.9.0/stm32cubeide/plugins/com.st.stm32cube.ide.mcu.externaltools.gnu-tools-for-stm32.10.3-2021.10.win32_1.0.0.202111181127/tools/bin/../lib/gcc/arm-none-eabi/10.3.1/thumb/v7e-m+fp/hard/crtbegin.o
 *(.text*)
 .text.HAL_Init
                0x00000000080001c8       0x2c ./Drivers/STM32F3xx_HAL_Driver/Src/stm32f3xx_hal.o
                0x00000000080001c8                HAL_Init
 .text.HAL_InitTick
                0x00000000080001f4       0x60 ./Drivers/STM32F3xx_HAL_Driver/Src/stm32f3xx_hal.o
                0x00000000080001f4                HAL_InitTick
 .text.HAL_IncTick
                0x0000000008000254       0x28 ./Drivers/STM32F3xx_HAL_Driver/Src/stm32f3xx_hal.o
                0x0000000008000254                HAL_IncTick
 .text.HAL_GetTick
                0x000000000800027c       0x18 ./Drivers/STM32F3xx_HAL_Driver/Src/stm32f3xx_hal.o
                0x000000000800027c                HAL_GetTick
 .text.HAL_ADC_ConvCpltCallback
                0x0000000008000294       0x14 ./Drivers/STM32F3xx_HAL_Driver/Src/stm32f3xx_hal_adc.o
                0x0000000008000294                HAL_ADC_ConvCpltCallback
 .text.HAL_ADC_ConvHalfCpltCallback
                0x00000000080002a8       0x14 ./Drivers/STM32F3xx_HAL_Driver/Src/stm32f3xx_hal_adc.o
                0x00000000080002a8                HAL_ADC_ConvHalfCpltCallback
 .text.HAL_ADC_ErrorCallback
                0x00000000080002bc       0x14 ./Drivers/STM32F3xx_HAL_Driver/Src/stm32f3xx_hal_adc.o
                0x00000000080002bc                HAL_ADC_ErrorCallback
 .text.HAL_ADC_Init
                0x00000000080002d0      0x324 ./Drivers/STM32F3xx_HAL_Driver/Src/stm32f3xx_hal_adc_ex.o
                0x00000000080002d0                HAL_ADC_Init
 .text.HAL_ADC_Start_DMA
                0x00000000080005f4      0x1b4 ./Drivers/STM32F3xx_HAL_Driver/Src/stm32f3xx_hal_adc_ex.o
                0x00000000080005f4                HAL_ADC_Start_DMA
 .text.HAL_ADCEx_Calibration_Start
                0x00000000080007a8       0xe4 ./Drivers/STM32F3xx_HAL_Driver/Src/stm32f3xx_hal_adc_ex.o
                0x00000000080007a8                HAL_ADCEx_Calibration_Start
 .text.HAL_ADCEx_Calibration_GetValue
                0x000000000800088c       0x34 ./Drivers/STM32F3xx_HAL_Driver/Src/stm32f3xx_hal_adc_ex.o
                0x000000000800088c                HAL_ADCEx_Calibration_GetValue
 .text.HAL_ADCEx_Calibration_SetValue
                0x00000000080008c0       0xc4 ./Drivers/STM32F3xx_HAL_Driver/Src/stm32f3xx_hal_adc_ex.o
                0x00000000080008c0                HAL_ADCEx_Calibration_SetValue
 .text.HAL_ADC_ConfigChannel
                0x0000000008000984      0x580 ./Drivers/STM32F3xx_HAL_Driver/Src/stm32f3xx_hal_adc_ex.o
                0x0000000008000984                HAL_ADC_ConfigChannel
 .text.HAL_ADCEx_MultiModeConfigChannel
                0x0000000008000f04      0x18c ./Drivers/STM32F3xx_HAL_Driver/Src/stm32f3xx_hal_adc_ex.o
                0x0000000008000f04                HAL_ADCEx_MultiModeConfigChannel
 .text.ADC_DMAConvCplt
                0x0000000008001090       0x7a ./Drivers/STM32F3xx_HAL_Driver/Src/stm32f3xx_hal_adc_ex.o
 .text.ADC_DMAHalfConvCplt
                0x000000000800110a       0x1c ./Drivers/STM32F3xx_HAL_Driver/Src/stm32f3xx_hal_adc_ex.o
 .text.ADC_DMAError
                0x0000000008001126       0x34 ./Drivers/STM32F3xx_HAL_Driver/Src/stm32f3xx_hal_adc_ex.o
 *fill*         0x000000000800115a        0x2 
 .text.ADC_Enable
                0x000000000800115c       0xc8 ./Drivers/STM32F3xx_HAL_Driver/Src/stm32f3xx_hal_adc_ex.o
 .text.ADC_Disable
                0x0000000008001224       0xcc ./Drivers/STM32F3xx_HAL_Driver/Src/stm32f3xx_hal_adc_ex.o
 .text.HAL_CAN_Init
                0x00000000080012f0      0x1f6 ./Drivers/STM32F3xx_HAL_Driver/Src/stm32f3xx_hal_can.o
                0x00000000080012f0                HAL_CAN_Init
 *fill*         0x00000000080014e6        0x2 
 .text.__NVIC_SetPriorityGrouping
                0x00000000080014e8       0x48 ./Drivers/STM32F3xx_HAL_Driver/Src/stm32f3xx_hal_cortex.o
 .text.__NVIC_GetPriorityGrouping
                0x0000000008001530       0x1c ./Drivers/STM32F3xx_HAL_Driver/Src/stm32f3xx_hal_cortex.o
 .text.__NVIC_EnableIRQ
                0x000000000800154c       0x3c ./Drivers/STM32F3xx_HAL_Driver/Src/stm32f3xx_hal_cortex.o
 .text.__NVIC_SetPriority
                0x0000000008001588       0x54 ./Drivers/STM32F3xx_HAL_Driver/Src/stm32f3xx_hal_cortex.o
 .text.NVIC_EncodePriority
                0x00000000080015dc       0x66 ./Drivers/STM32F3xx_HAL_Driver/Src/stm32f3xx_hal_cortex.o
 *fill*         0x0000000008001642        0x2 
 .text.SysTick_Config
                0x0000000008001644       0x44 ./Drivers/STM32F3xx_HAL_Driver/Src/stm32f3xx_hal_cortex.o
 .text.HAL_NVIC_SetPriorityGrouping
                0x0000000008001688       0x16 ./Drivers/STM32F3xx_HAL_Driver/Src/stm32f3xx_hal_cortex.o
                0x0000000008001688                HAL_NVIC_SetPriorityGrouping
 .text.HAL_NVIC_SetPriority
                0x000000000800169e       0x38 ./Drivers/STM32F3xx_HAL_Driver/Src/stm32f3xx_hal_cortex.o
                0x000000000800169e                HAL_NVIC_SetPriority
 .text.HAL_NVIC_EnableIRQ
                0x00000000080016d6       0x1c ./Drivers/STM32F3xx_HAL_Driver/Src/stm32f3xx_hal_cortex.o
                0x00000000080016d6                HAL_NVIC_EnableIRQ
 .text.HAL_SYSTICK_Config
                0x00000000080016f2       0x18 ./Drivers/STM32F3xx_HAL_Driver/Src/stm32f3xx_hal_cortex.o
                0x00000000080016f2                HAL_SYSTICK_Config
 *fill*         0x000000000800170a        0x2 
 .text.HAL_CRC_Init
                0x000000000800170c       0xc8 ./Drivers/STM32F3xx_HAL_Driver/Src/stm32f3xx_hal_crc.o
                0x000000000800170c                HAL_CRC_Init
 .text.HAL_CRCEx_Polynomial_Set
                0x00000000080017d4      0x10c ./Drivers/STM32F3xx_HAL_Driver/Src/stm32f3xx_hal_crc_ex.o
                0x00000000080017d4                HAL_CRCEx_Polynomial_Set
 .text.HAL_DAC_Init
                0x00000000080018e0       0x44 ./Drivers/STM32F3xx_HAL_Driver/Src/stm32f3xx_hal_dac.o
                0x00000000080018e0                HAL_DAC_Init
 .text.HAL_DAC_SetValue
                0x0000000008001924       0x4a ./Drivers/STM32F3xx_HAL_Driver/Src/stm32f3xx_hal_dac_ex.o
                0x0000000008001924                HAL_DAC_SetValue
 .text.HAL_DAC_Start
                0x000000000800196e       0x96 ./Drivers/STM32F3xx_HAL_Driver/Src/stm32f3xx_hal_dac_ex.o
                0x000000000800196e                HAL_DAC_Start
 .text.HAL_DAC_ConfigChannel
                0x0000000008001a04       0xd0 ./Drivers/STM32F3xx_HAL_Driver/Src/stm32f3xx_hal_dac_ex.o
                0x0000000008001a04                HAL_DAC_ConfigChannel
 .text.HAL_DMA_Init
                0x0000000008001ad4       0x8e ./Drivers/STM32F3xx_HAL_Driver/Src/stm32f3xx_hal_dma.o
                0x0000000008001ad4                HAL_DMA_Init
 .text.HAL_DMA_Start_IT
                0x0000000008001b62       0xbe ./Drivers/STM32F3xx_HAL_Driver/Src/stm32f3xx_hal_dma.o
                0x0000000008001b62                HAL_DMA_Start_IT
 .text.HAL_DMA_Abort
                0x0000000008001c20       0x72 ./Drivers/STM32F3xx_HAL_Driver/Src/stm32f3xx_hal_dma.o
                0x0000000008001c20                HAL_DMA_Abort
 .text.HAL_DMA_Abort_IT
                0x0000000008001c92       0x7c ./Drivers/STM32F3xx_HAL_Driver/Src/stm32f3xx_hal_dma.o
                0x0000000008001c92                HAL_DMA_Abort_IT
 .text.HAL_DMA_IRQHandler
                0x0000000008001d0e      0x146 ./Drivers/STM32F3xx_HAL_Driver/Src/stm32f3xx_hal_dma.o
                0x0000000008001d0e                HAL_DMA_IRQHandler
 .text.DMA_SetConfig
                0x0000000008001e54       0x5c ./Drivers/STM32F3xx_HAL_Driver/Src/stm32f3xx_hal_dma.o
 .text.DMA_CalcBaseAndBitshift
                0x0000000008001eb0       0x40 ./Drivers/STM32F3xx_HAL_Driver/Src/stm32f3xx_hal_dma.o
 .text.HAL_GPIO_Init
                0x0000000008001ef0      0x2e4 ./Drivers/STM32F3xx_HAL_Driver/Src/stm32f3xx_hal_gpio.o
                0x0000000008001ef0                HAL_GPIO_Init
 .text.HAL_GPIO_ReadPin
                0x00000000080021d4       0x30 ./Drivers/STM32F3xx_HAL_Driver/Src/stm32f3xx_hal_gpio.o
                0x00000000080021d4                HAL_GPIO_ReadPin
 .text.HAL_GPIO_WritePin
                0x0000000008002204       0x30 ./Drivers/STM32F3xx_HAL_Driver/Src/stm32f3xx_hal_gpio.o
                0x0000000008002204                HAL_GPIO_WritePin
 .text.HAL_GPIO_TogglePin
                0x0000000008002234       0x34 ./Drivers/STM32F3xx_HAL_Driver/Src/stm32f3xx_hal_gpio.o
                0x0000000008002234                HAL_GPIO_TogglePin
 .text.HAL_GPIO_EXTI_IRQHandler
                0x0000000008002268       0x30 ./Drivers/STM32F3xx_HAL_Driver/Src/stm32f3xx_hal_gpio.o
                0x0000000008002268                HAL_GPIO_EXTI_IRQHandler
 .text.HAL_GPIO_EXTI_Callback
                0x0000000008002298       0x16 ./Drivers/STM32F3xx_HAL_Driver/Src/stm32f3xx_hal_gpio.o
                0x0000000008002298                HAL_GPIO_EXTI_Callback
 *fill*         0x00000000080022ae        0x2 
 .text.HAL_RCC_OscConfig
                0x00000000080022b0     0x107c ./Drivers/STM32F3xx_HAL_Driver/Src/stm32f3xx_hal_rcc.o
                0x00000000080022b0                HAL_RCC_OscConfig
 .text.HAL_RCC_ClockConfig
                0x000000000800332c      0x2f8 ./Drivers/STM32F3xx_HAL_Driver/Src/stm32f3xx_hal_rcc.o
                0x000000000800332c                HAL_RCC_ClockConfig
 .text.HAL_RCC_GetSysClockFreq
                0x0000000008003624       0xd4 ./Drivers/STM32F3xx_HAL_Driver/Src/stm32f3xx_hal_rcc.o
                0x0000000008003624                HAL_RCC_GetSysClockFreq
 .text.HAL_RCC_GetHCLKFreq
                0x00000000080036f8       0x18 ./Drivers/STM32F3xx_HAL_Driver/Src/stm32f3xx_hal_rcc.o
                0x00000000080036f8                HAL_RCC_GetHCLKFreq
 .text.HAL_RCC_GetPCLK1Freq
                0x0000000008003710       0x44 ./Drivers/STM32F3xx_HAL_Driver/Src/stm32f3xx_hal_rcc.o
                0x0000000008003710                HAL_RCC_GetPCLK1Freq
 .text.HAL_RCC_GetPCLK2Freq
                0x0000000008003754       0x44 ./Drivers/STM32F3xx_HAL_Driver/Src/stm32f3xx_hal_rcc.o
                0x0000000008003754                HAL_RCC_GetPCLK2Freq
 .text.HAL_RCCEx_PeriphCLKConfig
                0x0000000008003798      0x26c ./Drivers/STM32F3xx_HAL_Driver/Src/stm32f3xx_hal_rcc_ex.o
                0x0000000008003798                HAL_RCCEx_PeriphCLKConfig
 .text.HAL_TIM_Base_Init
                0x0000000008003a04       0xae ./Drivers/STM32F3xx_HAL_Driver/Src/stm32f3xx_hal_tim.o
                0x0000000008003a04                HAL_TIM_Base_Init
 *fill*         0x0000000008003ab2        0x2 
 .text.HAL_TIM_Base_Start_IT
                0x0000000008003ab4       0xb8 ./Drivers/STM32F3xx_HAL_Driver/Src/stm32f3xx_hal_tim.o
                0x0000000008003ab4                HAL_TIM_Base_Start_IT
 .text.HAL_TIM_IRQHandler
                0x0000000008003b6c      0x23e ./Drivers/STM32F3xx_HAL_Driver/Src/stm32f3xx_hal_tim.o
                0x0000000008003b6c                HAL_TIM_IRQHandler
 .text.HAL_TIM_ConfigClockSource
                0x0000000008003daa      0x192 ./Drivers/STM32F3xx_HAL_Driver/Src/stm32f3xx_hal_tim.o
                0x0000000008003daa                HAL_TIM_ConfigClockSource
 .text.HAL_TIM_PeriodElapsedCallback
                0x0000000008003f3c       0x14 ./Drivers/STM32F3xx_HAL_Driver/Src/stm32f3xx_hal_tim.o
                0x0000000008003f3c                HAL_TIM_PeriodElapsedCallback
 .text.HAL_TIM_OC_DelayElapsedCallback
                0x0000000008003f50       0x14 ./Drivers/STM32F3xx_HAL_Driver/Src/stm32f3xx_hal_tim.o
                0x0000000008003f50                HAL_TIM_OC_DelayElapsedCallback
 .text.HAL_TIM_IC_CaptureCallback
                0x0000000008003f64       0x14 ./Drivers/STM32F3xx_HAL_Driver/Src/stm32f3xx_hal_tim.o
                0x0000000008003f64                HAL_TIM_IC_CaptureCallback
 .text.HAL_TIM_PWM_PulseFinishedCallback
                0x0000000008003f78       0x14 ./Drivers/STM32F3xx_HAL_Driver/Src/stm32f3xx_hal_tim.o
                0x0000000008003f78                HAL_TIM_PWM_PulseFinishedCallback
 .text.HAL_TIM_TriggerCallback
                0x0000000008003f8c       0x14 ./Drivers/STM32F3xx_HAL_Driver/Src/stm32f3xx_hal_tim.o
                0x0000000008003f8c                HAL_TIM_TriggerCallback
 .text.TIM_Base_SetConfig
                0x0000000008003fa0       0xf0 ./Drivers/STM32F3xx_HAL_Driver/Src/stm32f3xx_hal_tim.o
                0x0000000008003fa0                TIM_Base_SetConfig
 .text.TIM_TI1_ConfigInputStage
                0x0000000008004090       0x5e ./Drivers/STM32F3xx_HAL_Driver/Src/stm32f3xx_hal_tim.o
 .text.TIM_TI2_ConfigInputStage
                0x00000000080040ee       0x60 ./Drivers/STM32F3xx_HAL_Driver/Src/stm32f3xx_hal_tim.o
 .text.TIM_ITRx_SetConfig
                0x000000000800414e       0x36 ./Drivers/STM32F3xx_HAL_Driver/Src/stm32f3xx_hal_tim.o
 .text.TIM_ETR_SetConfig
                0x0000000008004184       0x40 ./Drivers/STM32F3xx_HAL_Driver/Src/stm32f3xx_hal_tim.o
                0x0000000008004184                TIM_ETR_SetConfig
 .text.HAL_TIMEx_MasterConfigSynchronization
                0x00000000080041c4       0xdc ./Drivers/STM32F3xx_HAL_Driver/Src/stm32f3xx_hal_tim_ex.o
                0x00000000080041c4                HAL_TIMEx_MasterConfigSynchronization
 .text.HAL_TIMEx_CommutCallback
                0x00000000080042a0       0x14 ./Drivers/STM32F3xx_HAL_Driver/Src/stm32f3xx_hal_tim_ex.o
                0x00000000080042a0                HAL_TIMEx_CommutCallback
 .text.HAL_TIMEx_BreakCallback
                0x00000000080042b4       0x14 ./Drivers/STM32F3xx_HAL_Driver/Src/stm32f3xx_hal_tim_ex.o
                0x00000000080042b4                HAL_TIMEx_BreakCallback
 .text.HAL_TIMEx_Break2Callback
                0x00000000080042c8       0x14 ./Drivers/STM32F3xx_HAL_Driver/Src/stm32f3xx_hal_tim_ex.o
                0x00000000080042c8                HAL_TIMEx_Break2Callback
 .text.HAL_UART_Init
                0x00000000080042dc       0x9c ./Drivers/STM32F3xx_HAL_Driver/Src/stm32f3xx_hal_uart.o
                0x00000000080042dc                HAL_UART_Init
 .text.HAL_UART_Transmit
                0x0000000008004378      0x128 ./Drivers/STM32F3xx_HAL_Driver/Src/stm32f3xx_hal_uart.o
                0x0000000008004378                HAL_UART_Transmit
 .text.HAL_UART_Receive_IT
                0x00000000080044a0       0x9c ./Drivers/STM32F3xx_HAL_Driver/Src/stm32f3xx_hal_uart.o
                0x00000000080044a0                HAL_UART_Receive_IT
 .text.HAL_UART_IRQHandler
                0x000000000800453c      0x5bc ./Drivers/STM32F3xx_HAL_Driver/Src/stm32f3xx_hal_uart.o
                0x000000000800453c                HAL_UART_IRQHandler
 .text.HAL_UART_TxCpltCallback
                0x0000000008004af8       0x14 ./Drivers/STM32F3xx_HAL_Driver/Src/stm32f3xx_hal_uart.o
                0x0000000008004af8                HAL_UART_TxCpltCallback
 .text.HAL_UART_RxCpltCallback
                0x0000000008004b0c       0x14 ./Drivers/STM32F3xx_HAL_Driver/Src/stm32f3xx_hal_uart.o
                0x0000000008004b0c                HAL_UART_RxCpltCallback
 .text.HAL_UART_ErrorCallback
                0x0000000008004b20       0x14 ./Drivers/STM32F3xx_HAL_Driver/Src/stm32f3xx_hal_uart.o
                0x0000000008004b20                HAL_UART_ErrorCallback
 .text.HAL_UARTEx_RxEventCallback
                0x0000000008004b34       0x18 ./Drivers/STM32F3xx_HAL_Driver/Src/stm32f3xx_hal_uart.o
                0x0000000008004b34                HAL_UARTEx_RxEventCallback
 .text.UART_SetConfig
                0x0000000008004b4c      0x26c ./Drivers/STM32F3xx_HAL_Driver/Src/stm32f3xx_hal_uart.o
                0x0000000008004b4c                UART_SetConfig
 .text.UART_AdvFeatureConfig
                0x0000000008004db8      0x144 ./Drivers/STM32F3xx_HAL_Driver/Src/stm32f3xx_hal_uart.o
                0x0000000008004db8                UART_AdvFeatureConfig
 .text.UART_CheckIdleState
                0x0000000008004efc       0x92 ./Drivers/STM32F3xx_HAL_Driver/Src/stm32f3xx_hal_uart.o
                0x0000000008004efc                UART_CheckIdleState
 .text.UART_WaitOnFlagUntilTimeout
                0x0000000008004f8e      0x188 ./Drivers/STM32F3xx_HAL_Driver/Src/stm32f3xx_hal_uart.o
                0x0000000008004f8e                UART_WaitOnFlagUntilTimeout
 *fill*         0x0000000008005116        0x2 
 .text.UART_Start_Receive_IT
                0x0000000008005118      0x158 ./Drivers/STM32F3xx_HAL_Driver/Src/stm32f3xx_hal_uart.o
                0x0000000008005118                UART_Start_Receive_IT
 .text.UART_EndRxTransfer
                0x0000000008005270       0xc6 ./Drivers/STM32F3xx_HAL_Driver/Src/stm32f3xx_hal_uart.o
 .text.UART_DMAAbortOnError
                0x0000000008005336       0x2c ./Drivers/STM32F3xx_HAL_Driver/Src/stm32f3xx_hal_uart.o
 .text.UART_EndTransmit_IT
                0x0000000008005362       0x54 ./Drivers/STM32F3xx_HAL_Driver/Src/stm32f3xx_hal_uart.o
 .text.UART_RxISR_8BIT
                0x00000000080053b6      0x15c ./Drivers/STM32F3xx_HAL_Driver/Src/stm32f3xx_hal_uart.o
 .text.UART_RxISR_16BIT
                0x0000000008005512      0x15c ./Drivers/STM32F3xx_HAL_Driver/Src/stm32f3xx_hal_uart.o
 .text.HAL_UARTEx_WakeupCallback
                0x000000000800566e       0x14 ./Drivers/STM32F3xx_HAL_Driver/Src/stm32f3xx_hal_uart_ex.o
                0x000000000800566e                HAL_UARTEx_WakeupCallback
 *fill*         0x0000000008005682        0x2 
 .text.main     0x0000000008005684      0xa74 ./Src/main.o
                0x0000000008005684                main
 .text.SystemClock_Config
                0x00000000080060f8       0xba ./Src/main.o
                0x00000000080060f8                SystemClock_Config
 *fill*         0x00000000080061b2        0x2 
 .text.MX_ADC1_Init
                0x00000000080061b4      0x118 ./Src/main.o
 .text.MX_ADC2_Init
                0x00000000080062cc       0xd8 ./Src/main.o
 .text.MX_CAN_Init
                0x00000000080063a4       0x6c ./Src/main.o
 .text.MX_CRC_Init
                0x0000000008006410       0x44 ./Src/main.o
 .text.MX_DAC1_Init
                0x0000000008006454       0x70 ./Src/main.o
 .text.MX_TIM1_Init
                0x00000000080064c4       0xa8 ./Src/main.o
 .text.MX_USART2_UART_Init
                0x000000000800656c       0x60 ./Src/main.o
 .text.MX_DMA_Init
                0x00000000080065cc       0x4c ./Src/main.o
 .text.MX_GPIO_Init
                0x0000000008006618      0x138 ./Src/main.o
 .text.i2s      0x0000000008006750       0xc0 ./Src/main.o
                0x0000000008006750                i2s
 .text.Error_Handler
                0x0000000008006810        0xa ./Src/main.o
                0x0000000008006810                Error_Handler
 *fill*         0x000000000800681a        0x2 
 .text.HAL_MspInit
                0x000000000800681c       0x48 ./Src/stm32f3xx_hal_msp.o
                0x000000000800681c                HAL_MspInit
 .text.HAL_ADC_MspInit
                0x0000000008006864      0x1ac ./Src/stm32f3xx_hal_msp.o
                0x0000000008006864                HAL_ADC_MspInit
 .text.HAL_CAN_MspInit
                0x0000000008006a10       0x88 ./Src/stm32f3xx_hal_msp.o
                0x0000000008006a10                HAL_CAN_MspInit
 .text.HAL_CRC_MspInit
                0x0000000008006a98       0x40 ./Src/stm32f3xx_hal_msp.o
                0x0000000008006a98                HAL_CRC_MspInit
 .text.HAL_DAC_MspInit
                0x0000000008006ad8       0x7c ./Src/stm32f3xx_hal_msp.o
                0x0000000008006ad8                HAL_DAC_MspInit
 .text.HAL_TIM_Base_MspInit
                0x0000000008006b54       0x4c ./Src/stm32f3xx_hal_msp.o
                0x0000000008006b54                HAL_TIM_Base_MspInit
 .text.HAL_UART_MspInit
                0x0000000008006ba0       0x98 ./Src/stm32f3xx_hal_msp.o
                0x0000000008006ba0                HAL_UART_MspInit
 .text.SysTick_Handler
                0x0000000008006c38        0xc ./Src/stm32f3xx_it.o
                0x0000000008006c38                SysTick_Handler
 .text.DMA1_Channel1_IRQHandler
                0x0000000008006c44       0x14 ./Src/stm32f3xx_it.o
                0x0000000008006c44                DMA1_Channel1_IRQHandler
 .text.DMA1_Channel2_IRQHandler
                0x0000000008006c58       0x14 ./Src/stm32f3xx_it.o
                0x0000000008006c58                DMA1_Channel2_IRQHandler
 .text.EXTI9_5_IRQHandler
                0x0000000008006c6c       0x20 ./Src/stm32f3xx_it.o
                0x0000000008006c6c                EXTI9_5_IRQHandler
 .text.TIM1_UP_TIM16_IRQHandler
                0x0000000008006c8c      0x138 ./Src/stm32f3xx_it.o
                0x0000000008006c8c                TIM1_UP_TIM16_IRQHandler
 .text.USART2_IRQHandler
                0x0000000008006dc4       0xf8 ./Src/stm32f3xx_it.o
                0x0000000008006dc4                USART2_IRQHandler
 .text.EXTI15_10_IRQHandler
                0x0000000008006ebc       0x20 ./Src/stm32f3xx_it.o
                0x0000000008006ebc                EXTI15_10_IRQHandler
 .text.SystemInit
                0x0000000008006edc       0x24 ./Src/system_stm32f3xx.o
                0x0000000008006edc                SystemInit
 .text.Reset_Handler
                0x0000000008006f00       0x50 ./Startup/startup_stm32f334r8tx.o
                0x0000000008006f00                Reset_Handler
 .text.Default_Handler
                0x0000000008006f50        0x2 ./Startup/startup_stm32f334r8tx.o
                0x0000000008006f50                RTC_Alarm_IRQHandler
                0x0000000008006f50                HRTIM1_Master_IRQHandler
                0x0000000008006f50                DebugMon_Handler
                0x0000000008006f50                TIM1_CC_IRQHandler
                0x0000000008006f50                HardFault_Handler
                0x0000000008006f50                HRTIM1_FLT_IRQHandler
                0x0000000008006f50                PVD_IRQHandler
                0x0000000008006f50                HRTIM1_TIMD_IRQHandler
                0x0000000008006f50                TAMP_STAMP_IRQHandler
                0x0000000008006f50                PendSV_Handler
                0x0000000008006f50                NMI_Handler
                0x0000000008006f50                EXTI3_IRQHandler
                0x0000000008006f50                EXTI0_IRQHandler
                0x0000000008006f50                FPU_IRQHandler
                0x0000000008006f50                CAN_TX_IRQHandler
                0x0000000008006f50                UsageFault_Handler
                0x0000000008006f50                ADC1_2_IRQHandler
                0x0000000008006f50                HRTIM1_TIME_IRQHandler
                0x0000000008006f50                SPI1_IRQHandler
                0x0000000008006f50                CAN_SCE_IRQHandler
                0x0000000008006f50                HRTIM1_TIMC_IRQHandler
                0x0000000008006f50                DMA1_Channel4_IRQHandler
                0x0000000008006f50                USART3_IRQHandler
                0x0000000008006f50                DMA1_Channel7_IRQHandler
                0x0000000008006f50                TIM7_DAC2_IRQHandler
                0x0000000008006f50                CAN_RX1_IRQHandler
                0x0000000008006f50                I2C1_EV_IRQHandler
                0x0000000008006f50                DMA1_Channel6_IRQHandler
                0x0000000008006f50                TIM3_IRQHandler
                0x0000000008006f50                RCC_IRQHandler
                0x0000000008006f50                Default_Handler
                0x0000000008006f50                COMP2_IRQHandler
                0x0000000008006f50                HRTIM1_TIMA_IRQHandler
                0x0000000008006f50                TIM6_DAC1_IRQHandler
                0x0000000008006f50                RTC_WKUP_IRQHandler
                0x0000000008006f50                MemManage_Handler
                0x0000000008006f50                SVC_Handler
                0x0000000008006f50                DMA1_Channel5_IRQHandler
                0x0000000008006f50                EXTI4_IRQHandler
                0x0000000008006f50                HRTIM1_TIMB_IRQHandler
                0x0000000008006f50                TIM1_TRG_COM_TIM17_IRQHandler
                0x0000000008006f50                DMA1_Channel3_IRQHandler
                0x0000000008006f50                WWDG_IRQHandler
                0x0000000008006f50                TIM2_IRQHandler
                0x0000000008006f50                EXTI1_IRQHandler
                0x0000000008006f50                COMP4_6_IRQHandler
                0x0000000008006f50                FLASH_IRQHandler
                0x0000000008006f50                BusFault_Handler
                0x0000000008006f50                USART1_IRQHandler
                0x0000000008006f50                CAN_RX0_IRQHandler
                0x0000000008006f50                I2C1_ER_IRQHandler
                0x0000000008006f50                EXTI2_TSC_IRQHandler
                0x0000000008006f50                TIM1_BRK_TIM15_IRQHandler
 *fill*         0x0000000008006f52        0x2 
 .text.__libc_init_array
                0x0000000008006f54       0x48 d:/st/stm32cubeide_1.9.0/stm32cubeide/plugins/com.st.stm32cube.ide.mcu.externaltools.gnu-tools-for-stm32.10.3-2021.10.win32_1.0.0.202111181127/tools/bin/../lib/gcc/arm-none-eabi/10.3.1/../../../../arm-none-eabi/lib/thumb/v7e-m+fp/hard\libc_nano.a(lib_a-init.o)
                0x0000000008006f54                __libc_init_array
 .text.memset   0x0000000008006f9c       0x10 d:/st/stm32cubeide_1.9.0/stm32cubeide/plugins/com.st.stm32cube.ide.mcu.externaltools.gnu-tools-for-stm32.10.3-2021.10.win32_1.0.0.202111181127/tools/bin/../lib/gcc/arm-none-eabi/10.3.1/../../../../arm-none-eabi/lib/thumb/v7e-m+fp/hard\libc_nano.a(lib_a-memset.o)
                0x0000000008006f9c                memset
 *(.glue_7)
 .glue_7        0x0000000008006fac        0x0 linker stubs
 *(.glue_7t)
 .glue_7t       0x0000000008006fac        0x0 linker stubs
 *(.eh_frame)
 .eh_frame      0x0000000008006fac        0x0 d:/st/stm32cubeide_1.9.0/stm32cubeide/plugins/com.st.stm32cube.ide.mcu.externaltools.gnu-tools-for-stm32.10.3-2021.10.win32_1.0.0.202111181127/tools/bin/../lib/gcc/arm-none-eabi/10.3.1/thumb/v7e-m+fp/hard/crtbegin.o
 *(.init)
 .init          0x0000000008006fac        0x4 d:/st/stm32cubeide_1.9.0/stm32cubeide/plugins/com.st.stm32cube.ide.mcu.externaltools.gnu-tools-for-stm32.10.3-2021.10.win32_1.0.0.202111181127/tools/bin/../lib/gcc/arm-none-eabi/10.3.1/thumb/v7e-m+fp/hard/crti.o
                0x0000000008006fac                _init
 .init          0x0000000008006fb0        0x8 d:/st/stm32cubeide_1.9.0/stm32cubeide/plugins/com.st.stm32cube.ide.mcu.externaltools.gnu-tools-for-stm32.10.3-2021.10.win32_1.0.0.202111181127/tools/bin/../lib/gcc/arm-none-eabi/10.3.1/thumb/v7e-m+fp/hard/crtn.o
 *(.fini)
 .fini          0x0000000008006fb8        0x4 d:/st/stm32cubeide_1.9.0/stm32cubeide/plugins/com.st.stm32cube.ide.mcu.externaltools.gnu-tools-for-stm32.10.3-2021.10.win32_1.0.0.202111181127/tools/bin/../lib/gcc/arm-none-eabi/10.3.1/thumb/v7e-m+fp/hard/crti.o
                0x0000000008006fb8                _fini
 .fini          0x0000000008006fbc        0x8 d:/st/stm32cubeide_1.9.0/stm32cubeide/plugins/com.st.stm32cube.ide.mcu.externaltools.gnu-tools-for-stm32.10.3-2021.10.win32_1.0.0.202111181127/tools/bin/../lib/gcc/arm-none-eabi/10.3.1/thumb/v7e-m+fp/hard/crtn.o
                0x0000000008006fc4                . = ALIGN (0x4)
                0x0000000008006fc4                _etext = .

.vfp11_veneer   0x0000000008006fc4        0x0
 .vfp11_veneer  0x0000000008006fc4        0x0 linker stubs

.v4_bx          0x0000000008006fc4        0x0
 .v4_bx         0x0000000008006fc4        0x0 linker stubs

.iplt           0x0000000008006fc4        0x0
 .iplt          0x0000000008006fc4        0x0 d:/st/stm32cubeide_1.9.0/stm32cubeide/plugins/com.st.stm32cube.ide.mcu.externaltools.gnu-tools-for-stm32.10.3-2021.10.win32_1.0.0.202111181127/tools/bin/../lib/gcc/arm-none-eabi/10.3.1/thumb/v7e-m+fp/hard/crtbegin.o

.rodata         0x0000000008006fc4       0x38
                0x0000000008006fc4                . = ALIGN (0x4)
 *(.rodata)
 *(.rodata*)
 .rodata.aPLLMULFactorTable
                0x0000000008006fc4       0x10 ./Drivers/STM32F3xx_HAL_Driver/Src/stm32f3xx_hal_rcc.o
                0x0000000008006fc4                aPLLMULFactorTable
 .rodata.aPredivFactorTable
                0x0000000008006fd4       0x10 ./Drivers/STM32F3xx_HAL_Driver/Src/stm32f3xx_hal_rcc.o
                0x0000000008006fd4                aPredivFactorTable
 .rodata.AHBPrescTable
                0x0000000008006fe4       0x10 ./Src/system_stm32f3xx.o
                0x0000000008006fe4                AHBPrescTable
 .rodata.APBPrescTable
                0x0000000008006ff4        0x8 ./Src/system_stm32f3xx.o
                0x0000000008006ff4                APBPrescTable
                0x0000000008006ffc                . = ALIGN (0x4)

.rel.dyn        0x0000000008006ffc        0x0
 .rel.iplt      0x0000000008006ffc        0x0 d:/st/stm32cubeide_1.9.0/stm32cubeide/plugins/com.st.stm32cube.ide.mcu.externaltools.gnu-tools-for-stm32.10.3-2021.10.win32_1.0.0.202111181127/tools/bin/../lib/gcc/arm-none-eabi/10.3.1/thumb/v7e-m+fp/hard/crtbegin.o

.ARM.extab      0x0000000008006ffc        0x0
                0x0000000008006ffc                . = ALIGN (0x4)
 *(.ARM.extab* .gnu.linkonce.armextab.*)
                0x0000000008006ffc                . = ALIGN (0x4)

.ARM            0x0000000008006ffc        0x0
                0x0000000008006ffc                . = ALIGN (0x4)
                0x0000000008006ffc                __exidx_start = .
 *(.ARM.exidx*)
                0x0000000008006ffc                __exidx_end = .
                0x0000000008006ffc                . = ALIGN (0x4)

.preinit_array  0x0000000008006ffc        0x0
                0x0000000008006ffc                . = ALIGN (0x4)
                0x0000000008006ffc                PROVIDE (__preinit_array_start = .)
 *(.preinit_array*)
                0x0000000008006ffc                PROVIDE (__preinit_array_end = .)
                0x0000000008006ffc                . = ALIGN (0x4)

.init_array     0x0000000008006ffc        0x4
                0x0000000008006ffc                . = ALIGN (0x4)
                0x0000000008006ffc                PROVIDE (__init_array_start = .)
 *(SORT_BY_NAME(.init_array.*))
 *(.init_array*)
 .init_array    0x0000000008006ffc        0x4 d:/st/stm32cubeide_1.9.0/stm32cubeide/plugins/com.st.stm32cube.ide.mcu.externaltools.gnu-tools-for-stm32.10.3-2021.10.win32_1.0.0.202111181127/tools/bin/../lib/gcc/arm-none-eabi/10.3.1/thumb/v7e-m+fp/hard/crtbegin.o
                0x0000000008007000                PROVIDE (__init_array_end = .)
                0x0000000008007000                . = ALIGN (0x4)

.fini_array     0x0000000008007000        0x4
                0x0000000008007000                . = ALIGN (0x4)
                [!provide]                        PROVIDE (__fini_array_start = .)
 *(SORT_BY_NAME(.fini_array.*))
 *(.fini_array*)
 .fini_array    0x0000000008007000        0x4 d:/st/stm32cubeide_1.9.0/stm32cubeide/plugins/com.st.stm32cube.ide.mcu.externaltools.gnu-tools-for-stm32.10.3-2021.10.win32_1.0.0.202111181127/tools/bin/../lib/gcc/arm-none-eabi/10.3.1/thumb/v7e-m+fp/hard/crtbegin.o
                [!provide]                        PROVIDE (__fini_array_end = .)
                0x0000000008007004                . = ALIGN (0x4)
                0x0000000008007004                _sidata = LOADADDR (.data)

.data           0x0000000020000000       0x24 load address 0x0000000008007004
                0x0000000020000000                . = ALIGN (0x4)
                0x0000000020000000                _sdata = .
 *(.data)
 *(.data*)
 .data.uwTickPrio
                0x0000000020000000        0x4 ./Drivers/STM32F3xx_HAL_Driver/Src/stm32f3xx_hal.o
                0x0000000020000000                uwTickPrio
 .data.uwTickFreq
                0x0000000020000004        0x1 ./Drivers/STM32F3xx_HAL_Driver/Src/stm32f3xx_hal.o
                0x0000000020000004                uwTickFreq
 .data.state    0x0000000020000005        0x1 ./Src/main.o
                0x0000000020000005                state
 *fill*         0x0000000020000006        0x2 
 .data.sent_data
                0x0000000020000008       0x10 ./Src/main.o
                0x0000000020000008                sent_data
 .data.Current_Calibration_Coefficient
                0x0000000020000018        0x4 ./Src/main.o
                0x0000000020000018                Current_Calibration_Coefficient
 .data.Voltage_Calibration_Coefficient
                0x000000002000001c        0x4 ./Src/main.o
                0x000000002000001c                Voltage_Calibration_Coefficient
 .data.SystemCoreClock
                0x0000000020000020        0x4 ./Src/system_stm32f3xx.o
                0x0000000020000020                SystemCoreClock
 *(.RamFunc)
 *(.RamFunc*)
                0x0000000020000024                . = ALIGN (0x4)
                0x0000000020000024                _edata = .
                0x0000000008007028                _siccmram = LOADADDR (.ccmram)

.igot.plt       0x0000000020000024        0x0 load address 0x0000000008007028
 .igot.plt      0x0000000020000024        0x0 d:/st/stm32cubeide_1.9.0/stm32cubeide/plugins/com.st.stm32cube.ide.mcu.externaltools.gnu-tools-for-stm32.10.3-2021.10.win32_1.0.0.202111181127/tools/bin/../lib/gcc/arm-none-eabi/10.3.1/thumb/v7e-m+fp/hard/crtbegin.o

.ccmram         0x0000000010000000        0x0 load address 0x0000000008007028
                0x0000000010000000                . = ALIGN (0x4)
                0x0000000010000000                _sccmram = .
 *(.ccmram)
 *(.ccmram*)
                0x0000000010000000                . = ALIGN (0x4)
                0x0000000010000000                _eccmram = .
                0x0000000010000000                . = ALIGN (0x4)

.bss            0x0000000020000024      0x360
                0x0000000020000024                _sbss = .
                0x0000000020000024                __bss_start__ = _sbss
 *(.bss)
 .bss           0x0000000020000024       0x1c d:/st/stm32cubeide_1.9.0/stm32cubeide/plugins/com.st.stm32cube.ide.mcu.externaltools.gnu-tools-for-stm32.10.3-2021.10.win32_1.0.0.202111181127/tools/bin/../lib/gcc/arm-none-eabi/10.3.1/thumb/v7e-m+fp/hard/crtbegin.o
 *(.bss*)
 .bss.uwTick    0x0000000020000040        0x4 ./Drivers/STM32F3xx_HAL_Driver/Src/stm32f3xx_hal.o
                0x0000000020000040                uwTick
 .bss.hadc1     0x0000000020000044       0x50 ./Src/main.o
                0x0000000020000044                hadc1
 .bss.hadc2     0x0000000020000094       0x50 ./Src/main.o
                0x0000000020000094                hadc2
 .bss.hdma_adc1
                0x00000000200000e4       0x44 ./Src/main.o
                0x00000000200000e4                hdma_adc1
 .bss.hdma_adc2
                0x0000000020000128       0x44 ./Src/main.o
                0x0000000020000128                hdma_adc2
 .bss.hcan      0x000000002000016c       0x28 ./Src/main.o
                0x000000002000016c                hcan
 .bss.hcrc      0x0000000020000194       0x24 ./Src/main.o
                0x0000000020000194                hcrc
 .bss.hdac1     0x00000000200001b8       0x14 ./Src/main.o
                0x00000000200001b8                hdac1
 .bss.htim1     0x00000000200001cc       0x4c ./Src/main.o
                0x00000000200001cc                htim1
 .bss.huart2    0x0000000020000218       0x84 ./Src/main.o
                0x0000000020000218                huart2
 .bss.buffer_usart
                0x000000002000029c        0xd ./Src/main.o
                0x000000002000029c                buffer_usart
 *fill*         0x00000000200002a9        0x3 
 .bss.rec_D     0x00000000200002ac        0x1 ./Src/main.o
                0x00000000200002ac                rec_D
 .bss.cn1       0x00000000200002ad        0x1 ./Src/main.o
                0x00000000200002ad                cn1
 .bss.Enable_HC
                0x00000000200002ae        0x1 ./Src/main.o
                0x00000000200002ae                Enable_HC
 .bss.ii        0x00000000200002af        0x1 ./Src/main.o
                0x00000000200002af                ii
 .bss.jj        0x00000000200002b0        0x1 ./Src/main.o
                0x00000000200002b0                jj
 .bss.kk        0x00000000200002b1        0x1 ./Src/main.o
                0x00000000200002b1                kk
 .bss.Avg_Cnt1  0x00000000200002b2        0x1 ./Src/main.o
                0x00000000200002b2                Avg_Cnt1
 .bss.Avg_Cnt2  0x00000000200002b3        0x1 ./Src/main.o
                0x00000000200002b3                Avg_Cnt2
 .bss.Avg_Cnt3  0x00000000200002b4        0x1 ./Src/main.o
                0x00000000200002b4                Avg_Cnt3
 *fill*         0x00000000200002b5        0x3 
 .bss.ADC_Calibration_Factor_1
                0x00000000200002b8        0x4 ./Src/main.o
                0x00000000200002b8                ADC_Calibration_Factor_1
 .bss.ADC_Calibration_Factor_2
                0x00000000200002bc        0x4 ./Src/main.o
                0x00000000200002bc                ADC_Calibration_Factor_2
 .bss.ADC_Buffer
                0x00000000200002c0       0x14 ./Src/main.o
                0x00000000200002c0                ADC_Buffer
 .bss.ADC_Buffer_2
                0x00000000200002d4       0x14 ./Src/main.o
                0x00000000200002d4                ADC_Buffer_2
 .bss.Current_Limit
                0x00000000200002e8        0x2 ./Src/main.o
                0x00000000200002e8                Current_Limit
 .bss.Voltage_Limit
                0x00000000200002ea        0x2 ./Src/main.o
                0x00000000200002ea                Voltage_Limit
 .bss.Power_Limit
                0x00000000200002ec        0x2 ./Src/main.o
                0x00000000200002ec                Power_Limit
 *fill*         0x00000000200002ee        0x2 
 .bss.Read_Current
                0x00000000200002f0        0x5 ./Src/main.o
                0x00000000200002f0                Read_Current
 *fill*         0x00000000200002f5        0x3 
 .bss.Read_Voltage
                0x00000000200002f8        0x5 ./Src/main.o
                0x00000000200002f8                Read_Voltage
 *fill*         0x00000000200002fd        0x3 
 .bss.ADC0_Buffer_Sum
                0x0000000020000300        0x4 ./Src/main.o
                0x0000000020000300                ADC0_Buffer_Sum
 .bss.Averaged_ADC0_Buffer
                0x0000000020000304        0x4 ./Src/main.o
                0x0000000020000304                Averaged_ADC0_Buffer
 .bss.Moving_Average_Buffer_Current
                0x0000000020000308        0x4 ./Src/main.o
                0x0000000020000308                Moving_Average_Buffer_Current
 .bss.ADC1_Buffer_Sum
                0x000000002000030c        0x4 ./Src/main.o
                0x000000002000030c                ADC1_Buffer_Sum
 .bss.Averaged_ADC1_Buffer
                0x0000000020000310        0x4 ./Src/main.o
                0x0000000020000310                Averaged_ADC1_Buffer
 .bss.Moving_Average_Buffer_Voltage
                0x0000000020000314        0x4 ./Src/main.o
                0x0000000020000314                Moving_Average_Buffer_Voltage
 .bss.Power_Buffer
                0x0000000020000318        0x4 ./Src/main.o
                0x0000000020000318                Power_Buffer
 .bss.Averaged_Power
                0x000000002000031c        0x4 ./Src/main.o
                0x000000002000031c                Averaged_Power
 .bss.Moving_Average_Power
                0x0000000020000320        0x4 ./Src/main.o
                0x0000000020000320                Moving_Average_Power
 .bss.Output_Power
                0x0000000020000324        0x4 ./Src/main.o
                0x0000000020000324                Output_Power
 .bss.Pout      0x0000000020000328        0x4 ./Src/main.o
                0x0000000020000328                Pout
 .bss.Iout_NotCalibrated
                0x000000002000032c        0x4 ./Src/main.o
                0x000000002000032c                Iout_NotCalibrated
 .bss.Iout      0x0000000020000330        0x4 ./Src/main.o
                0x0000000020000330                Iout
 .bss.Current_Calibration_Offset
                0x0000000020000334        0x4 ./Src/main.o
                0x0000000020000334                Current_Calibration_Offset
 .bss.Vout_NotCalibrated
                0x0000000020000338        0x4 ./Src/main.o
                0x0000000020000338                Vout_NotCalibrated
 .bss.Vout      0x000000002000033c        0x4 ./Src/main.o
                0x000000002000033c                Vout
 .bss.Voltage_Calibration_Offset
                0x0000000020000340        0x4 ./Src/main.o
                0x0000000020000340                Voltage_Calibration_Offset
 .bss.Voltage_SP
                0x0000000020000344        0x4 ./Src/main.o
                0x0000000020000344                Voltage_SP
 .bss.Voltage_Setpoint
                0x0000000020000348        0x4 ./Src/main.o
                0x0000000020000348                Voltage_Setpoint
 .bss.Current_SP
                0x000000002000034c        0x4 ./Src/main.o
                0x000000002000034c                Current_SP
 .bss.Current_Setpoint
                0x0000000020000350        0x4 ./Src/main.o
                0x0000000020000350                Current_Setpoint
 .bss.DC_OK     0x0000000020000354        0x1 ./Src/main.o
                0x0000000020000354                DC_OK
 .bss.PFC_OK    0x0000000020000355        0x1 ./Src/main.o
                0x0000000020000355                PFC_OK
 .bss.Inrush_OK
                0x0000000020000356        0x1 ./Src/main.o
                0x0000000020000356                Inrush_OK
 *fill*         0x0000000020000357        0x1 
 .bss.DC_OK_Cnt
                0x0000000020000358        0x4 ./Src/main.o
                0x0000000020000358                DC_OK_Cnt
 .bss.PFC_Cnt   0x000000002000035c        0x4 ./Src/main.o
                0x000000002000035c                PFC_Cnt
 .bss.Inrush_Cnt
                0x0000000020000360        0x4 ./Src/main.o
                0x0000000020000360                Inrush_Cnt
 .bss.Heatsink_Overheat
                0x0000000020000364        0x2 ./Src/main.o
                0x0000000020000364                Heatsink_Overheat
 .bss.Trans_Overheat
                0x0000000020000366        0x2 ./Src/main.o
                0x0000000020000366                Trans_Overheat
 .bss.tacho1    0x0000000020000368        0x2 ./Src/main.o
                0x0000000020000368                tacho1
 .bss.tacho2    0x000000002000036a        0x2 ./Src/main.o
                0x000000002000036a                tacho2
 .bss.Fan_Timer
                0x000000002000036c        0x2 ./Src/main.o
                0x000000002000036c                Fan_Timer
 .bss.Fan_Timer_Enable
                0x000000002000036e        0x2 ./Src/main.o
                0x000000002000036e                Fan_Timer_Enable
 .bss.tacho1_Backup
                0x0000000020000370        0x2 ./Src/main.o
                0x0000000020000370                tacho1_Backup
 .bss.tacho2_Backup
                0x0000000020000372        0x2 ./Src/main.o
                0x0000000020000372                tacho2_Backup
 .bss.tacho1_Disable
                0x0000000020000374        0x2 ./Src/main.o
                0x0000000020000374                tacho1_Disable
 .bss.tacho2_Disable
                0x0000000020000376        0x2 ./Src/main.o
                0x0000000020000376                tacho2_Disable
 .bss.Usart_Counter
                0x0000000020000378        0x2 ./Src/main.o
                0x0000000020000378                Usart_Counter
 .bss.Com_Failure
                0x000000002000037a        0x2 ./Src/main.o
                0x000000002000037a                Com_Failure
 .bss.HAL_RCC_ADC12_CLK_ENABLED
                0x000000002000037c        0x4 ./Src/stm32f3xx_hal_msp.o
 .bss.index_usart
                0x0000000020000380        0x1 ./Src/stm32f3xx_it.o
                0x0000000020000380                index_usart
 .bss.rcv_flg   0x0000000020000381        0x1 ./Src/stm32f3xx_it.o
                0x0000000020000381                rcv_flg
 *(COMMON)
                0x0000000020000384                . = ALIGN (0x4)
 *fill*         0x0000000020000382        0x2 
                0x0000000020000384                _ebss = .
                0x0000000020000384                __bss_end__ = _ebss

._user_heap_stack
                0x0000000020000384      0x604
                0x0000000020000388                . = ALIGN (0x8)
 *fill*         0x0000000020000384        0x4 
                [!provide]                        PROVIDE (end = .)
                0x0000000020000388                PROVIDE (_end = .)
                0x0000000020000588                . = (. + _Min_Heap_Size)
 *fill*         0x0000000020000388      0x200 
                0x0000000020000988                . = (. + _Min_Stack_Size)
 *fill*         0x0000000020000588      0x400 
                0x0000000020000988                . = ALIGN (0x8)

/DISCARD/
 libc.a(*)
 libm.a(*)
 libgcc.a(*)

.ARM.attributes
                0x0000000000000000       0x30
 *(.ARM.attributes)
 .ARM.attributes
                0x0000000000000000       0x1e d:/st/stm32cubeide_1.9.0/stm32cubeide/plugins/com.st.stm32cube.ide.mcu.externaltools.gnu-tools-for-stm32.10.3-2021.10.win32_1.0.0.202111181127/tools/bin/../lib/gcc/arm-none-eabi/10.3.1/thumb/v7e-m+fp/hard/crti.o
 .ARM.attributes
                0x000000000000001e       0x34 d:/st/stm32cubeide_1.9.0/stm32cubeide/plugins/com.st.stm32cube.ide.mcu.externaltools.gnu-tools-for-stm32.10.3-2021.10.win32_1.0.0.202111181127/tools/bin/../lib/gcc/arm-none-eabi/10.3.1/thumb/v7e-m+fp/hard/crtbegin.o
 .ARM.attributes
                0x0000000000000052       0x34 ./Drivers/STM32F3xx_HAL_Driver/Src/stm32f3xx_hal.o
 .ARM.attributes
                0x0000000000000086       0x34 ./Drivers/STM32F3xx_HAL_Driver/Src/stm32f3xx_hal_adc.o
 .ARM.attributes
                0x00000000000000ba       0x34 ./Drivers/STM32F3xx_HAL_Driver/Src/stm32f3xx_hal_adc_ex.o
 .ARM.attributes
                0x00000000000000ee       0x34 ./Drivers/STM32F3xx_HAL_Driver/Src/stm32f3xx_hal_can.o
 .ARM.attributes
                0x0000000000000122       0x34 ./Drivers/STM32F3xx_HAL_Driver/Src/stm32f3xx_hal_cortex.o
 .ARM.attributes
                0x0000000000000156       0x34 ./Drivers/STM32F3xx_HAL_Driver/Src/stm32f3xx_hal_crc.o
 .ARM.attributes
                0x000000000000018a       0x34 ./Drivers/STM32F3xx_HAL_Driver/Src/stm32f3xx_hal_crc_ex.o
 .ARM.attributes
                0x00000000000001be       0x34 ./Drivers/STM32F3xx_HAL_Driver/Src/stm32f3xx_hal_dac.o
 .ARM.attributes
                0x00000000000001f2       0x34 ./Drivers/STM32F3xx_HAL_Driver/Src/stm32f3xx_hal_dac_ex.o
 .ARM.attributes
                0x0000000000000226       0x34 ./Drivers/STM32F3xx_HAL_Driver/Src/stm32f3xx_hal_dma.o
 .ARM.attributes
                0x000000000000025a       0x34 ./Drivers/STM32F3xx_HAL_Driver/Src/stm32f3xx_hal_gpio.o
 .ARM.attributes
                0x000000000000028e       0x34 ./Drivers/STM32F3xx_HAL_Driver/Src/stm32f3xx_hal_rcc.o
 .ARM.attributes
                0x00000000000002c2       0x34 ./Drivers/STM32F3xx_HAL_Driver/Src/stm32f3xx_hal_rcc_ex.o
 .ARM.attributes
                0x00000000000002f6       0x34 ./Drivers/STM32F3xx_HAL_Driver/Src/stm32f3xx_hal_tim.o
 .ARM.attributes
                0x000000000000032a       0x34 ./Drivers/STM32F3xx_HAL_Driver/Src/stm32f3xx_hal_tim_ex.o
 .ARM.attributes
                0x000000000000035e       0x34 ./Drivers/STM32F3xx_HAL_Driver/Src/stm32f3xx_hal_uart.o
 .ARM.attributes
                0x0000000000000392       0x34 ./Drivers/STM32F3xx_HAL_Driver/Src/stm32f3xx_hal_uart_ex.o
 .ARM.attributes
                0x00000000000003c6       0x34 ./Src/main.o
 .ARM.attributes
                0x00000000000003fa       0x34 ./Src/stm32f3xx_hal_msp.o
 .ARM.attributes
                0x000000000000042e       0x34 ./Src/stm32f3xx_it.o
 .ARM.attributes
                0x0000000000000462       0x34 ./Src/system_stm32f3xx.o
 .ARM.attributes
                0x0000000000000496       0x21 ./Startup/startup_stm32f334r8tx.o
 .ARM.attributes
                0x00000000000004b7       0x34 d:/st/stm32cubeide_1.9.0/stm32cubeide/plugins/com.st.stm32cube.ide.mcu.externaltools.gnu-tools-for-stm32.10.3-2021.10.win32_1.0.0.202111181127/tools/bin/../lib/gcc/arm-none-eabi/10.3.1/../../../../arm-none-eabi/lib/thumb/v7e-m+fp/hard\libc_nano.a(lib_a-init.o)
 .ARM.attributes
                0x00000000000004eb       0x34 d:/st/stm32cubeide_1.9.0/stm32cubeide/plugins/com.st.stm32cube.ide.mcu.externaltools.gnu-tools-for-stm32.10.3-2021.10.win32_1.0.0.202111181127/tools/bin/../lib/gcc/arm-none-eabi/10.3.1/../../../../arm-none-eabi/lib/thumb/v7e-m+fp/hard\libc_nano.a(lib_a-memset.o)
 .ARM.attributes
                0x000000000000051f       0x1e d:/st/stm32cubeide_1.9.0/stm32cubeide/plugins/com.st.stm32cube.ide.mcu.externaltools.gnu-tools-for-stm32.10.3-2021.10.win32_1.0.0.202111181127/tools/bin/../lib/gcc/arm-none-eabi/10.3.1/thumb/v7e-m+fp/hard/crtn.o
OUTPUT(HCPS_V1.2.elf elf32-littlearm)
LOAD linker stubs
LOAD d:/st/stm32cubeide_1.9.0/stm32cubeide/plugins/com.st.stm32cube.ide.mcu.externaltools.gnu-tools-for-stm32.10.3-2021.10.win32_1.0.0.202111181127/tools/bin/../lib/gcc/arm-none-eabi/10.3.1/../../../../arm-none-eabi/lib/thumb/v7e-m+fp/hard\libc.a
LOAD d:/st/stm32cubeide_1.9.0/stm32cubeide/plugins/com.st.stm32cube.ide.mcu.externaltools.gnu-tools-for-stm32.10.3-2021.10.win32_1.0.0.202111181127/tools/bin/../lib/gcc/arm-none-eabi/10.3.1/../../../../arm-none-eabi/lib/thumb/v7e-m+fp/hard\libm.a
LOAD d:/st/stm32cubeide_1.9.0/stm32cubeide/plugins/com.st.stm32cube.ide.mcu.externaltools.gnu-tools-for-stm32.10.3-2021.10.win32_1.0.0.202111181127/tools/bin/../lib/gcc/arm-none-eabi/10.3.1/thumb/v7e-m+fp/hard\libgcc.a

.debug_info     0x0000000000000000    0x169ad
 .debug_info    0x0000000000000000      0x7a7 ./Drivers/STM32F3xx_HAL_Driver/Src/stm32f3xx_hal.o
 .debug_info    0x00000000000007a7      0xb9e ./Drivers/STM32F3xx_HAL_Driver/Src/stm32f3xx_hal_adc.o
 .debug_info    0x0000000000001345     0x16b2 ./Drivers/STM32F3xx_HAL_Driver/Src/stm32f3xx_hal_adc_ex.o
 .debug_info    0x00000000000029f7      0xfb3 ./Drivers/STM32F3xx_HAL_Driver/Src/stm32f3xx_hal_can.o
 .debug_info    0x00000000000039aa      0xb4a ./Drivers/STM32F3xx_HAL_Driver/Src/stm32f3xx_hal_cortex.o
 .debug_info    0x00000000000044f4      0x57c ./Drivers/STM32F3xx_HAL_Driver/Src/stm32f3xx_hal_crc.o
 .debug_info    0x0000000000004a70      0x38f ./Drivers/STM32F3xx_HAL_Driver/Src/stm32f3xx_hal_crc_ex.o
 .debug_info    0x0000000000004dff      0x8a9 ./Drivers/STM32F3xx_HAL_Driver/Src/stm32f3xx_hal_dac.o
 .debug_info    0x00000000000056a8      0xa64 ./Drivers/STM32F3xx_HAL_Driver/Src/stm32f3xx_hal_dac_ex.o
 .debug_info    0x000000000000610c      0x757 ./Drivers/STM32F3xx_HAL_Driver/Src/stm32f3xx_hal_dma.o
 .debug_info    0x0000000000006863      0x74e ./Drivers/STM32F3xx_HAL_Driver/Src/stm32f3xx_hal_gpio.o
 .debug_info    0x0000000000006fb1     0x1586 ./Drivers/STM32F3xx_HAL_Driver/Src/stm32f3xx_hal_rcc.o
 .debug_info    0x0000000000008537      0x579 ./Drivers/STM32F3xx_HAL_Driver/Src/stm32f3xx_hal_rcc_ex.o
 .debug_info    0x0000000000008ab0     0x2ca3 ./Drivers/STM32F3xx_HAL_Driver/Src/stm32f3xx_hal_tim.o
 .debug_info    0x000000000000b753     0x1679 ./Drivers/STM32F3xx_HAL_Driver/Src/stm32f3xx_hal_tim_ex.o
 .debug_info    0x000000000000cdcc     0x3ad3 ./Drivers/STM32F3xx_HAL_Driver/Src/stm32f3xx_hal_uart.o
 .debug_info    0x000000000001089f      0xcce ./Drivers/STM32F3xx_HAL_Driver/Src/stm32f3xx_hal_uart_ex.o
 .debug_info    0x000000000001156d     0x2632 ./Src/main.o
 .debug_info    0x0000000000013b9f     0x1c67 ./Src/stm32f3xx_hal_msp.o
 .debug_info    0x0000000000015806      0xd6f ./Src/stm32f3xx_it.o
 .debug_info    0x0000000000016575      0x416 ./Src/system_stm32f3xx.o
 .debug_info    0x000000000001698b       0x22 ./Startup/startup_stm32f334r8tx.o

.debug_abbrev   0x0000000000000000     0x2d2c
 .debug_abbrev  0x0000000000000000      0x20e ./Drivers/STM32F3xx_HAL_Driver/Src/stm32f3xx_hal.o
 .debug_abbrev  0x000000000000020e      0x17a ./Drivers/STM32F3xx_HAL_Driver/Src/stm32f3xx_hal_adc.o
 .debug_abbrev  0x0000000000000388      0x27a ./Drivers/STM32F3xx_HAL_Driver/Src/stm32f3xx_hal_adc_ex.o
 .debug_abbrev  0x0000000000000602      0x20c ./Drivers/STM32F3xx_HAL_Driver/Src/stm32f3xx_hal_can.o
 .debug_abbrev  0x000000000000080e      0x2ed ./Drivers/STM32F3xx_HAL_Driver/Src/stm32f3xx_hal_cortex.o
 .debug_abbrev  0x0000000000000afb      0x1d8 ./Drivers/STM32F3xx_HAL_Driver/Src/stm32f3xx_hal_crc.o
 .debug_abbrev  0x0000000000000cd3      0x146 ./Drivers/STM32F3xx_HAL_Driver/Src/stm32f3xx_hal_crc_ex.o
 .debug_abbrev  0x0000000000000e19      0x19d ./Drivers/STM32F3xx_HAL_Driver/Src/stm32f3xx_hal_dac.o
 .debug_abbrev  0x0000000000000fb6      0x24a ./Drivers/STM32F3xx_HAL_Driver/Src/stm32f3xx_hal_dac_ex.o
 .debug_abbrev  0x0000000000001200      0x1fe ./Drivers/STM32F3xx_HAL_Driver/Src/stm32f3xx_hal_dma.o
 .debug_abbrev  0x00000000000013fe      0x1bb ./Drivers/STM32F3xx_HAL_Driver/Src/stm32f3xx_hal_gpio.o
 .debug_abbrev  0x00000000000015b9      0x30c ./Drivers/STM32F3xx_HAL_Driver/Src/stm32f3xx_hal_rcc.o
 .debug_abbrev  0x00000000000018c5      0x226 ./Drivers/STM32F3xx_HAL_Driver/Src/stm32f3xx_hal_rcc_ex.o
 .debug_abbrev  0x0000000000001aeb      0x25d ./Drivers/STM32F3xx_HAL_Driver/Src/stm32f3xx_hal_tim.o
 .debug_abbrev  0x0000000000001d48      0x265 ./Drivers/STM32F3xx_HAL_Driver/Src/stm32f3xx_hal_tim_ex.o
 .debug_abbrev  0x0000000000001fad      0x2bc ./Drivers/STM32F3xx_HAL_Driver/Src/stm32f3xx_hal_uart.o
 .debug_abbrev  0x0000000000002269      0x2a4 ./Drivers/STM32F3xx_HAL_Driver/Src/stm32f3xx_hal_uart_ex.o
 .debug_abbrev  0x000000000000250d      0x2d8 ./Src/main.o
 .debug_abbrev  0x00000000000027e5      0x278 ./Src/stm32f3xx_hal_msp.o
 .debug_abbrev  0x0000000000002a5d      0x1a7 ./Src/stm32f3xx_it.o
 .debug_abbrev  0x0000000000002c04      0x116 ./Src/system_stm32f3xx.o
 .debug_abbrev  0x0000000000002d1a       0x12 ./Startup/startup_stm32f334r8tx.o

.debug_aranges  0x0000000000000000     0x1260
 .debug_aranges
                0x0000000000000000       0xe0 ./Drivers/STM32F3xx_HAL_Driver/Src/stm32f3xx_hal.o
 .debug_aranges
                0x00000000000000e0       0xc8 ./Drivers/STM32F3xx_HAL_Driver/Src/stm32f3xx_hal_adc.o
 .debug_aranges
                0x00000000000001a8      0x168 ./Drivers/STM32F3xx_HAL_Driver/Src/stm32f3xx_hal_adc_ex.o
 .debug_aranges
                0x0000000000000310      0x138 ./Drivers/STM32F3xx_HAL_Driver/Src/stm32f3xx_hal_can.o
 .debug_aranges
                0x0000000000000448      0x100 ./Drivers/STM32F3xx_HAL_Driver/Src/stm32f3xx_hal_cortex.o
 .debug_aranges
                0x0000000000000548       0x60 ./Drivers/STM32F3xx_HAL_Driver/Src/stm32f3xx_hal_crc.o
 .debug_aranges
                0x00000000000005a8       0x30 ./Drivers/STM32F3xx_HAL_Driver/Src/stm32f3xx_hal_crc_ex.o
 .debug_aranges
                0x00000000000005d8       0xa8 ./Drivers/STM32F3xx_HAL_Driver/Src/stm32f3xx_hal_dac.o
 .debug_aranges
                0x0000000000000680       0xb8 ./Drivers/STM32F3xx_HAL_Driver/Src/stm32f3xx_hal_dac_ex.o
 .debug_aranges
                0x0000000000000738       0x88 ./Drivers/STM32F3xx_HAL_Driver/Src/stm32f3xx_hal_dma.o
 .debug_aranges
                0x00000000000007c0       0x58 ./Drivers/STM32F3xx_HAL_Driver/Src/stm32f3xx_hal_gpio.o
 .debug_aranges
                0x0000000000000818       0x88 ./Drivers/STM32F3xx_HAL_Driver/Src/stm32f3xx_hal_rcc.o
 .debug_aranges
                0x00000000000008a0       0x38 ./Drivers/STM32F3xx_HAL_Driver/Src/stm32f3xx_hal_rcc_ex.o
 .debug_aranges
                0x00000000000008d8      0x3e0 ./Drivers/STM32F3xx_HAL_Driver/Src/stm32f3xx_hal_tim.o
 .debug_aranges
                0x0000000000000cb8      0x178 ./Drivers/STM32F3xx_HAL_Driver/Src/stm32f3xx_hal_tim_ex.o
 .debug_aranges
                0x0000000000000e30      0x228 ./Drivers/STM32F3xx_HAL_Driver/Src/stm32f3xx_hal_uart.o
 .debug_aranges
                0x0000000000001058       0x68 ./Drivers/STM32F3xx_HAL_Driver/Src/stm32f3xx_hal_uart_ex.o
 .debug_aranges
                0x00000000000010c0       0x80 ./Src/main.o
 .debug_aranges
                0x0000000000001140       0x80 ./Src/stm32f3xx_hal_msp.o
 .debug_aranges
                0x00000000000011c0       0x50 ./Src/stm32f3xx_it.o
 .debug_aranges
                0x0000000000001210       0x28 ./Src/system_stm32f3xx.o
 .debug_aranges
                0x0000000000001238       0x28 ./Startup/startup_stm32f334r8tx.o

.debug_ranges   0x0000000000000000     0x1138
 .debug_ranges  0x0000000000000000       0xd0 ./Drivers/STM32F3xx_HAL_Driver/Src/stm32f3xx_hal.o
 .debug_ranges  0x00000000000000d0       0xb8 ./Drivers/STM32F3xx_HAL_Driver/Src/stm32f3xx_hal_adc.o
 .debug_ranges  0x0000000000000188      0x158 ./Drivers/STM32F3xx_HAL_Driver/Src/stm32f3xx_hal_adc_ex.o
 .debug_ranges  0x00000000000002e0      0x128 ./Drivers/STM32F3xx_HAL_Driver/Src/stm32f3xx_hal_can.o
 .debug_ranges  0x0000000000000408       0xf0 ./Drivers/STM32F3xx_HAL_Driver/Src/stm32f3xx_hal_cortex.o
 .debug_ranges  0x00000000000004f8       0x50 ./Drivers/STM32F3xx_HAL_Driver/Src/stm32f3xx_hal_crc.o
 .debug_ranges  0x0000000000000548       0x20 ./Drivers/STM32F3xx_HAL_Driver/Src/stm32f3xx_hal_crc_ex.o
 .debug_ranges  0x0000000000000568       0x98 ./Drivers/STM32F3xx_HAL_Driver/Src/stm32f3xx_hal_dac.o
 .debug_ranges  0x0000000000000600       0xa8 ./Drivers/STM32F3xx_HAL_Driver/Src/stm32f3xx_hal_dac_ex.o
 .debug_ranges  0x00000000000006a8       0x78 ./Drivers/STM32F3xx_HAL_Driver/Src/stm32f3xx_hal_dma.o
 .debug_ranges  0x0000000000000720       0x48 ./Drivers/STM32F3xx_HAL_Driver/Src/stm32f3xx_hal_gpio.o
 .debug_ranges  0x0000000000000768       0x78 ./Drivers/STM32F3xx_HAL_Driver/Src/stm32f3xx_hal_rcc.o
 .debug_ranges  0x00000000000007e0       0x28 ./Drivers/STM32F3xx_HAL_Driver/Src/stm32f3xx_hal_rcc_ex.o
 .debug_ranges  0x0000000000000808      0x3d0 ./Drivers/STM32F3xx_HAL_Driver/Src/stm32f3xx_hal_tim.o
 .debug_ranges  0x0000000000000bd8      0x168 ./Drivers/STM32F3xx_HAL_Driver/Src/stm32f3xx_hal_tim_ex.o
 .debug_ranges  0x0000000000000d40      0x248 ./Drivers/STM32F3xx_HAL_Driver/Src/stm32f3xx_hal_uart.o
 .debug_ranges  0x0000000000000f88       0x58 ./Drivers/STM32F3xx_HAL_Driver/Src/stm32f3xx_hal_uart_ex.o
 .debug_ranges  0x0000000000000fe0       0x70 ./Src/main.o
 .debug_ranges  0x0000000000001050       0x70 ./Src/stm32f3xx_hal_msp.o
 .debug_ranges  0x00000000000010c0       0x40 ./Src/stm32f3xx_it.o
 .debug_ranges  0x0000000000001100       0x18 ./Src/system_stm32f3xx.o
 .debug_ranges  0x0000000000001118       0x20 ./Startup/startup_stm32f334r8tx.o

.debug_macro    0x0000000000000000    0x22687
 .debug_macro   0x0000000000000000      0x235 ./Drivers/STM32F3xx_HAL_Driver/Src/stm32f3xx_hal.o
 .debug_macro   0x0000000000000235      0xa78 ./Drivers/STM32F3xx_HAL_Driver/Src/stm32f3xx_hal.o
 .debug_macro   0x0000000000000cad      0x16f ./Drivers/STM32F3xx_HAL_Driver/Src/stm32f3xx_hal.o
 .debug_macro   0x0000000000000e1c       0x2e ./Drivers/STM32F3xx_HAL_Driver/Src/stm32f3xx_hal.o
 .debug_macro   0x0000000000000e4a       0x28 ./Drivers/STM32F3xx_HAL_Driver/Src/stm32f3xx_hal.o
 .debug_macro   0x0000000000000e72       0x22 ./Drivers/STM32F3xx_HAL_Driver/Src/stm32f3xx_hal.o
 .debug_macro   0x0000000000000e94       0x8e ./Drivers/STM32F3xx_HAL_Driver/Src/stm32f3xx_hal.o
 .debug_macro   0x0000000000000f22       0x51 ./Drivers/STM32F3xx_HAL_Driver/Src/stm32f3xx_hal.o
 .debug_macro   0x0000000000000f73      0x103 ./Drivers/STM32F3xx_HAL_Driver/Src/stm32f3xx_hal.o
 .debug_macro   0x0000000000001076       0x6a ./Drivers/STM32F3xx_HAL_Driver/Src/stm32f3xx_hal.o
 .debug_macro   0x00000000000010e0      0x1df ./Drivers/STM32F3xx_HAL_Driver/Src/stm32f3xx_hal.o
 .debug_macro   0x00000000000012bf       0x1c ./Drivers/STM32F3xx_HAL_Driver/Src/stm32f3xx_hal.o
 .debug_macro   0x00000000000012db       0x22 ./Drivers/STM32F3xx_HAL_Driver/Src/stm32f3xx_hal.o
 .debug_macro   0x00000000000012fd       0xd9 ./Drivers/STM32F3xx_HAL_Driver/Src/stm32f3xx_hal.o
 .debug_macro   0x00000000000013d6      0xf07 ./Drivers/STM32F3xx_HAL_Driver/Src/stm32f3xx_hal.o
 .debug_macro   0x00000000000022dd    0x1585b ./Drivers/STM32F3xx_HAL_Driver/Src/stm32f3xx_hal.o
 .debug_macro   0x0000000000017b38       0x6d ./Drivers/STM32F3xx_HAL_Driver/Src/stm32f3xx_hal.o
 .debug_macro   0x0000000000017ba5     0x3540 ./Drivers/STM32F3xx_HAL_Driver/Src/stm32f3xx_hal.o
 .debug_macro   0x000000000001b0e5      0x174 ./Drivers/STM32F3xx_HAL_Driver/Src/stm32f3xx_hal.o
 .debug_macro   0x000000000001b259       0x55 ./Drivers/STM32F3xx_HAL_Driver/Src/stm32f3xx_hal.o
 .debug_macro   0x000000000001b2ae      0x8f9 ./Drivers/STM32F3xx_HAL_Driver/Src/stm32f3xx_hal.o
 .debug_macro   0x000000000001bba7      0x358 ./Drivers/STM32F3xx_HAL_Driver/Src/stm32f3xx_hal.o
 .debug_macro   0x000000000001beff      0x1b6 ./Drivers/STM32F3xx_HAL_Driver/Src/stm32f3xx_hal.o
 .debug_macro   0x000000000001c0b5      0x130 ./Drivers/STM32F3xx_HAL_Driver/Src/stm32f3xx_hal.o
 .debug_macro   0x000000000001c1e5      0x1d5 ./Drivers/STM32F3xx_HAL_Driver/Src/stm32f3xx_hal.o
 .debug_macro   0x000000000001c3ba      0x1bc ./Drivers/STM32F3xx_HAL_Driver/Src/stm32f3xx_hal.o
 .debug_macro   0x000000000001c576       0x34 ./Drivers/STM32F3xx_HAL_Driver/Src/stm32f3xx_hal.o
 .debug_macro   0x000000000001c5aa       0x3c ./Drivers/STM32F3xx_HAL_Driver/Src/stm32f3xx_hal.o
 .debug_macro   0x000000000001c5e6       0x57 ./Drivers/STM32F3xx_HAL_Driver/Src/stm32f3xx_hal.o
 .debug_macro   0x000000000001c63d      0x845 ./Drivers/STM32F3xx_HAL_Driver/Src/stm32f3xx_hal.o
 .debug_macro   0x000000000001ce82       0x77 ./Drivers/STM32F3xx_HAL_Driver/Src/stm32f3xx_hal.o
 .debug_macro   0x000000000001cef9      0x408 ./Drivers/STM32F3xx_HAL_Driver/Src/stm32f3xx_hal.o
 .debug_macro   0x000000000001d301       0xc7 ./Drivers/STM32F3xx_HAL_Driver/Src/stm32f3xx_hal.o
 .debug_macro   0x000000000001d3c8       0x4c ./Drivers/STM32F3xx_HAL_Driver/Src/stm32f3xx_hal.o
 .debug_macro   0x000000000001d414      0x18b ./Drivers/STM32F3xx_HAL_Driver/Src/stm32f3xx_hal.o
 .debug_macro   0x000000000001d59f       0x73 ./Drivers/STM32F3xx_HAL_Driver/Src/stm32f3xx_hal.o
 .debug_macro   0x000000000001d612       0xc5 ./Drivers/STM32F3xx_HAL_Driver/Src/stm32f3xx_hal.o
 .debug_macro   0x000000000001d6d7      0x19f ./Drivers/STM32F3xx_HAL_Driver/Src/stm32f3xx_hal.o
 .debug_macro   0x000000000001d876      0x22c ./Drivers/STM32F3xx_HAL_Driver/Src/stm32f3xx_hal.o
 .debug_macro   0x000000000001daa2       0x5b ./Drivers/STM32F3xx_HAL_Driver/Src/stm32f3xx_hal.o
 .debug_macro   0x000000000001dafd       0xa5 ./Drivers/STM32F3xx_HAL_Driver/Src/stm32f3xx_hal.o
 .debug_macro   0x000000000001dba2       0x81 ./Drivers/STM32F3xx_HAL_Driver/Src/stm32f3xx_hal.o
 .debug_macro   0x000000000001dc23       0xd3 ./Drivers/STM32F3xx_HAL_Driver/Src/stm32f3xx_hal.o
 .debug_macro   0x000000000001dcf6      0xa3d ./Drivers/STM32F3xx_HAL_Driver/Src/stm32f3xx_hal.o
 .debug_macro   0x000000000001e733       0x59 ./Drivers/STM32F3xx_HAL_Driver/Src/stm32f3xx_hal.o
 .debug_macro   0x000000000001e78c      0x5a5 ./Drivers/STM32F3xx_HAL_Driver/Src/stm32f3xx_hal.o
 .debug_macro   0x000000000001ed31       0x44 ./Drivers/STM32F3xx_HAL_Driver/Src/stm32f3xx_hal.o
 .debug_macro   0x000000000001ed75      0x2a1 ./Drivers/STM32F3xx_HAL_Driver/Src/stm32f3xx_hal.o
 .debug_macro   0x000000000001f016      0x212 ./Drivers/STM32F3xx_HAL_Driver/Src/stm32f3xx_hal_adc.o
 .debug_macro   0x000000000001f228      0x23b ./Drivers/STM32F3xx_HAL_Driver/Src/stm32f3xx_hal_adc_ex.o
 .debug_macro   0x000000000001f463      0x219 ./Drivers/STM32F3xx_HAL_Driver/Src/stm32f3xx_hal_can.o
 .debug_macro   0x000000000001f67c      0x211 ./Drivers/STM32F3xx_HAL_Driver/Src/stm32f3xx_hal_cortex.o
 .debug_macro   0x000000000001f88d      0x211 ./Drivers/STM32F3xx_HAL_Driver/Src/stm32f3xx_hal_crc.o
 .debug_macro   0x000000000001fa9e      0x211 ./Drivers/STM32F3xx_HAL_Driver/Src/stm32f3xx_hal_crc_ex.o
 .debug_macro   0x000000000001fcaf      0x212 ./Drivers/STM32F3xx_HAL_Driver/Src/stm32f3xx_hal_dac.o
 .debug_macro   0x000000000001fec1      0x211 ./Drivers/STM32F3xx_HAL_Driver/Src/stm32f3xx_hal_dac_ex.o
 .debug_macro   0x00000000000200d2      0x211 ./Drivers/STM32F3xx_HAL_Driver/Src/stm32f3xx_hal_dma.o
 .debug_macro   0x00000000000202e3      0x218 ./Drivers/STM32F3xx_HAL_Driver/Src/stm32f3xx_hal_gpio.o
 .debug_macro   0x00000000000204fb      0x235 ./Drivers/STM32F3xx_HAL_Driver/Src/stm32f3xx_hal_rcc.o
 .debug_macro   0x0000000000020730      0x211 ./Drivers/STM32F3xx_HAL_Driver/Src/stm32f3xx_hal_rcc_ex.o
 .debug_macro   0x0000000000020941      0x212 ./Drivers/STM32F3xx_HAL_Driver/Src/stm32f3xx_hal_tim.o
 .debug_macro   0x0000000000020b53      0x211 ./Drivers/STM32F3xx_HAL_Driver/Src/stm32f3xx_hal_tim_ex.o
 .debug_macro   0x0000000000020d64      0x22e ./Drivers/STM32F3xx_HAL_Driver/Src/stm32f3xx_hal_uart.o
 .debug_macro   0x0000000000020f92      0x211 ./Drivers/STM32F3xx_HAL_Driver/Src/stm32f3xx_hal_uart_ex.o
 .debug_macro   0x00000000000211a3      0x3aa ./Src/main.o
 .debug_macro   0x000000000002154d       0x52 ./Src/main.o
 .debug_macro   0x000000000002159f       0x1e ./Src/main.o
 .debug_macro   0x00000000000215bd       0x3c ./Src/main.o
 .debug_macro   0x00000000000215f9       0x34 ./Src/main.o
 .debug_macro   0x000000000002162d       0x16 ./Src/main.o
 .debug_macro   0x0000000000021643       0x43 ./Src/main.o
 .debug_macro   0x0000000000021686       0x34 ./Src/main.o
 .debug_macro   0x00000000000216ba       0x10 ./Src/main.o
 .debug_macro   0x00000000000216ca       0x58 ./Src/main.o
 .debug_macro   0x0000000000021722       0x71 ./Src/main.o
 .debug_macro   0x0000000000021793       0x1c ./Src/main.o
 .debug_macro   0x00000000000217af      0x12a ./Src/main.o
 .debug_macro   0x00000000000218d9      0x341 ./Src/main.o
 .debug_macro   0x0000000000021c1a       0x10 ./Src/main.o
 .debug_macro   0x0000000000021c2a       0x35 ./Src/main.o
 .debug_macro   0x0000000000021c5f       0x20 ./Src/main.o
 .debug_macro   0x0000000000021c7f       0x1c ./Src/main.o
 .debug_macro   0x0000000000021c9b       0x10 ./Src/main.o
 .debug_macro   0x0000000000021cab       0x10 ./Src/main.o
 .debug_macro   0x0000000000021cbb       0x1c ./Src/main.o
 .debug_macro   0x0000000000021cd7       0x52 ./Src/main.o
 .debug_macro   0x0000000000021d29       0x22 ./Src/main.o
 .debug_macro   0x0000000000021d4b       0x10 ./Src/main.o
 .debug_macro   0x0000000000021d5b       0x52 ./Src/main.o
 .debug_macro   0x0000000000021dad       0xd5 ./Src/main.o
 .debug_macro   0x0000000000021e82       0x1c ./Src/main.o
 .debug_macro   0x0000000000021e9e       0x3d ./Src/main.o
 .debug_macro   0x0000000000021edb       0x16 ./Src/main.o
 .debug_macro   0x0000000000021ef1      0x145 ./Src/main.o
 .debug_macro   0x0000000000022036      0x21b ./Src/stm32f3xx_hal_msp.o
 .debug_macro   0x0000000000022251      0x225 ./Src/stm32f3xx_it.o
 .debug_macro   0x0000000000022476      0x211 ./Src/system_stm32f3xx.o

.debug_line     0x0000000000000000    0x17214
 .debug_line    0x0000000000000000      0xa24 ./Drivers/STM32F3xx_HAL_Driver/Src/stm32f3xx_hal.o
 .debug_line    0x0000000000000a24      0x968 ./Drivers/STM32F3xx_HAL_Driver/Src/stm32f3xx_hal_adc.o
 .debug_line    0x000000000000138c     0x2117 ./Drivers/STM32F3xx_HAL_Driver/Src/stm32f3xx_hal_adc_ex.o
 .debug_line    0x00000000000034a3     0x11c3 ./Drivers/STM32F3xx_HAL_Driver/Src/stm32f3xx_hal_can.o
 .debug_line    0x0000000000004666      0xc0c ./Drivers/STM32F3xx_HAL_Driver/Src/stm32f3xx_hal_cortex.o
 .debug_line    0x0000000000005272      0xab9 ./Drivers/STM32F3xx_HAL_Driver/Src/stm32f3xx_hal_crc.o
 .debug_line    0x0000000000005d2b      0x82e ./Drivers/STM32F3xx_HAL_Driver/Src/stm32f3xx_hal_crc_ex.o
 .debug_line    0x0000000000006559      0x970 ./Drivers/STM32F3xx_HAL_Driver/Src/stm32f3xx_hal_dac.o
 .debug_line    0x0000000000006ec9      0xbc3 ./Drivers/STM32F3xx_HAL_Driver/Src/stm32f3xx_hal_dac_ex.o
 .debug_line    0x0000000000007a8c      0xd12 ./Drivers/STM32F3xx_HAL_Driver/Src/stm32f3xx_hal_dma.o
 .debug_line    0x000000000000879e      0xb71 ./Drivers/STM32F3xx_HAL_Driver/Src/stm32f3xx_hal_gpio.o
 .debug_line    0x000000000000930f     0x1401 ./Drivers/STM32F3xx_HAL_Driver/Src/stm32f3xx_hal_rcc.o
 .debug_line    0x000000000000a710      0xb10 ./Drivers/STM32F3xx_HAL_Driver/Src/stm32f3xx_hal_rcc_ex.o
 .debug_line    0x000000000000b220     0x3c58 ./Drivers/STM32F3xx_HAL_Driver/Src/stm32f3xx_hal_tim.o
 .debug_line    0x000000000000ee78     0x1a97 ./Drivers/STM32F3xx_HAL_Driver/Src/stm32f3xx_hal_tim_ex.o
 .debug_line    0x000000000001090f     0x3138 ./Drivers/STM32F3xx_HAL_Driver/Src/stm32f3xx_hal_uart.o
 .debug_line    0x0000000000013a47      0xbdb ./Drivers/STM32F3xx_HAL_Driver/Src/stm32f3xx_hal_uart_ex.o
 .debug_line    0x0000000000014622     0x10f0 ./Src/main.o
 .debug_line    0x0000000000015712      0x9ac ./Src/stm32f3xx_hal_msp.o
 .debug_line    0x00000000000160be      0x8e9 ./Src/stm32f3xx_it.o
 .debug_line    0x00000000000169a7      0x7ea ./Src/system_stm32f3xx.o
 .debug_line    0x0000000000017191       0x83 ./Startup/startup_stm32f334r8tx.o

.debug_str      0x0000000000000000    0xcf8f5
 .debug_str     0x0000000000000000    0xc697e ./Drivers/STM32F3xx_HAL_Driver/Src/stm32f3xx_hal.o
                                      0xc6d9a (size before relaxing)
 .debug_str     0x00000000000c697e      0x604 ./Drivers/STM32F3xx_HAL_Driver/Src/stm32f3xx_hal_adc.o
                                      0xc6c1f (size before relaxing)
 .debug_str     0x00000000000c6f82      0x726 ./Drivers/STM32F3xx_HAL_Driver/Src/stm32f3xx_hal_adc_ex.o
                                      0xc7328 (size before relaxing)
 .debug_str     0x00000000000c76a8      0x79d ./Drivers/STM32F3xx_HAL_Driver/Src/stm32f3xx_hal_can.o
                                      0xc6db9 (size before relaxing)
 .debug_str     0x00000000000c7e45      0x293 ./Drivers/STM32F3xx_HAL_Driver/Src/stm32f3xx_hal_cortex.o
                                      0xc6cbf (size before relaxing)
 .debug_str     0x00000000000c80d8      0x243 ./Drivers/STM32F3xx_HAL_Driver/Src/stm32f3xx_hal_crc.o
                                      0xc67ee (size before relaxing)
 .debug_str     0x00000000000c831b       0xa4 ./Drivers/STM32F3xx_HAL_Driver/Src/stm32f3xx_hal_crc_ex.o
                                      0xc67a8 (size before relaxing)
 .debug_str     0x00000000000c83bf      0x2f1 ./Drivers/STM32F3xx_HAL_Driver/Src/stm32f3xx_hal_dac.o
                                      0xc6a36 (size before relaxing)
 .debug_str     0x00000000000c86b0      0x1ac ./Drivers/STM32F3xx_HAL_Driver/Src/stm32f3xx_hal_dac_ex.o
                                      0xc6b3f (size before relaxing)
 .debug_str     0x00000000000c885c      0x229 ./Drivers/STM32F3xx_HAL_Driver/Src/stm32f3xx_hal_dma.o
                                      0xc697a (size before relaxing)
 .debug_str     0x00000000000c8a85      0x209 ./Drivers/STM32F3xx_HAL_Driver/Src/stm32f3xx_hal_gpio.o
                                      0xc6811 (size before relaxing)
 .debug_str     0x00000000000c8c8e      0x415 ./Drivers/STM32F3xx_HAL_Driver/Src/stm32f3xx_hal_rcc.o
                                      0xc6ad2 (size before relaxing)
 .debug_str     0x00000000000c90a3      0x194 ./Drivers/STM32F3xx_HAL_Driver/Src/stm32f3xx_hal_rcc_ex.o
                                      0xc67e6 (size before relaxing)
 .debug_str     0x00000000000c9237     0x1150 ./Drivers/STM32F3xx_HAL_Driver/Src/stm32f3xx_hal_tim.o
                                      0xc7a59 (size before relaxing)
 .debug_str     0x00000000000ca387      0x561 ./Drivers/STM32F3xx_HAL_Driver/Src/stm32f3xx_hal_tim_ex.o
                                      0xc72af (size before relaxing)
 .debug_str     0x00000000000ca8e8      0xa86 ./Drivers/STM32F3xx_HAL_Driver/Src/stm32f3xx_hal_uart.o
                                      0xc732d (size before relaxing)
 .debug_str     0x00000000000cb36e      0x19e ./Drivers/STM32F3xx_HAL_Driver/Src/stm32f3xx_hal_uart_ex.o
                                      0xc6c18 (size before relaxing)
 .debug_str     0x00000000000cb50c     0x4271 ./Src/main.o
                                      0xcbf35 (size before relaxing)
 .debug_str     0x00000000000cf77d       0x3f ./Src/stm32f3xx_hal_msp.o
                                      0xc790a (size before relaxing)
 .debug_str     0x00000000000cf7bc       0xb8 ./Src/stm32f3xx_it.o
                                      0xc6eef (size before relaxing)
 .debug_str     0x00000000000cf874       0x50 ./Src/system_stm32f3xx.o
                                      0xc662d (size before relaxing)
 .debug_str     0x00000000000cf8c4       0x31 ./Startup/startup_stm32f334r8tx.o
                                         0x6f (size before relaxing)

.comment        0x0000000000000000       0x50
 .comment       0x0000000000000000       0x50 ./Drivers/STM32F3xx_HAL_Driver/Src/stm32f3xx_hal.o
                                         0x51 (size before relaxing)
 .comment       0x0000000000000050       0x51 ./Drivers/STM32F3xx_HAL_Driver/Src/stm32f3xx_hal_adc.o
 .comment       0x0000000000000050       0x51 ./Drivers/STM32F3xx_HAL_Driver/Src/stm32f3xx_hal_adc_ex.o
 .comment       0x0000000000000050       0x51 ./Drivers/STM32F3xx_HAL_Driver/Src/stm32f3xx_hal_can.o
 .comment       0x0000000000000050       0x51 ./Drivers/STM32F3xx_HAL_Driver/Src/stm32f3xx_hal_cortex.o
 .comment       0x0000000000000050       0x51 ./Drivers/STM32F3xx_HAL_Driver/Src/stm32f3xx_hal_crc.o
 .comment       0x0000000000000050       0x51 ./Drivers/STM32F3xx_HAL_Driver/Src/stm32f3xx_hal_crc_ex.o
 .comment       0x0000000000000050       0x51 ./Drivers/STM32F3xx_HAL_Driver/Src/stm32f3xx_hal_dac.o
 .comment       0x0000000000000050       0x51 ./Drivers/STM32F3xx_HAL_Driver/Src/stm32f3xx_hal_dac_ex.o
 .comment       0x0000000000000050       0x51 ./Drivers/STM32F3xx_HAL_Driver/Src/stm32f3xx_hal_dma.o
 .comment       0x0000000000000050       0x51 ./Drivers/STM32F3xx_HAL_Driver/Src/stm32f3xx_hal_gpio.o
 .comment       0x0000000000000050       0x51 ./Drivers/STM32F3xx_HAL_Driver/Src/stm32f3xx_hal_rcc.o
 .comment       0x0000000000000050       0x51 ./Drivers/STM32F3xx_HAL_Driver/Src/stm32f3xx_hal_rcc_ex.o
 .comment       0x0000000000000050       0x51 ./Drivers/STM32F3xx_HAL_Driver/Src/stm32f3xx_hal_tim.o
 .comment       0x0000000000000050       0x51 ./Drivers/STM32F3xx_HAL_Driver/Src/stm32f3xx_hal_tim_ex.o
 .comment       0x0000000000000050       0x51 ./Drivers/STM32F3xx_HAL_Driver/Src/stm32f3xx_hal_uart.o
 .comment       0x0000000000000050       0x51 ./Drivers/STM32F3xx_HAL_Driver/Src/stm32f3xx_hal_uart_ex.o
 .comment       0x0000000000000050       0x51 ./Src/main.o
 .comment       0x0000000000000050       0x51 ./Src/stm32f3xx_hal_msp.o
 .comment       0x0000000000000050       0x51 ./Src/stm32f3xx_it.o
 .comment       0x0000000000000050       0x51 ./Src/system_stm32f3xx.o

.debug_frame    0x0000000000000000     0x4e00
 .debug_frame   0x0000000000000000      0x334 ./Drivers/STM32F3xx_HAL_Driver/Src/stm32f3xx_hal.o
 .debug_frame   0x0000000000000334      0x380 ./Drivers/STM32F3xx_HAL_Driver/Src/stm32f3xx_hal_adc.o
 .debug_frame   0x00000000000006b4      0x638 ./Drivers/STM32F3xx_HAL_Driver/Src/stm32f3xx_hal_adc_ex.o
 .debug_frame   0x0000000000000cec      0x5a0 ./Drivers/STM32F3xx_HAL_Driver/Src/stm32f3xx_hal_can.o
 .debug_frame   0x000000000000128c      0x428 ./Drivers/STM32F3xx_HAL_Driver/Src/stm32f3xx_hal_cortex.o
 .debug_frame   0x00000000000016b4      0x168 ./Drivers/STM32F3xx_HAL_Driver/Src/stm32f3xx_hal_crc.o
 .debug_frame   0x000000000000181c       0x88 ./Drivers/STM32F3xx_HAL_Driver/Src/stm32f3xx_hal_crc_ex.o
 .debug_frame   0x00000000000018a4      0x2d4 ./Drivers/STM32F3xx_HAL_Driver/Src/stm32f3xx_hal_dac.o
 .debug_frame   0x0000000000001b78      0x310 ./Drivers/STM32F3xx_HAL_Driver/Src/stm32f3xx_hal_dac_ex.o
 .debug_frame   0x0000000000001e88      0x224 ./Drivers/STM32F3xx_HAL_Driver/Src/stm32f3xx_hal_dma.o
 .debug_frame   0x00000000000020ac      0x14c ./Drivers/STM32F3xx_HAL_Driver/Src/stm32f3xx_hal_gpio.o
 .debug_frame   0x00000000000021f8      0x214 ./Drivers/STM32F3xx_HAL_Driver/Src/stm32f3xx_hal_rcc.o
 .debug_frame   0x000000000000240c       0xb4 ./Drivers/STM32F3xx_HAL_Driver/Src/stm32f3xx_hal_rcc_ex.o
 .debug_frame   0x00000000000024c0     0x121c ./Drivers/STM32F3xx_HAL_Driver/Src/stm32f3xx_hal_tim.o
 .debug_frame   0x00000000000036dc      0x688 ./Drivers/STM32F3xx_HAL_Driver/Src/stm32f3xx_hal_tim_ex.o
 .debug_frame   0x0000000000003d64      0x9e8 ./Drivers/STM32F3xx_HAL_Driver/Src/stm32f3xx_hal_uart.o
 .debug_frame   0x000000000000474c      0x190 ./Drivers/STM32F3xx_HAL_Driver/Src/stm32f3xx_hal_uart_ex.o
 .debug_frame   0x00000000000048dc      0x1bc ./Src/main.o
 .debug_frame   0x0000000000004a98      0x1f0 ./Src/stm32f3xx_hal_msp.o
 .debug_frame   0x0000000000004c88       0xd4 ./Src/stm32f3xx_it.o
 .debug_frame   0x0000000000004d5c       0x58 ./Src/system_stm32f3xx.o
 .debug_frame   0x0000000000004db4       0x2c d:/st/stm32cubeide_1.9.0/stm32cubeide/plugins/com.st.stm32cube.ide.mcu.externaltools.gnu-tools-for-stm32.10.3-2021.10.win32_1.0.0.202111181127/tools/bin/../lib/gcc/arm-none-eabi/10.3.1/../../../../arm-none-eabi/lib/thumb/v7e-m+fp/hard\libc_nano.a(lib_a-init.o)
 .debug_frame   0x0000000000004de0       0x20 d:/st/stm32cubeide_1.9.0/stm32cubeide/plugins/com.st.stm32cube.ide.mcu.externaltools.gnu-tools-for-stm32.10.3-2021.10.win32_1.0.0.202111181127/tools/bin/../lib/gcc/arm-none-eabi/10.3.1/../../../../arm-none-eabi/lib/thumb/v7e-m+fp/hard\libc_nano.a(lib_a-memset.o)
