Archive member included to satisfy reference by file (symbol)

c:/st/stm32cubeide_1.8.0/stm32cubeide_1.9.0/stm32cubeide/plugins/com.st.stm32cube.ide.mcu.externaltools.gnu-tools-for-stm32.10.3-2021.10.win32_1.0.0.202111181127/tools/bin/../lib/gcc/arm-none-eabi/10.3.1/../../../../arm-none-eabi/lib/thumb/v7e-m+fp/hard\libc_nano.a(lib_a-errno.o)
                              ./Src/syscalls.o (__errno)
c:/st/stm32cubeide_1.8.0/stm32cubeide_1.9.0/stm32cubeide/plugins/com.st.stm32cube.ide.mcu.externaltools.gnu-tools-for-stm32.10.3-2021.10.win32_1.0.0.202111181127/tools/bin/../lib/gcc/arm-none-eabi/10.3.1/../../../../arm-none-eabi/lib/thumb/v7e-m+fp/hard\libc_nano.a(lib_a-exit.o)
                              c:/st/stm32cubeide_1.8.0/stm32cubeide_1.9.0/stm32cubeide/plugins/com.st.stm32cube.ide.mcu.externaltools.gnu-tools-for-stm32.10.3-2021.10.win32_1.0.0.202111181127/tools/bin/../lib/gcc/arm-none-eabi/10.3.1/../../../../arm-none-eabi/lib/thumb/v7e-m+fp/hard/crt0.o (exit)
c:/st/stm32cubeide_1.8.0/stm32cubeide_1.9.0/stm32cubeide/plugins/com.st.stm32cube.ide.mcu.externaltools.gnu-tools-for-stm32.10.3-2021.10.win32_1.0.0.202111181127/tools/bin/../lib/gcc/arm-none-eabi/10.3.1/../../../../arm-none-eabi/lib/thumb/v7e-m+fp/hard\libc_nano.a(lib_a-findfp.o)
                              ./Middlewares/Third_Party/FreeRTOS/Source/tasks.o (__sf_fake_stderr)
c:/st/stm32cubeide_1.8.0/stm32cubeide_1.9.0/stm32cubeide/plugins/com.st.stm32cube.ide.mcu.externaltools.gnu-tools-for-stm32.10.3-2021.10.win32_1.0.0.202111181127/tools/bin/../lib/gcc/arm-none-eabi/10.3.1/../../../../arm-none-eabi/lib/thumb/v7e-m+fp/hard\libc_nano.a(lib_a-fwalk.o)
                              c:/st/stm32cubeide_1.8.0/stm32cubeide_1.9.0/stm32cubeide/plugins/com.st.stm32cube.ide.mcu.externaltools.gnu-tools-for-stm32.10.3-2021.10.win32_1.0.0.202111181127/tools/bin/../lib/gcc/arm-none-eabi/10.3.1/../../../../arm-none-eabi/lib/thumb/v7e-m+fp/hard\libc_nano.a(lib_a-findfp.o) (_fwalk)
c:/st/stm32cubeide_1.8.0/stm32cubeide_1.9.0/stm32cubeide/plugins/com.st.stm32cube.ide.mcu.externaltools.gnu-tools-for-stm32.10.3-2021.10.win32_1.0.0.202111181127/tools/bin/../lib/gcc/arm-none-eabi/10.3.1/../../../../arm-none-eabi/lib/thumb/v7e-m+fp/hard\libc_nano.a(lib_a-impure.o)
                              c:/st/stm32cubeide_1.8.0/stm32cubeide_1.9.0/stm32cubeide/plugins/com.st.stm32cube.ide.mcu.externaltools.gnu-tools-for-stm32.10.3-2021.10.win32_1.0.0.202111181127/tools/bin/../lib/gcc/arm-none-eabi/10.3.1/../../../../arm-none-eabi/lib/thumb/v7e-m+fp/hard\libc_nano.a(lib_a-exit.o) (_global_impure_ptr)
c:/st/stm32cubeide_1.8.0/stm32cubeide_1.9.0/stm32cubeide/plugins/com.st.stm32cube.ide.mcu.externaltools.gnu-tools-for-stm32.10.3-2021.10.win32_1.0.0.202111181127/tools/bin/../lib/gcc/arm-none-eabi/10.3.1/../../../../arm-none-eabi/lib/thumb/v7e-m+fp/hard\libc_nano.a(lib_a-init.o)
                              c:/st/stm32cubeide_1.8.0/stm32cubeide_1.9.0/stm32cubeide/plugins/com.st.stm32cube.ide.mcu.externaltools.gnu-tools-for-stm32.10.3-2021.10.win32_1.0.0.202111181127/tools/bin/../lib/gcc/arm-none-eabi/10.3.1/../../../../arm-none-eabi/lib/thumb/v7e-m+fp/hard/crt0.o (__libc_init_array)
c:/st/stm32cubeide_1.8.0/stm32cubeide_1.9.0/stm32cubeide/plugins/com.st.stm32cube.ide.mcu.externaltools.gnu-tools-for-stm32.10.3-2021.10.win32_1.0.0.202111181127/tools/bin/../lib/gcc/arm-none-eabi/10.3.1/../../../../arm-none-eabi/lib/thumb/v7e-m+fp/hard\libc_nano.a(lib_a-lock.o)
                              c:/st/stm32cubeide_1.8.0/stm32cubeide_1.9.0/stm32cubeide/plugins/com.st.stm32cube.ide.mcu.externaltools.gnu-tools-for-stm32.10.3-2021.10.win32_1.0.0.202111181127/tools/bin/../lib/gcc/arm-none-eabi/10.3.1/../../../../arm-none-eabi/lib/thumb/v7e-m+fp/hard\libc_nano.a(lib_a-findfp.o) (__retarget_lock_init_recursive)
c:/st/stm32cubeide_1.8.0/stm32cubeide_1.9.0/stm32cubeide/plugins/com.st.stm32cube.ide.mcu.externaltools.gnu-tools-for-stm32.10.3-2021.10.win32_1.0.0.202111181127/tools/bin/../lib/gcc/arm-none-eabi/10.3.1/../../../../arm-none-eabi/lib/thumb/v7e-m+fp/hard\libc_nano.a(lib_a-memcpy-stub.o)
                              ./Middlewares/Third_Party/FreeRTOS/Source/CMSIS_RTOS_V2/cmsis_os2.o (memcpy)
c:/st/stm32cubeide_1.8.0/stm32cubeide_1.9.0/stm32cubeide/plugins/com.st.stm32cube.ide.mcu.externaltools.gnu-tools-for-stm32.10.3-2021.10.win32_1.0.0.202111181127/tools/bin/../lib/gcc/arm-none-eabi/10.3.1/../../../../arm-none-eabi/lib/thumb/v7e-m+fp/hard\libc_nano.a(lib_a-memset.o)
                              c:/st/stm32cubeide_1.8.0/stm32cubeide_1.9.0/stm32cubeide/plugins/com.st.stm32cube.ide.mcu.externaltools.gnu-tools-for-stm32.10.3-2021.10.win32_1.0.0.202111181127/tools/bin/../lib/gcc/arm-none-eabi/10.3.1/../../../../arm-none-eabi/lib/thumb/v7e-m+fp/hard/crt0.o (memset)
[...]
Memory Configuration

Name             Origin             Length             Attributes
CCMRAM           0x0000000010000000 0x0000000000001000 xrw
RAM              0x0000000020000000 0x0000000000003000 xrw
FLASH            0x0000000008000000 0x0000000000010000 xr
*default*        0x0000000000000000 0xffffffffffffffff

Linker script and memory map

LOAD c:/st/stm32cubeide_1.8.0/stm32cubeide_1.9.0/stm32cubeide/plugins/com.st.stm32cube.ide.mcu.externaltools.gnu-tools-for-stm32.10.3-2021.10.win32_1.0.0.202111181127/tools/bin/../lib/gcc/arm-none-eabi/10.3.1/thumb/v7e-m+fp/hard/crti.o
LOAD c:/st/stm32cubeide_1.8.0/stm32cubeide_1.9.0/stm32cubeide/plugins/com.st.stm32cube.ide.mcu.externaltools.gnu-tools-for-stm32.10.3-2021.10.win32_1.0.0.202111181127/tools/bin/../lib/gcc/arm-none-eabi/10.3.1/thumb/v7e-m+fp/hard/crtbegin.o
LOAD c:/st/stm32cubeide_1.8.0/stm32cubeide_1.9.0/stm32cubeide/plugins/com.st.stm32cube.ide.mcu.externaltools.gnu-tools-for-stm32.10.3-2021.10.win32_1.0.0.202111181127/tools/bin/../lib/gcc/arm-none-eabi/10.3.1/../../../../arm-none-eabi/lib/thumb/v7e-m+fp/hard/crt0.o
LOAD ./Drivers/STM32F3xx_HAL_Driver/Src/stm32f3xx_hal.o
LOAD ./Drivers/STM32F3xx_HAL_Driver/Src/stm32f3xx_hal_adc.o
LOAD ./Drivers/STM32F3xx_HAL_Driver/Src/stm32f3xx_hal_adc_ex.o
LOAD ./Drivers/STM32F3xx_HAL_Driver/Src/stm32f3xx_hal_can.o
LOAD ./Drivers/STM32F3xx_HAL_Driver/Src/stm32f3xx_hal_cortex.o
LOAD ./Drivers/STM32F3xx_HAL_Driver/Src/stm32f3xx_hal_crc.o
LOAD ./Drivers/STM32F3xx_HAL_Driver/Src/stm32f3xx_hal_crc_ex.o
LOAD ./Drivers/STM32F3xx_HAL_Driver/Src/stm32f3xx_hal_dac.o
LOAD ./Drivers/STM32F3xx_HAL_Driver/Src/stm32f3xx_hal_dac_ex.o
LOAD ./Drivers/STM32F3xx_HAL_Driver/Src/stm32f3xx_hal_dma.o
LOAD ./Drivers/STM32F3xx_HAL_Driver/Src/stm32f3xx_hal_exti.o
LOAD ./Drivers/STM32F3xx_HAL_Driver/Src/stm32f3xx_hal_flash.o
LOAD ./Drivers/STM32F3xx_HAL_Driver/Src/stm32f3xx_hal_flash_ex.o
LOAD ./Drivers/STM32F3xx_HAL_Driver/Src/stm32f3xx_hal_gpio.o
LOAD ./Drivers/STM32F3xx_HAL_Driver/Src/stm32f3xx_hal_i2c.o
LOAD ./Drivers/STM32F3xx_HAL_Driver/Src/stm32f3xx_hal_i2c_ex.o
LOAD ./Drivers/STM32F3xx_HAL_Driver/Src/stm32f3xx_hal_pwr.o
LOAD ./Drivers/STM32F3xx_HAL_Driver/Src/stm32f3xx_hal_pwr_ex.o
LOAD ./Drivers/STM32F3xx_HAL_Driver/Src/stm32f3xx_hal_rcc.o
LOAD ./Drivers/STM32F3xx_HAL_Driver/Src/stm32f3xx_hal_rcc_ex.o
LOAD ./Drivers/STM32F3xx_HAL_Driver/Src/stm32f3xx_hal_tim.o
LOAD ./Drivers/STM32F3xx_HAL_Driver/Src/stm32f3xx_hal_tim_ex.o
LOAD ./Drivers/STM32F3xx_HAL_Driver/Src/stm32f3xx_hal_uart.o
LOAD ./Drivers/STM32F3xx_HAL_Driver/Src/stm32f3xx_hal_uart_ex.o
LOAD ./Middlewares/Third_Party/FreeRTOS/Source/CMSIS_RTOS_V2/cmsis_os2.o
LOAD ./Middlewares/Third_Party/FreeRTOS/Source/croutine.o
LOAD ./Middlewares/Third_Party/FreeRTOS/Source/event_groups.o
LOAD ./Middlewares/Third_Party/FreeRTOS/Source/list.o
LOAD ./Middlewares/Third_Party/FreeRTOS/Source/queue.o
LOAD ./Middlewares/Third_Party/FreeRTOS/Source/stream_buffer.o
LOAD ./Middlewares/Third_Party/FreeRTOS/Source/tasks.o
LOAD ./Middlewares/Third_Party/FreeRTOS/Source/timers.o
LOAD ./Middlewares/Third_Party/FreeRTOS/Source/portable/GCC/ARM_CM4F/port.o
LOAD ./Middlewares/Third_Party/FreeRTOS/Source/portable/MemMang/heap_4.o
LOAD ./Src/ADC_Calculation.o
LOAD ./Src/BoardComm.o
LOAD ./Src/Sputter.o
LOAD ./Src/freertos.o
LOAD ./Src/main.o
LOAD ./Src/stm32f3xx_hal_msp.o
LOAD ./Src/stm32f3xx_hal_timebase_tim.o
LOAD ./Src/stm32f3xx_it.o
LOAD ./Src/syscalls.o
LOAD ./Src/sysmem.o
LOAD ./Src/system_stm32f3xx.o
LOAD ./Src/uart_mgr.o
LOAD ./Startup/startup_stm32f334r8tx.o
START GROUP
LOAD c:/st/stm32cubeide_1.8.0/stm32cubeide_1.9.0/stm32cubeide/plugins/com.st.stm32cube.ide.mcu.externaltools.gnu-tools-for-stm32.10.3-2021.10.win32_1.0.0.202111181127/tools/bin/../lib/gcc/arm-none-eabi/10.3.1/../../../../arm-none-eabi/lib/thumb/v7e-m+fp/hard\libc_nano.a
LOAD c:/st/stm32cubeide_1.8.0/stm32cubeide_1.9.0/stm32cubeide/plugins/com.st.stm32cube.ide.mcu.externaltools.gnu-tools-for-stm32.10.3-2021.10.win32_1.0.0.202111181127/tools/bin/../lib/gcc/arm-none-eabi/10.3.1/../../../../arm-none-eabi/lib/thumb/v7e-m+fp/hard\libm.a
END GROUP
START GROUP
LOAD c:/st/stm32cubeide_1.8.0/stm32cubeide_1.9.0/stm32cubeide/plugins/com.st.stm32cube.ide.mcu.externaltools.gnu-tools-for-stm32.10.3-2021.10.win32_1.0.0.202111181127/tools/bin/../lib/gcc/arm-none-eabi/10.3.1/thumb/v7e-m+fp/hard\libgcc.a
LOAD c:/st/stm32cubeide_1.8.0/stm32cubeide_1.9.0/stm32cubeide/plugins/com.st.stm32cube.ide.mcu.externaltools.gnu-tools-for-stm32.10.3-2021.10.win32_1.0.0.202111181127/tools/bin/../lib/gcc/arm-none-eabi/10.3.1/../../../../arm-none-eabi/lib/thumb/v7e-m+fp/hard\libc_nano.a
END GROUP
START GROUP
LOAD c:/st/stm32cubeide_1.8.0/stm32cubeide_1.9.0/stm32cubeide/plugins/com.st.stm32cube.ide.mcu.externaltools.gnu-tools-for-stm32.10.3-2021.10.win32_1.0.0.202111181127/tools/bin/../lib/gcc/arm-none-eabi/10.3.1/thumb/v7e-m+fp/hard\libgcc.a
LOAD c:/st/stm32cubeide_1.8.0/stm32cubeide_1.9.0/stm32cubeide/plugins/com.st.stm32cube.ide.mcu.externaltools.gnu-tools-for-stm32.10.3-2021.10.win32_1.0.0.202111181127/tools/bin/../lib/gcc/arm-none-eabi/10.3.1/../../../../arm-none-eabi/lib/thumb/v7e-m+fp/hard\libc_nano.a
LOAD c:/st/stm32cubeide_1.8.0/stm32cubeide_1.9.0/stm32cubeide/plugins/com.st.stm32cube.ide.mcu.externaltools.gnu-tools-for-stm32.10.3-2021.10.win32_1.0.0.202111181127/tools/bin/../lib/gcc/arm-none-eabi/10.3.1/../../../../arm-none-eabi/lib/thumb/v7e-m+fp/hard\libnosys.a
END GROUP
START GROUP
LOAD c:/st/stm32cubeide_1.8.0/stm32cubeide_1.9.0/stm32cubeide/plugins/com.st.stm32cube.ide.mcu.externaltools.gnu-tools-for-stm32.10.3-2021.10.win32_1.0.0.202111181127/tools/bin/../lib/gcc/arm-none-eabi/10.3.1/thumb/v7e-m+fp/hard\libgcc.a
LOAD c:/st/stm32cubeide_1.8.0/stm32cubeide_1.9.0/stm32cubeide/plugins/com.st.stm32cube.ide.mcu.externaltools.gnu-tools-for-stm32.10.3-2021.10.win32_1.0.0.202111181127/tools/bin/../lib/gcc/arm-none-eabi/10.3.1/../../../../arm-none-eabi/lib/thumb/v7e-m+fp/hard\libc_nano.a
LOAD c:/st/stm32cubeide_1.8.0/stm32cubeide_1.9.0/stm32cubeide/plugins/com.st.stm32cube.ide.mcu.externaltools.gnu-tools-for-stm32.10.3-2021.10.win32_1.0.0.202111181127/tools/bin/../lib/gcc/arm-none-eabi/10.3.1/../../../../arm-none-eabi/lib/thumb/v7e-m+fp/hard\libnosys.a
END GROUP
LOAD c:/st/stm32cubeide_1.8.0/stm32cubeide_1.9.0/stm32cubeide/plugins/com.st.stm32cube.ide.mcu.externaltools.gnu-tools-for-stm32.10.3-2021.10.win32_1.0.0.202111181127/tools/bin/../lib/gcc/arm-none-eabi/10.3.1/thumb/v7e-m+fp/hard/crtend.o
LOAD c:/st/stm32cubeide_1.8.0/stm32cubeide_1.9.0/stm32cubeide/plugins/com.st.stm32cube.ide.mcu.externaltools.gnu-tools-for-stm32.10.3-2021.10.win32_1.0.0.202111181127/tools/bin/../lib/gcc/arm-none-eabi/10.3.1/thumb/v7e-m+fp/hard/crtn.o
                0x0000000020003000                _estack = (ORIGIN (RAM) + LENGTH (RAM))
                0x0000000000000200                _Min_Heap_Size = 0x200
                0x0000000000000400                _Min_Stack_Size = 0x400

.isr_vector     0x0000000008000000      0x188
                0x0000000008000000                . = ALIGN (0x4)
 *(.isr_vector)
 .isr_vector    0x0000000008000000      0x188 ./Startup/startup_stm32f334r8tx.o
                0x0000000008000000                g_pfnVectors
                0x0000000008000188                . = ALIGN (0x4)

.text           0x0000000008000190     0x61b0
                0x0000000008000190                . = ALIGN (0x4)
 *(.text)
 .text          0x0000000008000190       0x40 c:/st/stm32cubeide_1.8.0/stm32cubeide_1.9.0/stm32cubeide/plugins/com.st.stm32cube.ide.mcu.externaltools.gnu-tools-for-stm32.10.3-2021.10.win32_1.0.0.202111181127/tools/bin/../lib/gcc/arm-none-eabi/10.3.1/thumb/v7e-m+fp/hard/crtbegin.o
 *(.text*)
 .text.HAL_Init
                0x00000000080001d0       0x24 ./Drivers/STM32F3xx_HAL_Driver/Src/stm32f3xx_hal.o
                0x00000000080001d0                HAL_Init
 .text.HAL_IncTick
                0x00000000080001f4       0x18 ./Drivers/STM32F3xx_HAL_Driver/Src/stm32f3xx_hal.o
                0x00000000080001f4                HAL_IncTick
 .text.HAL_GetTick
                0x000000000800020c        0xc ./Drivers/STM32F3xx_HAL_Driver/Src/stm32f3xx_hal.o
                0x000000000800020c                HAL_GetTick
 .text.HAL_ADC_ConvCpltCallback
                0x0000000008000218        0x4 ./Drivers/STM32F3xx_HAL_Driver/Src/stm32f3xx_hal_adc.o
                0x0000000008000218                HAL_ADC_ConvCpltCallback
 .text.HAL_ADC_ConvHalfCpltCallback
                0x000000000800021c        0x4 ./Drivers/STM32F3xx_HAL_Driver/Src/stm32f3xx_hal_adc.o
                0x000000000800021c                HAL_ADC_ConvHalfCpltCallback
 .text.HAL_ADC_ErrorCallback
                0x0000000008000220        0x4 ./Drivers/STM32F3xx_HAL_Driver/Src/stm32f3xx_hal_adc.o
                0x0000000008000220                HAL_ADC_ErrorCallback
 .text.ADC_Disable
                0x0000000008000224       0x80 ./Drivers/STM32F3xx_HAL_Driver/Src/stm32f3xx_hal_adc_ex.o
 .text.ADC_Enable
                0x00000000080002a4       0x6c ./Drivers/STM32F3xx_HAL_Driver/Src/stm32f3xx_hal_adc_ex.o
 .text.ADC_DMAError
                0x0000000008000310       0x18 ./Drivers/STM32F3xx_HAL_Driver/Src/stm32f3xx_hal_adc_ex.o
 .text.ADC_DMAHalfConvCplt
                0x0000000008000328        0x8 ./Drivers/STM32F3xx_HAL_Driver/Src/stm32f3xx_hal_adc_ex.o
 .text.ADC_DMAConvCplt
                0x0000000008000330       0x44 ./Drivers/STM32F3xx_HAL_Driver/Src/stm32f3xx_hal_adc_ex.o
 .text.HAL_ADC_Init
                0x0000000008000374      0x210 ./Drivers/STM32F3xx_HAL_Driver/Src/stm32f3xx_hal_adc_ex.o
                0x0000000008000374                HAL_ADC_Init
 .text.HAL_ADC_Start_DMA
                0x0000000008000584      0x114 ./Drivers/STM32F3xx_HAL_Driver/Src/stm32f3xx_hal_adc_ex.o
                0x0000000008000584                HAL_ADC_Start_DMA
 .text.HAL_ADCEx_Calibration_Start
                0x0000000008000698       0x94 ./Drivers/STM32F3xx_HAL_Driver/Src/stm32f3xx_hal_adc_ex.o
                0x0000000008000698                HAL_ADCEx_Calibration_Start
 .text.HAL_ADCEx_Calibration_GetValue
                0x000000000800072c       0x14 ./Drivers/STM32F3xx_HAL_Driver/Src/stm32f3xx_hal_adc_ex.o
                0x000000000800072c                HAL_ADCEx_Calibration_GetValue
 .text.HAL_ADCEx_Calibration_SetValue
                0x0000000008000740       0x68 ./Drivers/STM32F3xx_HAL_Driver/Src/stm32f3xx_hal_adc_ex.o
                0x0000000008000740                HAL_ADCEx_Calibration_SetValue
 .text.HAL_ADC_ConfigChannel
                0x00000000080007a8      0x344 ./Drivers/STM32F3xx_HAL_Driver/Src/stm32f3xx_hal_adc_ex.o
                0x00000000080007a8                HAL_ADC_ConfigChannel
 .text.HAL_ADCEx_MultiModeConfigChannel
                0x0000000008000aec       0xe4 ./Drivers/STM32F3xx_HAL_Driver/Src/stm32f3xx_hal_adc_ex.o
                0x0000000008000aec                HAL_ADCEx_MultiModeConfigChannel
 .text.HAL_CAN_Init
                0x0000000008000bd0      0x100 ./Drivers/STM32F3xx_HAL_Driver/Src/stm32f3xx_hal_can.o
                0x0000000008000bd0                HAL_CAN_Init
 .text.HAL_NVIC_SetPriorityGrouping
                0x0000000008000cd0       0x24 ./Drivers/STM32F3xx_HAL_Driver/Src/stm32f3xx_hal_cortex.o
                0x0000000008000cd0                HAL_NVIC_SetPriorityGrouping
 .text.HAL_NVIC_SetPriority
                0x0000000008000cf4       0x7c ./Drivers/STM32F3xx_HAL_Driver/Src/stm32f3xx_hal_cortex.o
                0x0000000008000cf4                HAL_NVIC_SetPriority
 .text.HAL_NVIC_EnableIRQ
                0x0000000008000d70       0x1c ./Drivers/STM32F3xx_HAL_Driver/Src/stm32f3xx_hal_cortex.o
                0x0000000008000d70                HAL_NVIC_EnableIRQ
 .text.HAL_CRC_Init
                0x0000000008000d8c       0x7c ./Drivers/STM32F3xx_HAL_Driver/Src/stm32f3xx_hal_crc.o
                0x0000000008000d8c                HAL_CRC_Init
 .text.HAL_CRCEx_Polynomial_Set
                0x0000000008000e08       0x68 ./Drivers/STM32F3xx_HAL_Driver/Src/stm32f3xx_hal_crc_ex.o
                0x0000000008000e08                HAL_CRCEx_Polynomial_Set
 .text.HAL_DAC_Init
                0x0000000008000e70       0x2c ./Drivers/STM32F3xx_HAL_Driver/Src/stm32f3xx_hal_dac.o
                0x0000000008000e70                HAL_DAC_Init
 .text.HAL_DAC_DMAUnderrunCallbackCh1
                0x0000000008000e9c        0x4 ./Drivers/STM32F3xx_HAL_Driver/Src/stm32f3xx_hal_dac.o
                0x0000000008000e9c                HAL_DAC_DMAUnderrunCallbackCh1
 .text.HAL_DAC_SetValue
                0x0000000008000ea0       0x30 ./Drivers/STM32F3xx_HAL_Driver/Src/stm32f3xx_hal_dac_ex.o
                0x0000000008000ea0                HAL_DAC_SetValue
 .text.HAL_DAC_Start
                0x0000000008000ed0       0x54 ./Drivers/STM32F3xx_HAL_Driver/Src/stm32f3xx_hal_dac_ex.o
                0x0000000008000ed0                HAL_DAC_Start
 .text.HAL_DAC_ConfigChannel
                0x0000000008000f24       0x68 ./Drivers/STM32F3xx_HAL_Driver/Src/stm32f3xx_hal_dac_ex.o
                0x0000000008000f24                HAL_DAC_ConfigChannel
 .text.HAL_DACEx_DMAUnderrunCallbackCh2
                0x0000000008000f8c        0x4 ./Drivers/STM32F3xx_HAL_Driver/Src/stm32f3xx_hal_dac_ex.o
                0x0000000008000f8c                HAL_DACEx_DMAUnderrunCallbackCh2
 .text.HAL_DAC_IRQHandler
                0x0000000008000f90       0x64 ./Drivers/STM32F3xx_HAL_Driver/Src/stm32f3xx_hal_dac_ex.o
                0x0000000008000f90                HAL_DAC_IRQHandler
 .text.HAL_DMA_Init
                0x0000000008000ff4       0x64 ./Drivers/STM32F3xx_HAL_Driver/Src/stm32f3xx_hal_dma.o
                0x0000000008000ff4                HAL_DMA_Init
 .text.HAL_DMA_Start_IT
                0x0000000008001058       0x84 ./Drivers/STM32F3xx_HAL_Driver/Src/stm32f3xx_hal_dma.o
                0x0000000008001058                HAL_DMA_Start_IT
 .text.HAL_DMA_Abort
                0x00000000080010dc       0x44 ./Drivers/STM32F3xx_HAL_Driver/Src/stm32f3xx_hal_dma.o
                0x00000000080010dc                HAL_DMA_Abort
 .text.HAL_DMA_Abort_IT
                0x0000000008001120       0x44 ./Drivers/STM32F3xx_HAL_Driver/Src/stm32f3xx_hal_dma.o
                0x0000000008001120                HAL_DMA_Abort_IT
 .text.HAL_DMA_IRQHandler
                0x0000000008001164       0x94 ./Drivers/STM32F3xx_HAL_Driver/Src/stm32f3xx_hal_dma.o
                0x0000000008001164                HAL_DMA_IRQHandler
 .text.HAL_GPIO_Init
                0x00000000080011f8      0x1c8 ./Drivers/STM32F3xx_HAL_Driver/Src/stm32f3xx_hal_gpio.o
                0x00000000080011f8                HAL_GPIO_Init
 .text.HAL_GPIO_ReadPin
                0x00000000080013c0        0xc ./Drivers/STM32F3xx_HAL_Driver/Src/stm32f3xx_hal_gpio.o
                0x00000000080013c0                HAL_GPIO_ReadPin
 .text.HAL_GPIO_WritePin
                0x00000000080013cc        0xc ./Drivers/STM32F3xx_HAL_Driver/Src/stm32f3xx_hal_gpio.o
                0x00000000080013cc                HAL_GPIO_WritePin
 .text.HAL_GPIO_TogglePin
                0x00000000080013d8       0x14 ./Drivers/STM32F3xx_HAL_Driver/Src/stm32f3xx_hal_gpio.o
                0x00000000080013d8                HAL_GPIO_TogglePin
 .text.HAL_GPIO_EXTI_Callback
                0x00000000080013ec        0x4 ./Drivers/STM32F3xx_HAL_Driver/Src/stm32f3xx_hal_gpio.o
                0x00000000080013ec                HAL_GPIO_EXTI_Callback
 .text.HAL_GPIO_EXTI_IRQHandler
                0x00000000080013f0       0x18 ./Drivers/STM32F3xx_HAL_Driver/Src/stm32f3xx_hal_gpio.o
                0x00000000080013f0                HAL_GPIO_EXTI_IRQHandler
 .text.HAL_RCC_OscConfig
                0x0000000008001408      0x5d0 ./Drivers/STM32F3xx_HAL_Driver/Src/stm32f3xx_hal_rcc.o
                0x0000000008001408                HAL_RCC_OscConfig
 .text.HAL_RCC_ClockConfig
                0x00000000080019d8      0x1e8 ./Drivers/STM32F3xx_HAL_Driver/Src/stm32f3xx_hal_rcc.o
                0x00000000080019d8                HAL_RCC_ClockConfig
 .text.HAL_RCC_GetSysClockFreq
                0x0000000008001bc0       0x6c ./Drivers/STM32F3xx_HAL_Driver/Src/stm32f3xx_hal_rcc.o
                0x0000000008001bc0                HAL_RCC_GetSysClockFreq
 .text.HAL_RCC_GetPCLK1Freq
                0x0000000008001c2c       0x30 ./Drivers/STM32F3xx_HAL_Driver/Src/stm32f3xx_hal_rcc.o
                0x0000000008001c2c                HAL_RCC_GetPCLK1Freq
 .text.HAL_RCC_GetPCLK2Freq
                0x0000000008001c5c       0x30 ./Drivers/STM32F3xx_HAL_Driver/Src/stm32f3xx_hal_rcc.o
                0x0000000008001c5c                HAL_RCC_GetPCLK2Freq
 .text.HAL_RCC_GetClockConfig
                0x0000000008001c8c       0x44 ./Drivers/STM32F3xx_HAL_Driver/Src/stm32f3xx_hal_rcc.o
                0x0000000008001c8c                HAL_RCC_GetClockConfig
 .text.HAL_RCCEx_PeriphCLKConfig
                0x0000000008001cd0      0x190 ./Drivers/STM32F3xx_HAL_Driver/Src/stm32f3xx_hal_rcc_ex.o
                0x0000000008001cd0                HAL_RCCEx_PeriphCLKConfig
 .text.HAL_TIM_Base_Init
                0x0000000008001e60      0x100 ./Drivers/STM32F3xx_HAL_Driver/Src/stm32f3xx_hal_tim.o
                0x0000000008001e60                HAL_TIM_Base_Init
 .text.HAL_TIM_Base_Start_IT
                0x0000000008001f60       0x64 ./Drivers/STM32F3xx_HAL_Driver/Src/stm32f3xx_hal_tim.o
                0x0000000008001f60                HAL_TIM_Base_Start_IT
 .text.HAL_TIM_ConfigClockSource
                0x0000000008001fc4      0x160 ./Drivers/STM32F3xx_HAL_Driver/Src/stm32f3xx_hal_tim.o
                0x0000000008001fc4                HAL_TIM_ConfigClockSource
 .text.HAL_TIM_OC_DelayElapsedCallback
                0x0000000008002124        0x4 ./Drivers/STM32F3xx_HAL_Driver/Src/stm32f3xx_hal_tim.o
                0x0000000008002124                HAL_TIM_OC_DelayElapsedCallback
 .text.HAL_TIM_IC_CaptureCallback
                0x0000000008002128        0x4 ./Drivers/STM32F3xx_HAL_Driver/Src/stm32f3xx_hal_tim.o
                0x0000000008002128                HAL_TIM_IC_CaptureCallback
 .text.HAL_TIM_PWM_PulseFinishedCallback
                0x000000000800212c        0x4 ./Drivers/STM32F3xx_HAL_Driver/Src/stm32f3xx_hal_tim.o
                0x000000000800212c                HAL_TIM_PWM_PulseFinishedCallback
 .text.HAL_TIM_TriggerCallback
                0x0000000008002130        0x4 ./Drivers/STM32F3xx_HAL_Driver/Src/stm32f3xx_hal_tim.o
                0x0000000008002130                HAL_TIM_TriggerCallback
 .text.HAL_TIM_IRQHandler
                0x0000000008002134      0x170 ./Drivers/STM32F3xx_HAL_Driver/Src/stm32f3xx_hal_tim.o
                0x0000000008002134                HAL_TIM_IRQHandler
 .text.HAL_TIMEx_MasterConfigSynchronization
                0x00000000080022a4       0x78 ./Drivers/STM32F3xx_HAL_Driver/Src/stm32f3xx_hal_tim_ex.o
                0x00000000080022a4                HAL_TIMEx_MasterConfigSynchronization
 .text.HAL_TIMEx_CommutCallback
                0x000000000800231c        0x4 ./Drivers/STM32F3xx_HAL_Driver/Src/stm32f3xx_hal_tim_ex.o
                0x000000000800231c                HAL_TIMEx_CommutCallback
 .text.HAL_TIMEx_BreakCallback
                0x0000000008002320        0x4 ./Drivers/STM32F3xx_HAL_Driver/Src/stm32f3xx_hal_tim_ex.o
                0x0000000008002320                HAL_TIMEx_BreakCallback
 .text.HAL_TIMEx_Break2Callback
                0x0000000008002324        0x4 ./Drivers/STM32F3xx_HAL_Driver/Src/stm32f3xx_hal_tim_ex.o
                0x0000000008002324                HAL_TIMEx_Break2Callback
 .text.HAL_UART_TxCpltCallback
                0x0000000008002328        0x4 ./Drivers/STM32F3xx_HAL_Driver/Src/stm32f3xx_hal_uart.o
                0x0000000008002328                HAL_UART_TxCpltCallback
 .text.HAL_UART_RxCpltCallback
                0x000000000800232c        0x4 ./Drivers/STM32F3xx_HAL_Driver/Src/stm32f3xx_hal_uart.o
                0x000000000800232c                HAL_UART_RxCpltCallback
 .text.HAL_UART_ErrorCallback
                0x0000000008002330        0x4 ./Drivers/STM32F3xx_HAL_Driver/Src/stm32f3xx_hal_uart.o
                0x0000000008002330                HAL_UART_ErrorCallback
 .text.UART_DMAAbortOnError
                0x0000000008002334       0x14 ./Drivers/STM32F3xx_HAL_Driver/Src/stm32f3xx_hal_uart.o
 .text.HAL_UARTEx_RxEventCallback
                0x0000000008002348        0x4 ./Drivers/STM32F3xx_HAL_Driver/Src/stm32f3xx_hal_uart.o
                0x0000000008002348                HAL_UARTEx_RxEventCallback
 .text.HAL_UART_IRQHandler
                0x000000000800234c      0x300 ./Drivers/STM32F3xx_HAL_Driver/Src/stm32f3xx_hal_uart.o
                0x000000000800234c                HAL_UART_IRQHandler
 .text.UART_RxISR_8BIT.part.0
                0x000000000800264c       0x64 ./Drivers/STM32F3xx_HAL_Driver/Src/stm32f3xx_hal_uart.o
 .text.UART_RxISR_16BIT
                0x00000000080026b0       0x40 ./Drivers/STM32F3xx_HAL_Driver/Src/stm32f3xx_hal_uart.o
 .text.UART_RxISR_8BIT
                0x00000000080026f0       0x40 ./Drivers/STM32F3xx_HAL_Driver/Src/stm32f3xx_hal_uart.o
 .text.UART_AdvFeatureConfig
                0x0000000008002730       0xb0 ./Drivers/STM32F3xx_HAL_Driver/Src/stm32f3xx_hal_uart.o
                0x0000000008002730                UART_AdvFeatureConfig
 .text.UART_WaitOnFlagUntilTimeout
                0x00000000080027e0       0xe8 ./Drivers/STM32F3xx_HAL_Driver/Src/stm32f3xx_hal_uart.o
                0x00000000080027e0                UART_WaitOnFlagUntilTimeout
 .text.HAL_UART_Transmit
                0x00000000080028c8      0x17c ./Drivers/STM32F3xx_HAL_Driver/Src/stm32f3xx_hal_uart.o
                0x00000000080028c8                HAL_UART_Transmit
 .text.HAL_UART_Init
                0x0000000008002a44      0x25c ./Drivers/STM32F3xx_HAL_Driver/Src/stm32f3xx_hal_uart.o
                0x0000000008002a44                HAL_UART_Init
 .text.UART_Start_Receive_IT
                0x0000000008002ca0       0xbc ./Drivers/STM32F3xx_HAL_Driver/Src/stm32f3xx_hal_uart.o
                0x0000000008002ca0                UART_Start_Receive_IT
 .text.HAL_UART_Receive_IT
                0x0000000008002d5c       0x44 ./Drivers/STM32F3xx_HAL_Driver/Src/stm32f3xx_hal_uart.o
                0x0000000008002d5c                HAL_UART_Receive_IT
 .text.HAL_UARTEx_WakeupCallback
                0x0000000008002da0        0x4 ./Drivers/STM32F3xx_HAL_Driver/Src/stm32f3xx_hal_uart_ex.o
                0x0000000008002da0                HAL_UARTEx_WakeupCallback
 .text.osKernelInitialize
                0x0000000008002da4       0x34 ./Middlewares/Third_Party/FreeRTOS/Source/CMSIS_RTOS_V2/cmsis_os2.o
                0x0000000008002da4                osKernelInitialize
 .text.osKernelStart
                0x0000000008002dd8       0x44 ./Middlewares/Third_Party/FreeRTOS/Source/CMSIS_RTOS_V2/cmsis_os2.o
                0x0000000008002dd8                osKernelStart
 .text.osThreadNew
                0x0000000008002e1c       0xc4 ./Middlewares/Third_Party/FreeRTOS/Source/CMSIS_RTOS_V2/cmsis_os2.o
                0x0000000008002e1c                osThreadNew
 .text.osDelay  0x0000000008002ee0       0x34 ./Middlewares/Third_Party/FreeRTOS/Source/CMSIS_RTOS_V2/cmsis_os2.o
                0x0000000008002ee0                osDelay
 .text.vApplicationGetIdleTaskMemory
                0x0000000008002f14       0x1c ./Middlewares/Third_Party/FreeRTOS/Source/CMSIS_RTOS_V2/cmsis_os2.o
                0x0000000008002f14                vApplicationGetIdleTaskMemory
 .text.vApplicationGetTimerTaskMemory
                0x0000000008002f30       0x20 ./Middlewares/Third_Party/FreeRTOS/Source/CMSIS_RTOS_V2/cmsis_os2.o
                0x0000000008002f30                vApplicationGetTimerTaskMemory
 .text.vListInitialise
                0x0000000008002f50       0x18 ./Middlewares/Third_Party/FreeRTOS/Source/list.o
                0x0000000008002f50                vListInitialise
 .text.vListInitialiseItem
                0x0000000008002f68        0x8 ./Middlewares/Third_Party/FreeRTOS/Source/list.o
                0x0000000008002f68                vListInitialiseItem
 .text.vListInsertEnd
                0x0000000008002f70       0x20 ./Middlewares/Third_Party/FreeRTOS/Source/list.o
                0x0000000008002f70                vListInsertEnd
 .text.vListInsert
                0x0000000008002f90       0x30 ./Middlewares/Third_Party/FreeRTOS/Source/list.o
                0x0000000008002f90                vListInsert
 .text.uxListRemove
                0x0000000008002fc0       0x28 ./Middlewares/Third_Party/FreeRTOS/Source/list.o
                0x0000000008002fc0                uxListRemove
 .text.prvCopyDataToQueue
                0x0000000008002fe8       0x78 ./Middlewares/Third_Party/FreeRTOS/Source/queue.o
 .text.xQueueGenericCreateStatic
                0x0000000008003060       0xe0 ./Middlewares/Third_Party/FreeRTOS/Source/queue.o
                0x0000000008003060                xQueueGenericCreateStatic
 .text.xQueueGenericSend
                0x0000000008003140      0x2fc ./Middlewares/Third_Party/FreeRTOS/Source/queue.o
                0x0000000008003140                xQueueGenericSend
 .text.xQueueReceive
                0x000000000800343c      0x304 ./Middlewares/Third_Party/FreeRTOS/Source/queue.o
                0x000000000800343c                xQueueReceive
 .text.vQueueAddToRegistry
                0x0000000008003740       0x50 ./Middlewares/Third_Party/FreeRTOS/Source/queue.o
                0x0000000008003740                vQueueAddToRegistry
 .text.vQueueWaitForMessageRestricted
                0x0000000008003790       0xc8 ./Middlewares/Third_Party/FreeRTOS/Source/queue.o
                0x0000000008003790                vQueueWaitForMessageRestricted
 .text.prvAddNewTaskToReadyList
                0x0000000008003858      0x110 ./Middlewares/Third_Party/FreeRTOS/Source/tasks.o
 .text.prvInitialiseNewTask.constprop.0
                0x0000000008003968      0x148 ./Middlewares/Third_Party/FreeRTOS/Source/tasks.o
 .text.prvIdleTask
                0x0000000008003ab0       0xa0 ./Middlewares/Third_Party/FreeRTOS/Source/tasks.o
 .text.xTaskCreateStatic
                0x0000000008003b50       0x70 ./Middlewares/Third_Party/FreeRTOS/Source/tasks.o
                0x0000000008003b50                xTaskCreateStatic
 .text.xTaskCreate
                0x0000000008003bc0       0x64 ./Middlewares/Third_Party/FreeRTOS/Source/tasks.o
                0x0000000008003bc0                xTaskCreate
 .text.vTaskStartScheduler
                0x0000000008003c24       0xf4 ./Middlewares/Third_Party/FreeRTOS/Source/tasks.o
                0x0000000008003c24                vTaskStartScheduler
 .text.vTaskSuspendAll
                0x0000000008003d18       0x10 ./Middlewares/Third_Party/FreeRTOS/Source/tasks.o
                0x0000000008003d18                vTaskSuspendAll
 .text.xTaskGetTickCount
                0x0000000008003d28        0xc ./Middlewares/Third_Party/FreeRTOS/Source/tasks.o
                0x0000000008003d28                xTaskGetTickCount
 .text.xTaskIncrementTick
                0x0000000008003d34      0x164 ./Middlewares/Third_Party/FreeRTOS/Source/tasks.o
                0x0000000008003d34                xTaskIncrementTick
 .text.xTaskResumeAll.part.0
                0x0000000008003e98      0x120 ./Middlewares/Third_Party/FreeRTOS/Source/tasks.o
 .text.xTaskResumeAll
                0x0000000008003fb8       0x20 ./Middlewares/Third_Party/FreeRTOS/Source/tasks.o
                0x0000000008003fb8                xTaskResumeAll
 .text.vTaskDelay
                0x0000000008003fd8       0xac ./Middlewares/Third_Party/FreeRTOS/Source/tasks.o
                0x0000000008003fd8                vTaskDelay
 .text.vTaskSwitchContext
                0x0000000008004084       0x94 ./Middlewares/Third_Party/FreeRTOS/Source/tasks.o
                0x0000000008004084                vTaskSwitchContext
 .text.vTaskPlaceOnEventList
                0x0000000008004118       0x88 ./Middlewares/Third_Party/FreeRTOS/Source/tasks.o
                0x0000000008004118                vTaskPlaceOnEventList
 .text.vTaskPlaceOnEventListRestricted
                0x00000000080041a0       0x94 ./Middlewares/Third_Party/FreeRTOS/Source/tasks.o
                0x00000000080041a0                vTaskPlaceOnEventListRestricted
 .text.xTaskRemoveFromEventList
                0x0000000008004234       0x90 ./Middlewares/Third_Party/FreeRTOS/Source/tasks.o
                0x0000000008004234                xTaskRemoveFromEventList
 .text.vTaskInternalSetTimeOutState
                0x00000000080042c4       0x18 ./Middlewares/Third_Party/FreeRTOS/Source/tasks.o
                0x00000000080042c4                vTaskInternalSetTimeOutState
 .text.xTaskCheckForTimeOut
                0x00000000080042dc       0x90 ./Middlewares/Third_Party/FreeRTOS/Source/tasks.o
                0x00000000080042dc                xTaskCheckForTimeOut
 .text.vTaskMissedYield
                0x000000000800436c        0xc ./Middlewares/Third_Party/FreeRTOS/Source/tasks.o
                0x000000000800436c                vTaskMissedYield
 .text.xTaskGetSchedulerState
                0x0000000008004378       0x20 ./Middlewares/Third_Party/FreeRTOS/Source/tasks.o
                0x0000000008004378                xTaskGetSchedulerState
 .text.xTaskPriorityDisinherit
                0x0000000008004398       0x8c ./Middlewares/Third_Party/FreeRTOS/Source/tasks.o
                0x0000000008004398                xTaskPriorityDisinherit
 .text.prvSwitchTimerLists
                0x0000000008004424       0x98 ./Middlewares/Third_Party/FreeRTOS/Source/timers.o
 .text.prvTimerTask
                0x00000000080044bc      0x264 ./Middlewares/Third_Party/FreeRTOS/Source/timers.o
 .text.xTimerCreateTimerTask
                0x0000000008004720       0xbc ./Middlewares/Third_Party/FreeRTOS/Source/timers.o
                0x0000000008004720                xTimerCreateTimerTask
 .text.prvPortStartFirstTask
                0x00000000080047dc       0x28 ./Middlewares/Third_Party/FreeRTOS/Source/portable/GCC/ARM_CM4F/port.o
 .text.vPortEnableVFP
                0x0000000008004804       0x14 ./Middlewares/Third_Party/FreeRTOS/Source/portable/GCC/ARM_CM4F/port.o
 .text.prvTaskExitError
                0x0000000008004818       0x40 ./Middlewares/Third_Party/FreeRTOS/Source/portable/GCC/ARM_CM4F/port.o
 .text.pxPortInitialiseStack
                0x0000000008004858       0x28 ./Middlewares/Third_Party/FreeRTOS/Source/portable/GCC/ARM_CM4F/port.o
                0x0000000008004858                pxPortInitialiseStack
 .text.SVC_Handler
                0x0000000008004880       0x24 ./Middlewares/Third_Party/FreeRTOS/Source/portable/GCC/ARM_CM4F/port.o
                0x0000000008004880                SVC_Handler
 .text.vPortEnterCritical
                0x00000000080048a4       0x44 ./Middlewares/Third_Party/FreeRTOS/Source/portable/GCC/ARM_CM4F/port.o
                0x00000000080048a4                vPortEnterCritical
 .text.vPortExitCritical
                0x00000000080048e8       0x28 ./Middlewares/Third_Party/FreeRTOS/Source/portable/GCC/ARM_CM4F/port.o
                0x00000000080048e8                vPortExitCritical
 .text.PendSV_Handler
                0x0000000008004910       0x64 ./Middlewares/Third_Party/FreeRTOS/Source/portable/GCC/ARM_CM4F/port.o
                0x0000000008004910                PendSV_Handler
 .text.SysTick_Handler
                0x0000000008004974       0x2c ./Middlewares/Third_Party/FreeRTOS/Source/portable/GCC/ARM_CM4F/port.o
                0x0000000008004974                SysTick_Handler
 .text.vPortSetupTimerInterrupt
                0x00000000080049a0       0x28 ./Middlewares/Third_Party/FreeRTOS/Source/portable/GCC/ARM_CM4F/port.o
                0x00000000080049a0                vPortSetupTimerInterrupt
 .text.xPortStartScheduler
                0x00000000080049c8      0x140 ./Middlewares/Third_Party/FreeRTOS/Source/portable/GCC/ARM_CM4F/port.o
                0x00000000080049c8                xPortStartScheduler
 .text.pvPortMalloc
                0x0000000008004b08      0x164 ./Middlewares/Third_Party/FreeRTOS/Source/portable/MemMang/heap_4.o
                0x0000000008004b08                pvPortMalloc
 .text.vPortFree
                0x0000000008004c6c       0xb8 ./Middlewares/Third_Party/FreeRTOS/Source/portable/MemMang/heap_4.o
                0x0000000008004c6c                vPortFree
 .text.ADC_CaculationFunc
                0x0000000008004d24      0x4a0 ./Src/ADC_Calculation.o
                0x0000000008004d24                ADC_CaculationFunc
 .text.BoardCommFunc
                0x00000000080051c4       0x48 ./Src/BoardComm.o
                0x00000000080051c4                BoardCommFunc
 .text.SputterFunc
                0x000000000800520c      0x2c0 ./Src/Sputter.o
                0x000000000800520c                SputterFunc
 .text.StartDefaultTask
                0x00000000080054cc        0xc ./Src/main.o
                0x00000000080054cc                StartDefaultTask
 .text.ADCcalculationTask
                0x00000000080054d8        0x8 ./Src/main.o
                0x00000000080054d8                ADCcalculationTask
 .text.BoardCommunicanTask
                0x00000000080054e0        0x8 ./Src/main.o
                0x00000000080054e0                BoardCommunicanTask
 .text.SputterTask
                0x00000000080054e8        0x8 ./Src/main.o
                0x00000000080054e8                SputterTask
 .text.SystemClock_Config
                0x00000000080054f0       0x90 ./Src/main.o
                0x00000000080054f0                SystemClock_Config
 .text.startup.main
                0x0000000008005580      0x4f4 ./Src/main.o
                0x0000000008005580                main
 .text.HAL_TIM_PeriodElapsedCallback
                0x0000000008005a74       0x14 ./Src/main.o
                0x0000000008005a74                HAL_TIM_PeriodElapsedCallback
 .text.Error_Handler
                0x0000000008005a88        0x4 ./Src/main.o
                0x0000000008005a88                Error_Handler
 .text.HAL_MspInit
                0x0000000008005a8c       0x40 ./Src/stm32f3xx_hal_msp.o
                0x0000000008005a8c                HAL_MspInit
 .text.HAL_ADC_MspInit
                0x0000000008005acc      0x114 ./Src/stm32f3xx_hal_msp.o
                0x0000000008005acc                HAL_ADC_MspInit
 .text.HAL_CAN_MspInit
                0x0000000008005be0       0x74 ./Src/stm32f3xx_hal_msp.o
                0x0000000008005be0                HAL_CAN_MspInit
 .text.HAL_CRC_MspInit
                0x0000000008005c54       0x2c ./Src/stm32f3xx_hal_msp.o
                0x0000000008005c54                HAL_CRC_MspInit
 .text.HAL_DAC_MspInit
                0x0000000008005c80       0x70 ./Src/stm32f3xx_hal_msp.o
                0x0000000008005c80                HAL_DAC_MspInit
 .text.HAL_TIM_Base_MspInit
                0x0000000008005cf0       0x40 ./Src/stm32f3xx_hal_msp.o
                0x0000000008005cf0                HAL_TIM_Base_MspInit
 .text.HAL_UART_MspInit
                0x0000000008005d30       0x78 ./Src/stm32f3xx_hal_msp.o
                0x0000000008005d30                HAL_UART_MspInit
 .text.HAL_InitTick
                0x0000000008005da8       0xa4 ./Src/stm32f3xx_hal_timebase_tim.o
                0x0000000008005da8                HAL_InitTick
 .text.DMA1_Channel1_IRQHandler
                0x0000000008005e4c        0xc ./Src/stm32f3xx_it.o
                0x0000000008005e4c                DMA1_Channel1_IRQHandler
 .text.DMA1_Channel2_IRQHandler
                0x0000000008005e58        0xc ./Src/stm32f3xx_it.o
                0x0000000008005e58                DMA1_Channel2_IRQHandler
 .text.EXTI9_5_IRQHandler
                0x0000000008005e64       0x18 ./Src/stm32f3xx_it.o
                0x0000000008005e64                EXTI9_5_IRQHandler
 .text.TIM1_UP_TIM16_IRQHandler
                0x0000000008005e7c       0x98 ./Src/stm32f3xx_it.o
                0x0000000008005e7c                TIM1_UP_TIM16_IRQHandler
 .text.USART2_IRQHandler
                0x0000000008005f14       0xc0 ./Src/stm32f3xx_it.o
                0x0000000008005f14                USART2_IRQHandler
 .text.EXTI15_10_IRQHandler
                0x0000000008005fd4       0x18 ./Src/stm32f3xx_it.o
                0x0000000008005fd4                EXTI15_10_IRQHandler
 .text.TIM6_DAC1_IRQHandler
                0x0000000008005fec       0x1c ./Src/stm32f3xx_it.o
                0x0000000008005fec                TIM6_DAC1_IRQHandler
 .text.SystemInit
                0x0000000008006008       0x14 ./Src/system_stm32f3xx.o
                0x0000000008006008                SystemInit
 .text.uart_receiver
                0x000000000800601c       0xbc ./Src/uart_mgr.o
                0x000000000800601c                uart_receiver
 .text.Reset_Handler
                0x00000000080060d8       0x50 ./Startup/startup_stm32f334r8tx.o
                0x00000000080060d8                Reset_Handler
 .text.Default_Handler
                0x0000000008006128        0x2 ./Startup/startup_stm32f334r8tx.o
                0x0000000008006128                RTC_Alarm_IRQHandler
                0x0000000008006128                HRTIM1_Master_IRQHandler
                0x0000000008006128                DebugMon_Handler
                0x0000000008006128                TIM1_CC_IRQHandler
                0x0000000008006128                HardFault_Handler
                0x0000000008006128                HRTIM1_FLT_IRQHandler
                0x0000000008006128                PVD_IRQHandler
                0x0000000008006128                HRTIM1_TIMD_IRQHandler
                0x0000000008006128                TAMP_STAMP_IRQHandler
                0x0000000008006128                NMI_Handler
                0x0000000008006128                EXTI3_IRQHandler
                0x0000000008006128                EXTI0_IRQHandler
                0x0000000008006128                FPU_IRQHandler
                0x0000000008006128                CAN_TX_IRQHandler
                0x0000000008006128                UsageFault_Handler
                0x0000000008006128                ADC1_2_IRQHandler
                0x0000000008006128                HRTIM1_TIME_IRQHandler
                0x0000000008006128                SPI1_IRQHandler
                0x0000000008006128                CAN_SCE_IRQHandler
                0x0000000008006128                HRTIM1_TIMC_IRQHandler
                0x0000000008006128                DMA1_Channel4_IRQHandler
                0x0000000008006128                USART3_IRQHandler
                0x0000000008006128                DMA1_Channel7_IRQHandler
                0x0000000008006128                TIM7_DAC2_IRQHandler
                0x0000000008006128                CAN_RX1_IRQHandler
                0x0000000008006128                I2C1_EV_IRQHandler
                0x0000000008006128                DMA1_Channel6_IRQHandler
                0x0000000008006128                TIM3_IRQHandler
                0x0000000008006128                RCC_IRQHandler
                0x0000000008006128                Default_Handler
                0x0000000008006128                COMP2_IRQHandler
                0x0000000008006128                HRTIM1_TIMA_IRQHandler
                0x0000000008006128                RTC_WKUP_IRQHandler
                0x0000000008006128                MemManage_Handler
                0x0000000008006128                DMA1_Channel5_IRQHandler
                0x0000000008006128                EXTI4_IRQHandler
                0x0000000008006128                HRTIM1_TIMB_IRQHandler
                0x0000000008006128                TIM1_TRG_COM_TIM17_IRQHandler
                0x0000000008006128                DMA1_Channel3_IRQHandler
                0x0000000008006128                WWDG_IRQHandler
                0x0000000008006128                TIM2_IRQHandler
                0x0000000008006128                EXTI1_IRQHandler
                0x0000000008006128                COMP4_6_IRQHandler
                0x0000000008006128                FLASH_IRQHandler
                0x0000000008006128                BusFault_Handler
                0x0000000008006128                USART1_IRQHandler
                0x0000000008006128                CAN_RX0_IRQHandler
                0x0000000008006128                I2C1_ER_IRQHandler
                0x0000000008006128                EXTI2_TSC_IRQHandler
                0x0000000008006128                TIM1_BRK_TIM15_IRQHandler
 *fill*         0x000000000800612a        0x2 
 .text.__libc_init_array
                0x000000000800612c       0x48 c:/st/stm32cubeide_1.8.0/stm32cubeide_1.9.0/stm32cubeide/plugins/com.st.stm32cube.ide.mcu.externaltools.gnu-tools-for-stm32.10.3-2021.10.win32_1.0.0.202111181127/tools/bin/../lib/gcc/arm-none-eabi/10.3.1/../../../../arm-none-eabi/lib/thumb/v7e-m+fp/hard\libc_nano.a(lib_a-init.o)
                0x000000000800612c                __libc_init_array
 .text.__retarget_lock_acquire_recursive
                0x0000000008006174        0x2 c:/st/stm32cubeide_1.8.0/stm32cubeide_1.9.0/stm32cubeide/plugins/com.st.stm32cube.ide.mcu.externaltools.gnu-tools-for-stm32.10.3-2021.10.win32_1.0.0.202111181127/tools/bin/../lib/gcc/arm-none-eabi/10.3.1/../../../../arm-none-eabi/lib/thumb/v7e-m+fp/hard\libc_nano.a(lib_a-lock.o)
                0x0000000008006174                __retarget_lock_acquire_recursive
 .text.__retarget_lock_release_recursive
                0x0000000008006176        0x2 c:/st/stm32cubeide_1.8.0/stm32cubeide_1.9.0/stm32cubeide/plugins/com.st.stm32cube.ide.mcu.externaltools.gnu-tools-for-stm32.10.3-2021.10.win32_1.0.0.202111181127/tools/bin/../lib/gcc/arm-none-eabi/10.3.1/../../../../arm-none-eabi/lib/thumb/v7e-m+fp/hard\libc_nano.a(lib_a-lock.o)
                0x0000000008006176                __retarget_lock_release_recursive
 .text.memcpy   0x0000000008006178       0x1c c:/st/stm32cubeide_1.8.0/stm32cubeide_1.9.0/stm32cubeide/plugins/com.st.stm32cube.ide.mcu.externaltools.gnu-tools-for-stm32.10.3-2021.10.win32_1.0.0.202111181127/tools/bin/../lib/gcc/arm-none-eabi/10.3.1/../../../../arm-none-eabi/lib/thumb/v7e-m+fp/hard\libc_nano.a(lib_a-memcpy-stub.o)
                0x0000000008006178                memcpy
 .text.memset   0x0000000008006194       0x10 c:/st/stm32cubeide_1.8.0/stm32cubeide_1.9.0/stm32cubeide/plugins/com.st.stm32cube.ide.mcu.externaltools.gnu-tools-for-stm32.10.3-2021.10.win32_1.0.0.202111181127/tools/bin/../lib/gcc/arm-none-eabi/10.3.1/../../../../arm-none-eabi/lib/thumb/v7e-m+fp/hard\libc_nano.a(lib_a-memset.o)
                0x0000000008006194                memset
 .text.cleanup_glue
                0x00000000080061a4       0x1a c:/st/stm32cubeide_1.8.0/stm32cubeide_1.9.0/stm32cubeide/plugins/com.st.stm32cube.ide.mcu.externaltools.gnu-tools-for-stm32.10.3-2021.10.win32_1.0.0.202111181127/tools/bin/../lib/gcc/arm-none-eabi/10.3.1/../../../../arm-none-eabi/lib/thumb/v7e-m+fp/hard\libc_nano.a(lib_a-reent.o)
                0x00000000080061a4                cleanup_glue
 *fill*         0x00000000080061be        0x2 
 .text._reclaim_reent
                0x00000000080061c0       0xb8 c:/st/stm32cubeide_1.8.0/stm32cubeide_1.9.0/stm32cubeide/plugins/com.st.stm32cube.ide.mcu.externaltools.gnu-tools-for-stm32.10.3-2021.10.win32_1.0.0.202111181127/tools/bin/../lib/gcc/arm-none-eabi/10.3.1/../../../../arm-none-eabi/lib/thumb/v7e-m+fp/hard\libc_nano.a(lib_a-reent.o)
                0x00000000080061c0                _reclaim_reent
 .text.__malloc_lock
                0x0000000008006278        0xc c:/st/stm32cubeide_1.8.0/stm32cubeide_1.9.0/stm32cubeide/plugins/com.st.stm32cube.ide.mcu.externaltools.gnu-tools-for-stm32.10.3-2021.10.win32_1.0.0.202111181127/tools/bin/../lib/gcc/arm-none-eabi/10.3.1/../../../../arm-none-eabi/lib/thumb/v7e-m+fp/hard\libc_nano.a(lib_a-mlock.o)
                0x0000000008006278                __malloc_lock
 .text.__malloc_unlock
                0x0000000008006284        0xc c:/st/stm32cubeide_1.8.0/stm32cubeide_1.9.0/stm32cubeide/plugins/com.st.stm32cube.ide.mcu.externaltools.gnu-tools-for-stm32.10.3-2021.10.win32_1.0.0.202111181127/tools/bin/../lib/gcc/arm-none-eabi/10.3.1/../../../../arm-none-eabi/lib/thumb/v7e-m+fp/hard\libc_nano.a(lib_a-mlock.o)
                0x0000000008006284                __malloc_unlock
 .text._free_r  0x0000000008006290       0x98 c:/st/stm32cubeide_1.8.0/stm32cubeide_1.9.0/stm32cubeide/plugins/com.st.stm32cube.ide.mcu.externaltools.gnu-tools-for-stm32.10.3-2021.10.win32_1.0.0.202111181127/tools/bin/../lib/gcc/arm-none-eabi/10.3.1/../../../../arm-none-eabi/lib/thumb/v7e-m+fp/hard\libc_nano.a(lib_a-nano-freer.o)
                0x0000000008006290                _free_r
 *(.glue_7)
 .glue_7        0x0000000008006328        0x0 linker stubs
 *(.glue_7t)
 .glue_7t       0x0000000008006328        0x0 linker stubs
 *(.eh_frame)
 .eh_frame      0x0000000008006328        0x0 c:/st/stm32cubeide_1.8.0/stm32cubeide_1.9.0/stm32cubeide/plugins/com.st.stm32cube.ide.mcu.externaltools.gnu-tools-for-stm32.10.3-2021.10.win32_1.0.0.202111181127/tools/bin/../lib/gcc/arm-none-eabi/10.3.1/thumb/v7e-m+fp/hard/crtbegin.o
 *(.init)
 .init          0x0000000008006328        0x4 c:/st/stm32cubeide_1.8.0/stm32cubeide_1.9.0/stm32cubeide/plugins/com.st.stm32cube.ide.mcu.externaltools.gnu-tools-for-stm32.10.3-2021.10.win32_1.0.0.202111181127/tools/bin/../lib/gcc/arm-none-eabi/10.3.1/thumb/v7e-m+fp/hard/crti.o
                0x0000000008006328                _init
 .init          0x000000000800632c        0x8 c:/st/stm32cubeide_1.8.0/stm32cubeide_1.9.0/stm32cubeide/plugins/com.st.stm32cube.ide.mcu.externaltools.gnu-tools-for-stm32.10.3-2021.10.win32_1.0.0.202111181127/tools/bin/../lib/gcc/arm-none-eabi/10.3.1/thumb/v7e-m+fp/hard/crtn.o
 *(.fini)
 .fini          0x0000000008006334        0x4 c:/st/stm32cubeide_1.8.0/stm32cubeide_1.9.0/stm32cubeide/plugins/com.st.stm32cube.ide.mcu.externaltools.gnu-tools-for-stm32.10.3-2021.10.win32_1.0.0.202111181127/tools/bin/../lib/gcc/arm-none-eabi/10.3.1/thumb/v7e-m+fp/hard/crti.o
                0x0000000008006334                _fini
 .fini          0x0000000008006338        0x8 c:/st/stm32cubeide_1.8.0/stm32cubeide_1.9.0/stm32cubeide/plugins/com.st.stm32cube.ide.mcu.externaltools.gnu-tools-for-stm32.10.3-2021.10.win32_1.0.0.202111181127/tools/bin/../lib/gcc/arm-none-eabi/10.3.1/thumb/v7e-m+fp/hard/crtn.o
                0x0000000008006340                . = ALIGN (0x4)
                0x0000000008006340                _etext = .

.vfp11_veneer   0x0000000008006340        0x0
 .vfp11_veneer  0x0000000008006340        0x0 linker stubs

.v4_bx          0x0000000008006340        0x0
 .v4_bx         0x0000000008006340        0x0 linker stubs

.iplt           0x0000000008006340        0x0
 .iplt          0x0000000008006340        0x0 c:/st/stm32cubeide_1.8.0/stm32cubeide_1.9.0/stm32cubeide/plugins/com.st.stm32cube.ide.mcu.externaltools.gnu-tools-for-stm32.10.3-2021.10.win32_1.0.0.202111181127/tools/bin/../lib/gcc/arm-none-eabi/10.3.1/thumb/v7e-m+fp/hard/crtbegin.o

.rodata         0x0000000008006340      0x178
                0x0000000008006340                . = ALIGN (0x4)
 *(.rodata)
 *(.rodata*)
 .rodata.aPLLMULFactorTable
                0x0000000008006340       0x10 ./Drivers/STM32F3xx_HAL_Driver/Src/stm32f3xx_hal_rcc.o
                0x0000000008006340                aPLLMULFactorTable
 .rodata.aPredivFactorTable
                0x0000000008006350       0x10 ./Drivers/STM32F3xx_HAL_Driver/Src/stm32f3xx_hal_rcc.o
                0x0000000008006350                aPredivFactorTable
 .rodata.CSWTCH.53
                0x0000000008006360        0x3 ./Drivers/STM32F3xx_HAL_Driver/Src/stm32f3xx_hal_uart.o
 *fill*         0x0000000008006363        0x1 
 .rodata.vTaskStartScheduler.str1.4
                0x0000000008006364        0x5 ./Middlewares/Third_Party/FreeRTOS/Source/tasks.o
 *fill*         0x0000000008006369        0x3 
 .rodata.xTimerCreateTimerTask.str1.4
                0x000000000800636c       0x10 ./Middlewares/Third_Party/FreeRTOS/Source/timers.o
 .rodata.str1.4
                0x000000000800637c       0x34 ./Src/main.o
 .rodata.ADCcalculation_attributes
                0x00000000080063b0       0x24 ./Src/main.o
                0x00000000080063b0                ADCcalculation_attributes
 .rodata.BoardCommunican_attributes
                0x00000000080063d4       0x24 ./Src/main.o
                0x00000000080063d4                BoardCommunican_attributes
 .rodata.Sputter_attributes
                0x00000000080063f8       0x24 ./Src/main.o
                0x00000000080063f8                Sputter_attributes
 .rodata.defaultTask_attributes
                0x000000000800641c       0x24 ./Src/main.o
                0x000000000800641c                defaultTask_attributes
 .rodata.AHBPrescTable
                0x0000000008006440       0x10 ./Src/system_stm32f3xx.o
                0x0000000008006440                AHBPrescTable
 .rodata.APBPrescTable
                0x0000000008006450        0x8 ./Src/system_stm32f3xx.o
                0x0000000008006450                APBPrescTable
 .rodata.__sf_fake_stderr
                0x0000000008006458       0x20 c:/st/stm32cubeide_1.8.0/stm32cubeide_1.9.0/stm32cubeide/plugins/com.st.stm32cube.ide.mcu.externaltools.gnu-tools-for-stm32.10.3-2021.10.win32_1.0.0.202111181127/tools/bin/../lib/gcc/arm-none-eabi/10.3.1/../../../../arm-none-eabi/lib/thumb/v7e-m+fp/hard\libc_nano.a(lib_a-findfp.o)
                0x0000000008006458                __sf_fake_stderr
 .rodata.__sf_fake_stdin
                0x0000000008006478       0x20 c:/st/stm32cubeide_1.8.0/stm32cubeide_1.9.0/stm32cubeide/plugins/com.st.stm32cube.ide.mcu.externaltools.gnu-tools-for-stm32.10.3-2021.10.win32_1.0.0.202111181127/tools/bin/../lib/gcc/arm-none-eabi/10.3.1/../../../../arm-none-eabi/lib/thumb/v7e-m+fp/hard\libc_nano.a(lib_a-findfp.o)
                0x0000000008006478                __sf_fake_stdin
 .rodata.__sf_fake_stdout
                0x0000000008006498       0x20 c:/st/stm32cubeide_1.8.0/stm32cubeide_1.9.0/stm32cubeide/plugins/com.st.stm32cube.ide.mcu.externaltools.gnu-tools-for-stm32.10.3-2021.10.win32_1.0.0.202111181127/tools/bin/../lib/gcc/arm-none-eabi/10.3.1/../../../../arm-none-eabi/lib/thumb/v7e-m+fp/hard\libc_nano.a(lib_a-findfp.o)
                0x0000000008006498                __sf_fake_stdout
                0x00000000080064b8                . = ALIGN (0x4)

.rel.dyn        0x00000000080064b8        0x0
 .rel.iplt      0x00000000080064b8        0x0 c:/st/stm32cubeide_1.8.0/stm32cubeide_1.9.0/stm32cubeide/plugins/com.st.stm32cube.ide.mcu.externaltools.gnu-tools-for-stm32.10.3-2021.10.win32_1.0.0.202111181127/tools/bin/../lib/gcc/arm-none-eabi/10.3.1/thumb/v7e-m+fp/hard/crtbegin.o

.ARM.extab      0x00000000080064b8        0x0
                0x00000000080064b8                . = ALIGN (0x4)
 *(.ARM.extab* .gnu.linkonce.armextab.*)
                0x00000000080064b8                . = ALIGN (0x4)

.ARM            0x00000000080064b8        0x0
                0x00000000080064b8                . = ALIGN (0x4)
                0x00000000080064b8                __exidx_start = .
 *(.ARM.exidx*)
                0x00000000080064b8                __exidx_end = .
                0x00000000080064b8                . = ALIGN (0x4)

.preinit_array  0x00000000080064b8        0x0
                0x00000000080064b8                . = ALIGN (0x4)
                0x00000000080064b8                PROVIDE (__preinit_array_start = .)
 *(.preinit_array*)
                0x00000000080064b8                PROVIDE (__preinit_array_end = .)
                0x00000000080064b8                . = ALIGN (0x4)

.init_array     0x00000000080064b8        0x4
                0x00000000080064b8                . = ALIGN (0x4)
                0x00000000080064b8                PROVIDE (__init_array_start = .)
 *(SORT_BY_NAME(.init_array.*))
 *(.init_array*)
 .init_array    0x00000000080064b8        0x4 c:/st/stm32cubeide_1.8.0/stm32cubeide_1.9.0/stm32cubeide/plugins/com.st.stm32cube.ide.mcu.externaltools.gnu-tools-for-stm32.10.3-2021.10.win32_1.0.0.202111181127/tools/bin/../lib/gcc/arm-none-eabi/10.3.1/thumb/v7e-m+fp/hard/crtbegin.o
                0x00000000080064bc                PROVIDE (__init_array_end = .)
                0x00000000080064bc                . = ALIGN (0x4)

.fini_array     0x00000000080064bc        0x4
                0x00000000080064bc                . = ALIGN (0x4)
                [!provide]                        PROVIDE (__fini_array_start = .)
 *(SORT_BY_NAME(.fini_array.*))
 *(.fini_array*)
 .fini_array    0x00000000080064bc        0x4 c:/st/stm32cubeide_1.8.0/stm32cubeide_1.9.0/stm32cubeide/plugins/com.st.stm32cube.ide.mcu.externaltools.gnu-tools-for-stm32.10.3-2021.10.win32_1.0.0.202111181127/tools/bin/../lib/gcc/arm-none-eabi/10.3.1/thumb/v7e-m+fp/hard/crtbegin.o
                [!provide]                        PROVIDE (__fini_array_end = .)
                0x00000000080064c0                . = ALIGN (0x4)
                0x00000000080064c0                _sidata = LOADADDR (.data)

.data           0x0000000020000000       0x90 load address 0x00000000080064c0
                0x0000000020000000                . = ALIGN (0x4)
                0x0000000020000000                _sdata = .
 *(.data)
 *(.data*)
 .data.uwTickFreq
                0x0000000020000000        0x1 ./Drivers/STM32F3xx_HAL_Driver/Src/stm32f3xx_hal.o
                0x0000000020000000                uwTickFreq
 *fill*         0x0000000020000001        0x3 
 .data.uwTickPrio
                0x0000000020000004        0x4 ./Drivers/STM32F3xx_HAL_Driver/Src/stm32f3xx_hal.o
                0x0000000020000004                uwTickPrio
 .data.uxCriticalNesting
                0x0000000020000008        0x4 ./Middlewares/Third_Party/FreeRTOS/Source/portable/GCC/ARM_CM4F/port.o
 .data.Current_Calibration_Coefficient
                0x000000002000000c        0x4 ./Src/ADC_Calculation.o
                0x000000002000000c                Current_Calibration_Coefficient
 .data.Voltage_Calibration_Coefficient
                0x0000000020000010        0x4 ./Src/ADC_Calculation.o
                0x0000000020000010                Voltage_Calibration_Coefficient
 .data.sent_data
                0x0000000020000014       0x10 ./Src/ADC_Calculation.o
                0x0000000020000014                sent_data
 .data.state    0x0000000020000024        0x1 ./Src/main.o
                0x0000000020000024                state
 *fill*         0x0000000020000025        0x3 
 .data.SystemCoreClock
                0x0000000020000028        0x4 ./Src/system_stm32f3xx.o
                0x0000000020000028                SystemCoreClock
 .data._impure_ptr
                0x000000002000002c        0x4 c:/st/stm32cubeide_1.8.0/stm32cubeide_1.9.0/stm32cubeide/plugins/com.st.stm32cube.ide.mcu.externaltools.gnu-tools-for-stm32.10.3-2021.10.win32_1.0.0.202111181127/tools/bin/../lib/gcc/arm-none-eabi/10.3.1/../../../../arm-none-eabi/lib/thumb/v7e-m+fp/hard\libc_nano.a(lib_a-impure.o)
                0x000000002000002c                _impure_ptr
 .data.impure_data
                0x0000000020000030       0x60 c:/st/stm32cubeide_1.8.0/stm32cubeide_1.9.0/stm32cubeide/plugins/com.st.stm32cube.ide.mcu.externaltools.gnu-tools-for-stm32.10.3-2021.10.win32_1.0.0.202111181127/tools/bin/../lib/gcc/arm-none-eabi/10.3.1/../../../../arm-none-eabi/lib/thumb/v7e-m+fp/hard\libc_nano.a(lib_a-impure.o)
 *(.RamFunc)
 *(.RamFunc*)
                0x0000000020000090                . = ALIGN (0x4)
                0x0000000020000090                _edata = .
                0x0000000008006550                _siccmram = LOADADDR (.ccmram)

.igot.plt       0x0000000020000090        0x0 load address 0x0000000008006550
 .igot.plt      0x0000000020000090        0x0 c:/st/stm32cubeide_1.8.0/stm32cubeide_1.9.0/stm32cubeide/plugins/com.st.stm32cube.ide.mcu.externaltools.gnu-tools-for-stm32.10.3-2021.10.win32_1.0.0.202111181127/tools/bin/../lib/gcc/arm-none-eabi/10.3.1/thumb/v7e-m+fp/hard/crtbegin.o

.ccmram         0x0000000010000000        0x0 load address 0x0000000008006550
                0x0000000010000000                . = ALIGN (0x4)
                0x0000000010000000                _sccmram = .
 *(.ccmram)
 *(.ccmram*)
                0x0000000010000000                . = ALIGN (0x4)
                0x0000000010000000                _eccmram = .
                0x0000000010000000                . = ALIGN (0x4)

.bss            0x0000000020000090     0x2200
                0x0000000020000090                _sbss = .
                0x0000000020000090                __bss_start__ = _sbss
 *(.bss)
 .bss           0x0000000020000090       0x1c c:/st/stm32cubeide_1.8.0/stm32cubeide_1.9.0/stm32cubeide/plugins/com.st.stm32cube.ide.mcu.externaltools.gnu-tools-for-stm32.10.3-2021.10.win32_1.0.0.202111181127/tools/bin/../lib/gcc/arm-none-eabi/10.3.1/thumb/v7e-m+fp/hard/crtbegin.o
 *(.bss*)
 .bss.uwTick    0x00000000200000ac        0x4 ./Drivers/STM32F3xx_HAL_Driver/Src/stm32f3xx_hal.o
                0x00000000200000ac                uwTick
 .bss.Idle_Stack
                0x00000000200000b0      0x200 ./Middlewares/Third_Party/FreeRTOS/Source/CMSIS_RTOS_V2/cmsis_os2.o
 .bss.Idle_TCB  0x00000000200002b0       0xbc ./Middlewares/Third_Party/FreeRTOS/Source/CMSIS_RTOS_V2/cmsis_os2.o
 .bss.KernelState
                0x000000002000036c        0x4 ./Middlewares/Third_Party/FreeRTOS/Source/CMSIS_RTOS_V2/cmsis_os2.o
 .bss.Timer_Stack
                0x0000000020000370      0x400 ./Middlewares/Third_Party/FreeRTOS/Source/CMSIS_RTOS_V2/cmsis_os2.o
 .bss.Timer_TCB
                0x0000000020000770       0xbc ./Middlewares/Third_Party/FreeRTOS/Source/CMSIS_RTOS_V2/cmsis_os2.o
 *fill*         0x000000002000082c        0x4 
 .bss.xQueueRegistry
                0x0000000020000830       0x40 ./Middlewares/Third_Party/FreeRTOS/Source/queue.o
                0x0000000020000830                xQueueRegistry
 .bss.pxCurrentTCB
                0x0000000020000870        0x4 ./Middlewares/Third_Party/FreeRTOS/Source/tasks.o
                0x0000000020000870                pxCurrentTCB
 .bss.pxDelayedTaskList
                0x0000000020000874        0x4 ./Middlewares/Third_Party/FreeRTOS/Source/tasks.o
 .bss.pxOverflowDelayedTaskList
                0x0000000020000878        0x4 ./Middlewares/Third_Party/FreeRTOS/Source/tasks.o
 .bss.pxReadyTasksLists
                0x000000002000087c      0x460 ./Middlewares/Third_Party/FreeRTOS/Source/tasks.o
 .bss.uxCurrentNumberOfTasks
                0x0000000020000cdc        0x4 ./Middlewares/Third_Party/FreeRTOS/Source/tasks.o
 .bss.uxDeletedTasksWaitingCleanUp
                0x0000000020000ce0        0x4 ./Middlewares/Third_Party/FreeRTOS/Source/tasks.o
 .bss.uxPendedTicks
                0x0000000020000ce4        0x4 ./Middlewares/Third_Party/FreeRTOS/Source/tasks.o
 .bss.uxSchedulerSuspended
                0x0000000020000ce8        0x4 ./Middlewares/Third_Party/FreeRTOS/Source/tasks.o
 .bss.uxTaskNumber
                0x0000000020000cec        0x4 ./Middlewares/Third_Party/FreeRTOS/Source/tasks.o
 .bss.uxTopReadyPriority
                0x0000000020000cf0        0x4 ./Middlewares/Third_Party/FreeRTOS/Source/tasks.o
 .bss.xDelayedTaskList1
                0x0000000020000cf4       0x14 ./Middlewares/Third_Party/FreeRTOS/Source/tasks.o
 .bss.xDelayedTaskList2
                0x0000000020000d08       0x14 ./Middlewares/Third_Party/FreeRTOS/Source/tasks.o
 .bss.xNextTaskUnblockTime
                0x0000000020000d1c        0x4 ./Middlewares/Third_Party/FreeRTOS/Source/tasks.o
 .bss.xNumOfOverflows
                0x0000000020000d20        0x4 ./Middlewares/Third_Party/FreeRTOS/Source/tasks.o
 .bss.xPendingReadyList
                0x0000000020000d24       0x14 ./Middlewares/Third_Party/FreeRTOS/Source/tasks.o
 .bss.xSchedulerRunning
                0x0000000020000d38        0x4 ./Middlewares/Third_Party/FreeRTOS/Source/tasks.o
 .bss.xSuspendedTaskList
                0x0000000020000d3c       0x14 ./Middlewares/Third_Party/FreeRTOS/Source/tasks.o
 .bss.xTasksWaitingTermination
                0x0000000020000d50       0x14 ./Middlewares/Third_Party/FreeRTOS/Source/tasks.o
 .bss.xTickCount
                0x0000000020000d64        0x4 ./Middlewares/Third_Party/FreeRTOS/Source/tasks.o
 .bss.xYieldPending
                0x0000000020000d68        0x4 ./Middlewares/Third_Party/FreeRTOS/Source/tasks.o
 .bss.pxCurrentTimerList
                0x0000000020000d6c        0x4 ./Middlewares/Third_Party/FreeRTOS/Source/timers.o
 .bss.pxOverflowTimerList
                0x0000000020000d70        0x4 ./Middlewares/Third_Party/FreeRTOS/Source/timers.o
 .bss.ucStaticTimerQueueStorage.1
                0x0000000020000d74       0xa0 ./Middlewares/Third_Party/FreeRTOS/Source/timers.o
 .bss.xActiveTimerList1
                0x0000000020000e14       0x14 ./Middlewares/Third_Party/FreeRTOS/Source/timers.o
 .bss.xActiveTimerList2
                0x0000000020000e28       0x14 ./Middlewares/Third_Party/FreeRTOS/Source/timers.o
 .bss.xLastTime.2
                0x0000000020000e3c        0x4 ./Middlewares/Third_Party/FreeRTOS/Source/timers.o
 .bss.xStaticTimerQueue.0
                0x0000000020000e40       0x50 ./Middlewares/Third_Party/FreeRTOS/Source/timers.o
 .bss.xTimerQueue
                0x0000000020000e90        0x4 ./Middlewares/Third_Party/FreeRTOS/Source/timers.o
 .bss.xTimerTaskHandle
                0x0000000020000e94        0x4 ./Middlewares/Third_Party/FreeRTOS/Source/timers.o
 .bss.ucMaxSysCallPriority
                0x0000000020000e98        0x1 ./Middlewares/Third_Party/FreeRTOS/Source/portable/GCC/ARM_CM4F/port.o
 *fill*         0x0000000020000e99        0x3 
 .bss.ulMaxPRIGROUPValue
                0x0000000020000e9c        0x4 ./Middlewares/Third_Party/FreeRTOS/Source/portable/GCC/ARM_CM4F/port.o
 .bss.pxEnd     0x0000000020000ea0        0x4 ./Middlewares/Third_Party/FreeRTOS/Source/portable/MemMang/heap_4.o
 .bss.ucHeap    0x0000000020000ea4     0x1000 ./Middlewares/Third_Party/FreeRTOS/Source/portable/MemMang/heap_4.o
 .bss.xBlockAllocatedBit
                0x0000000020001ea4        0x4 ./Middlewares/Third_Party/FreeRTOS/Source/portable/MemMang/heap_4.o
 .bss.xFreeBytesRemaining
                0x0000000020001ea8        0x4 ./Middlewares/Third_Party/FreeRTOS/Source/portable/MemMang/heap_4.o
 .bss.xMinimumEverFreeBytesRemaining
                0x0000000020001eac        0x4 ./Middlewares/Third_Party/FreeRTOS/Source/portable/MemMang/heap_4.o
 .bss.xStart    0x0000000020001eb0        0x8 ./Middlewares/Third_Party/FreeRTOS/Source/portable/MemMang/heap_4.o
 .bss.ADC0_Buffer_Sum
                0x0000000020001eb8        0x4 ./Src/ADC_Calculation.o
                0x0000000020001eb8                ADC0_Buffer_Sum
 .bss.ADC1_Buffer_Sum
                0x0000000020001ebc        0x4 ./Src/ADC_Calculation.o
                0x0000000020001ebc                ADC1_Buffer_Sum
 .bss.ADC_Buffer
                0x0000000020001ec0       0x14 ./Src/ADC_Calculation.o
                0x0000000020001ec0                ADC_Buffer
 .bss.Averaged_ADC0_Buffer
                0x0000000020001ed4        0x4 ./Src/ADC_Calculation.o
                0x0000000020001ed4                Averaged_ADC0_Buffer
 .bss.Averaged_ADC1_Buffer
                0x0000000020001ed8        0x4 ./Src/ADC_Calculation.o
                0x0000000020001ed8                Averaged_ADC1_Buffer
 .bss.Averaged_Power
                0x0000000020001edc        0x4 ./Src/ADC_Calculation.o
                0x0000000020001edc                Averaged_Power
 .bss.Avg_Cnt1  0x0000000020001ee0        0x1 ./Src/ADC_Calculation.o
                0x0000000020001ee0                Avg_Cnt1
 .bss.Avg_Cnt2  0x0000000020001ee1        0x1 ./Src/ADC_Calculation.o
                0x0000000020001ee1                Avg_Cnt2
 .bss.Avg_Cnt3  0x0000000020001ee2        0x1 ./Src/ADC_Calculation.o
                0x0000000020001ee2                Avg_Cnt3
 *fill*         0x0000000020001ee3        0x1 
 .bss.Current_Calibration_Offset
                0x0000000020001ee4        0x4 ./Src/ADC_Calculation.o
                0x0000000020001ee4                Current_Calibration_Offset
 .bss.Iout      0x0000000020001ee8        0x4 ./Src/ADC_Calculation.o
                0x0000000020001ee8                Iout
 .bss.Iout_NotCalibrated
                0x0000000020001eec        0x4 ./Src/ADC_Calculation.o
                0x0000000020001eec                Iout_NotCalibrated
 .bss.Moving_Average_Buffer_Current
                0x0000000020001ef0        0x4 ./Src/ADC_Calculation.o
                0x0000000020001ef0                Moving_Average_Buffer_Current
 .bss.Moving_Average_Buffer_Voltage
                0x0000000020001ef4        0x4 ./Src/ADC_Calculation.o
                0x0000000020001ef4                Moving_Average_Buffer_Voltage
 .bss.Moving_Average_Power
                0x0000000020001ef8        0x4 ./Src/ADC_Calculation.o
                0x0000000020001ef8                Moving_Average_Power
 .bss.Output_Power
                0x0000000020001efc        0x4 ./Src/ADC_Calculation.o
                0x0000000020001efc                Output_Power
 .bss.Pout      0x0000000020001f00        0x4 ./Src/ADC_Calculation.o
                0x0000000020001f00                Pout
 .bss.Power_Buffer
                0x0000000020001f04        0x4 ./Src/ADC_Calculation.o
                0x0000000020001f04                Power_Buffer
 .bss.Read_Current
                0x0000000020001f08        0x5 ./Src/ADC_Calculation.o
                0x0000000020001f08                Read_Current
 *fill*         0x0000000020001f0d        0x3 
 .bss.Read_Voltage
                0x0000000020001f10        0x5 ./Src/ADC_Calculation.o
                0x0000000020001f10                Read_Voltage
 *fill*         0x0000000020001f15        0x3 
 .bss.Voltage_Calibration_Offset
                0x0000000020001f18        0x4 ./Src/ADC_Calculation.o
                0x0000000020001f18                Voltage_Calibration_Offset
 .bss.Vout      0x0000000020001f1c        0x4 ./Src/ADC_Calculation.o
                0x0000000020001f1c                Vout
 .bss.Vout_NotCalibrated
                0x0000000020001f20        0x4 ./Src/ADC_Calculation.o
                0x0000000020001f20                Vout_NotCalibrated
 .bss.cn1       0x0000000020001f24        0x1 ./Src/ADC_Calculation.o
                0x0000000020001f24                cn1
 *fill*         0x0000000020001f25        0x3 
 .bss.rec_D     0x0000000020001f28        0x1 ./Src/ADC_Calculation.o
                0x0000000020001f28                rec_D
 *fill*         0x0000000020001f29        0x3 
 .bss.buffer_usart
                0x0000000020001f2c        0xd ./Src/BoardComm.o
                0x0000000020001f2c                buffer_usart
 *fill*         0x0000000020001f39        0x3 
 .bss.hmi_config_data
                0x0000000020001f3c        0xc ./Src/BoardComm.o
                0x0000000020001f3c                hmi_config_data
 .bss.set_points_data
                0x0000000020001f48       0x18 ./Src/BoardComm.o
                0x0000000020001f48                set_points_data
 .bss.Fan_Timer
                0x0000000020001f60        0x2 ./Src/Sputter.o
                0x0000000020001f60                Fan_Timer
 .bss.Fan_Timer_Enable
                0x0000000020001f62        0x2 ./Src/Sputter.o
                0x0000000020001f62                Fan_Timer_Enable
 *fill*         0x0000000020001f64        0x4 
 .bss.failure_counters
                0x0000000020001f68        0xc ./Src/Sputter.o
                0x0000000020001f68                failure_counters
 .bss.failure_status
                0x0000000020001f74        0xa ./Src/Sputter.o
                0x0000000020001f74                failure_status
 *fill*         0x0000000020001f7e        0x2 
 .bss.flags_status
                0x0000000020001f80       0x1c ./Src/Sputter.o
                0x0000000020001f80                flags_status
 .bss.ADC_Buffer_2
                0x0000000020001f9c       0x14 ./Src/main.o
                0x0000000020001f9c                ADC_Buffer_2
 .bss.ADC_Calibration_Factor_1
                0x0000000020001fb0        0x4 ./Src/main.o
                0x0000000020001fb0                ADC_Calibration_Factor_1
 .bss.ADC_Calibration_Factor_2
                0x0000000020001fb4        0x4 ./Src/main.o
                0x0000000020001fb4                ADC_Calibration_Factor_2
 .bss.ADCcalculationHandle
                0x0000000020001fb8        0x4 ./Src/main.o
                0x0000000020001fb8                ADCcalculationHandle
 .bss.BoardCommunicanHandle
                0x0000000020001fbc        0x4 ./Src/main.o
                0x0000000020001fbc                BoardCommunicanHandle
 .bss.SputterHandle
                0x0000000020001fc0        0x4 ./Src/main.o
                0x0000000020001fc0                SputterHandle
 .bss.Usart_Counter
                0x0000000020001fc4        0x2 ./Src/main.o
                0x0000000020001fc4                Usart_Counter
 *fill*         0x0000000020001fc6        0x2 
 .bss.defaultTaskHandle
                0x0000000020001fc8        0x4 ./Src/main.o
                0x0000000020001fc8                defaultTaskHandle
 *fill*         0x0000000020001fcc        0x4 
 .bss.hadc1     0x0000000020001fd0       0x50 ./Src/main.o
                0x0000000020001fd0                hadc1
 .bss.hadc2     0x0000000020002020       0x50 ./Src/main.o
                0x0000000020002020                hadc2
 .bss.hcan      0x0000000020002070       0x28 ./Src/main.o
                0x0000000020002070                hcan
 .bss.hcrc      0x0000000020002098       0x24 ./Src/main.o
                0x0000000020002098                hcrc
 .bss.hdac1     0x00000000200020bc       0x14 ./Src/main.o
                0x00000000200020bc                hdac1
 .bss.hdma_adc1
                0x00000000200020d0       0x44 ./Src/main.o
                0x00000000200020d0                hdma_adc1
 .bss.hdma_adc2
                0x0000000020002114       0x44 ./Src/main.o
                0x0000000020002114                hdma_adc2
 .bss.htim1     0x0000000020002158       0x4c ./Src/main.o
                0x0000000020002158                htim1
 .bss.huart2    0x00000000200021a4       0x84 ./Src/main.o
                0x00000000200021a4                huart2
 .bss.tacho1    0x0000000020002228        0x2 ./Src/main.o
                0x0000000020002228                tacho1
 .bss.tacho1_Backup
                0x000000002000222a        0x2 ./Src/main.o
                0x000000002000222a                tacho1_Backup
 .bss.tacho2    0x000000002000222c        0x2 ./Src/main.o
                0x000000002000222c                tacho2
 .bss.tacho2_Backup
                0x000000002000222e        0x2 ./Src/main.o
                0x000000002000222e                tacho2_Backup
 .bss.HAL_RCC_ADC12_CLK_ENABLED
                0x0000000020002230        0x4 ./Src/stm32f3xx_hal_msp.o
 .bss.htim6     0x0000000020002234       0x4c ./Src/stm32f3xx_hal_timebase_tim.o
                0x0000000020002234                htim6
 .bss.index_usart
                0x0000000020002280        0x1 ./Src/stm32f3xx_it.o
                0x0000000020002280                index_usart
 .bss.rcv_flg   0x0000000020002281        0x1 ./Src/stm32f3xx_it.o
                0x0000000020002281                rcv_flg
 *fill*         0x0000000020002282        0x2 
 .bss.temporary_data
                0x0000000020002284        0x4 ./Src/uart_mgr.o
                0x0000000020002284                temporary_data
 .bss.__lock___malloc_recursive_mutex
                0x0000000020002288        0x1 c:/st/stm32cubeide_1.8.0/stm32cubeide_1.9.0/stm32cubeide/plugins/com.st.stm32cube.ide.mcu.externaltools.gnu-tools-for-stm32.10.3-2021.10.win32_1.0.0.202111181127/tools/bin/../lib/gcc/arm-none-eabi/10.3.1/../../../../arm-none-eabi/lib/thumb/v7e-m+fp/hard\libc_nano.a(lib_a-lock.o)
                0x0000000020002288                __lock___malloc_recursive_mutex
 *fill*         0x0000000020002289        0x3 
 .bss.__malloc_free_list
                0x000000002000228c        0x4 c:/st/stm32cubeide_1.8.0/stm32cubeide_1.9.0/stm32cubeide/plugins/com.st.stm32cube.ide.mcu.externaltools.gnu-tools-for-stm32.10.3-2021.10.win32_1.0.0.202111181127/tools/bin/../lib/gcc/arm-none-eabi/10.3.1/../../../../arm-none-eabi/lib/thumb/v7e-m+fp/hard\libc_nano.a(lib_a-nano-mallocr.o)
                0x000000002000228c                __malloc_free_list
 *(COMMON)
                0x0000000020002290                . = ALIGN (0x4)
                0x0000000020002290                _ebss = .
                0x0000000020002290                __bss_end__ = _ebss

._user_heap_stack
                0x0000000020002290      0x600
                0x0000000020002290                . = ALIGN (0x8)
                [!provide]                        PROVIDE (end = .)
                0x0000000020002290                PROVIDE (_end = .)
                0x0000000020002490                . = (. + _Min_Heap_Size)
 *fill*         0x0000000020002290      0x200 
                0x0000000020002890                . = (. + _Min_Stack_Size)
 *fill*         0x0000000020002490      0x400 
                0x0000000020002890                . = ALIGN (0x8)

/DISCARD/
 libc.a(*)
 libm.a(*)
 libgcc.a(*)

.ARM.attributes
                0x0000000000000000       0x30
 *(.ARM.attributes)
 .ARM.attributes
                0x0000000000000000       0x1e c:/st/stm32cubeide_1.8.0/stm32cubeide_1.9.0/stm32cubeide/plugins/com.st.stm32cube.ide.mcu.externaltools.gnu-tools-for-stm32.10.3-2021.10.win32_1.0.0.202111181127/tools/bin/../lib/gcc/arm-none-eabi/10.3.1/thumb/v7e-m+fp/hard/crti.o
 .ARM.attributes
                0x000000000000001e       0x34 c:/st/stm32cubeide_1.8.0/stm32cubeide_1.9.0/stm32cubeide/plugins/com.st.stm32cube.ide.mcu.externaltools.gnu-tools-for-stm32.10.3-2021.10.win32_1.0.0.202111181127/tools/bin/../lib/gcc/arm-none-eabi/10.3.1/thumb/v7e-m+fp/hard/crtbegin.o
 .ARM.attributes
                0x0000000000000052       0x34 ./Drivers/STM32F3xx_HAL_Driver/Src/stm32f3xx_hal.o
 .ARM.attributes
                0x0000000000000086       0x34 ./Drivers/STM32F3xx_HAL_Driver/Src/stm32f3xx_hal_adc.o
 .ARM.attributes
                0x00000000000000ba       0x34 ./Drivers/STM32F3xx_HAL_Driver/Src/stm32f3xx_hal_adc_ex.o
 .ARM.attributes
                0x00000000000000ee       0x34 ./Drivers/STM32F3xx_HAL_Driver/Src/stm32f3xx_hal_can.o
 .ARM.attributes
                0x0000000000000122       0x34 ./Drivers/STM32F3xx_HAL_Driver/Src/stm32f3xx_hal_cortex.o
 .ARM.attributes
                0x0000000000000156       0x34 ./Drivers/STM32F3xx_HAL_Driver/Src/stm32f3xx_hal_crc.o
 .ARM.attributes
                0x000000000000018a       0x34 ./Drivers/STM32F3xx_HAL_Driver/Src/stm32f3xx_hal_crc_ex.o
 .ARM.attributes
                0x00000000000001be       0x34 ./Drivers/STM32F3xx_HAL_Driver/Src/stm32f3xx_hal_dac.o
 .ARM.attributes
                0x00000000000001f2       0x34 ./Drivers/STM32F3xx_HAL_Driver/Src/stm32f3xx_hal_dac_ex.o
 .ARM.attributes
                0x0000000000000226       0x34 ./Drivers/STM32F3xx_HAL_Driver/Src/stm32f3xx_hal_dma.o
 .ARM.attributes
                0x000000000000025a       0x34 ./Drivers/STM32F3xx_HAL_Driver/Src/stm32f3xx_hal_gpio.o
 .ARM.attributes
                0x000000000000028e       0x34 ./Drivers/STM32F3xx_HAL_Driver/Src/stm32f3xx_hal_rcc.o
 .ARM.attributes
                0x00000000000002c2       0x34 ./Drivers/STM32F3xx_HAL_Driver/Src/stm32f3xx_hal_rcc_ex.o
 .ARM.attributes
                0x00000000000002f6       0x34 ./Drivers/STM32F3xx_HAL_Driver/Src/stm32f3xx_hal_tim.o
 .ARM.attributes
                0x000000000000032a       0x34 ./Drivers/STM32F3xx_HAL_Driver/Src/stm32f3xx_hal_tim_ex.o
 .ARM.attributes
                0x000000000000035e       0x34 ./Drivers/STM32F3xx_HAL_Driver/Src/stm32f3xx_hal_uart.o
 .ARM.attributes
                0x0000000000000392       0x34 ./Drivers/STM32F3xx_HAL_Driver/Src/stm32f3xx_hal_uart_ex.o
 .ARM.attributes
                0x00000000000003c6       0x34 ./Middlewares/Third_Party/FreeRTOS/Source/CMSIS_RTOS_V2/cmsis_os2.o
 .ARM.attributes
                0x00000000000003fa       0x34 ./Middlewares/Third_Party/FreeRTOS/Source/list.o
 .ARM.attributes
                0x000000000000042e       0x34 ./Middlewares/Third_Party/FreeRTOS/Source/queue.o
 .ARM.attributes
                0x0000000000000462       0x34 ./Middlewares/Third_Party/FreeRTOS/Source/tasks.o
 .ARM.attributes
                0x0000000000000496       0x34 ./Middlewares/Third_Party/FreeRTOS/Source/timers.o
 .ARM.attributes
                0x00000000000004ca       0x34 ./Middlewares/Third_Party/FreeRTOS/Source/portable/GCC/ARM_CM4F/port.o
 .ARM.attributes
                0x00000000000004fe       0x34 ./Middlewares/Third_Party/FreeRTOS/Source/portable/MemMang/heap_4.o
 .ARM.attributes
                0x0000000000000532       0x34 ./Src/ADC_Calculation.o
 .ARM.attributes
                0x0000000000000566       0x34 ./Src/BoardComm.o
 .ARM.attributes
                0x000000000000059a       0x34 ./Src/Sputter.o
 .ARM.attributes
                0x00000000000005ce       0x34 ./Src/main.o
 .ARM.attributes
                0x0000000000000602       0x34 ./Src/stm32f3xx_hal_msp.o
 .ARM.attributes
                0x0000000000000636       0x34 ./Src/stm32f3xx_hal_timebase_tim.o
 .ARM.attributes
                0x000000000000066a       0x34 ./Src/stm32f3xx_it.o
 .ARM.attributes
                0x000000000000069e       0x34 ./Src/system_stm32f3xx.o
 .ARM.attributes
                0x00000000000006d2       0x34 ./Src/uart_mgr.o
 .ARM.attributes
                0x0000000000000706       0x21 ./Startup/startup_stm32f334r8tx.o
 .ARM.attributes
                0x0000000000000727       0x34 c:/st/stm32cubeide_1.8.0/stm32cubeide_1.9.0/stm32cubeide/plugins/com.st.stm32cube.ide.mcu.externaltools.gnu-tools-for-stm32.10.3-2021.10.win32_1.0.0.202111181127/tools/bin/../lib/gcc/arm-none-eabi/10.3.1/../../../../arm-none-eabi/lib/thumb/v7e-m+fp/hard\libc_nano.a(lib_a-findfp.o)
 .ARM.attributes
                0x000000000000075b       0x34 c:/st/stm32cubeide_1.8.0/stm32cubeide_1.9.0/stm32cubeide/plugins/com.st.stm32cube.ide.mcu.externaltools.gnu-tools-for-stm32.10.3-2021.10.win32_1.0.0.202111181127/tools/bin/../lib/gcc/arm-none-eabi/10.3.1/../../../../arm-none-eabi/lib/thumb/v7e-m+fp/hard\libc_nano.a(lib_a-impure.o)
 .ARM.attributes
                0x000000000000078f       0x34 c:/st/stm32cubeide_1.8.0/stm32cubeide_1.9.0/stm32cubeide/plugins/com.st.stm32cube.ide.mcu.externaltools.gnu-tools-for-stm32.10.3-2021.10.win32_1.0.0.202111181127/tools/bin/../lib/gcc/arm-none-eabi/10.3.1/../../../../arm-none-eabi/lib/thumb/v7e-m+fp/hard\libc_nano.a(lib_a-init.o)
 .ARM.attributes
                0x00000000000007c3       0x34 c:/st/stm32cubeide_1.8.0/stm32cubeide_1.9.0/stm32cubeide/plugins/com.st.stm32cube.ide.mcu.externaltools.gnu-tools-for-stm32.10.3-2021.10.win32_1.0.0.202111181127/tools/bin/../lib/gcc/arm-none-eabi/10.3.1/../../../../arm-none-eabi/lib/thumb/v7e-m+fp/hard\libc_nano.a(lib_a-lock.o)
 .ARM.attributes
                0x00000000000007f7       0x34 c:/st/stm32cubeide_1.8.0/stm32cubeide_1.9.0/stm32cubeide/plugins/com.st.stm32cube.ide.mcu.externaltools.gnu-tools-for-stm32.10.3-2021.10.win32_1.0.0.202111181127/tools/bin/../lib/gcc/arm-none-eabi/10.3.1/../../../../arm-none-eabi/lib/thumb/v7e-m+fp/hard\libc_nano.a(lib_a-memcpy-stub.o)
 .ARM.attributes
                0x000000000000082b       0x34 c:/st/stm32cubeide_1.8.0/stm32cubeide_1.9.0/stm32cubeide/plugins/com.st.stm32cube.ide.mcu.externaltools.gnu-tools-for-stm32.10.3-2021.10.win32_1.0.0.202111181127/tools/bin/../lib/gcc/arm-none-eabi/10.3.1/../../../../arm-none-eabi/lib/thumb/v7e-m+fp/hard\libc_nano.a(lib_a-memset.o)
 .ARM.attributes
                0x000000000000085f       0x34 c:/st/stm32cubeide_1.8.0/stm32cubeide_1.9.0/stm32cubeide/plugins/com.st.stm32cube.ide.mcu.externaltools.gnu-tools-for-stm32.10.3-2021.10.win32_1.0.0.202111181127/tools/bin/../lib/gcc/arm-none-eabi/10.3.1/../../../../arm-none-eabi/lib/thumb/v7e-m+fp/hard\libc_nano.a(lib_a-nano-mallocr.o)
 .ARM.attributes
                0x0000000000000893       0x34 c:/st/stm32cubeide_1.8.0/stm32cubeide_1.9.0/stm32cubeide/plugins/com.st.stm32cube.ide.mcu.externaltools.gnu-tools-for-stm32.10.3-2021.10.win32_1.0.0.202111181127/tools/bin/../lib/gcc/arm-none-eabi/10.3.1/../../../../arm-none-eabi/lib/thumb/v7e-m+fp/hard\libc_nano.a(lib_a-reent.o)
 .ARM.attributes
                0x00000000000008c7       0x34 c:/st/stm32cubeide_1.8.0/stm32cubeide_1.9.0/stm32cubeide/plugins/com.st.stm32cube.ide.mcu.externaltools.gnu-tools-for-stm32.10.3-2021.10.win32_1.0.0.202111181127/tools/bin/../lib/gcc/arm-none-eabi/10.3.1/../../../../arm-none-eabi/lib/thumb/v7e-m+fp/hard\libc_nano.a(lib_a-mlock.o)
 .ARM.attributes
                0x00000000000008fb       0x34 c:/st/stm32cubeide_1.8.0/stm32cubeide_1.9.0/stm32cubeide/plugins/com.st.stm32cube.ide.mcu.externaltools.gnu-tools-for-stm32.10.3-2021.10.win32_1.0.0.202111181127/tools/bin/../lib/gcc/arm-none-eabi/10.3.1/../../../../arm-none-eabi/lib/thumb/v7e-m+fp/hard\libc_nano.a(lib_a-nano-freer.o)
 .ARM.attributes
                0x000000000000092f       0x1e c:/st/stm32cubeide_1.8.0/stm32cubeide_1.9.0/stm32cubeide/plugins/com.st.stm32cube.ide.mcu.externaltools.gnu-tools-for-stm32.10.3-2021.10.win32_1.0.0.202111181127/tools/bin/../lib/gcc/arm-none-eabi/10.3.1/thumb/v7e-m+fp/hard/crtn.o
OUTPUT(HCPS_V1.2.elf elf32-littlearm)
LOAD linker stubs
LOAD c:/st/stm32cubeide_1.8.0/stm32cubeide_1.9.0/stm32cubeide/plugins/com.st.stm32cube.ide.mcu.externaltools.gnu-tools-for-stm32.10.3-2021.10.win32_1.0.0.202111181127/tools/bin/../lib/gcc/arm-none-eabi/10.3.1/../../../../arm-none-eabi/lib/thumb/v7e-m+fp/hard\libc.a
LOAD c:/st/stm32cubeide_1.8.0/stm32cubeide_1.9.0/stm32cubeide/plugins/com.st.stm32cube.ide.mcu.externaltools.gnu-tools-for-stm32.10.3-2021.10.win32_1.0.0.202111181127/tools/bin/../lib/gcc/arm-none-eabi/10.3.1/../../../../arm-none-eabi/lib/thumb/v7e-m+fp/hard\libm.a
LOAD c:/st/stm32cubeide_1.8.0/stm32cubeide_1.9.0/stm32cubeide/plugins/com.st.stm32cube.ide.mcu.externaltools.gnu-tools-for-stm32.10.3-2021.10.win32_1.0.0.202111181127/tools/bin/../lib/gcc/arm-none-eabi/10.3.1/thumb/v7e-m+fp/hard\libgcc.a

.debug_info     0x0000000000000000    0x31b61
 .debug_info    0x0000000000000000      0x87b ./Drivers/STM32F3xx_HAL_Driver/Src/stm32f3xx_hal.o
 .debug_info    0x000000000000087b      0xb48 ./Drivers/STM32F3xx_HAL_Driver/Src/stm32f3xx_hal_adc.o
 .debug_info    0x00000000000013c3     0x1dce ./Drivers/STM32F3xx_HAL_Driver/Src/stm32f3xx_hal_adc_ex.o
 .debug_info    0x0000000000003191     0x1255 ./Drivers/STM32F3xx_HAL_Driver/Src/stm32f3xx_hal_can.o
 .debug_info    0x00000000000043e6      0xdb5 ./Drivers/STM32F3xx_HAL_Driver/Src/stm32f3xx_hal_cortex.o
 .debug_info    0x000000000000519b      0x68d ./Drivers/STM32F3xx_HAL_Driver/Src/stm32f3xx_hal_crc.o
 .debug_info    0x0000000000005828      0x3b6 ./Drivers/STM32F3xx_HAL_Driver/Src/stm32f3xx_hal_crc_ex.o
 .debug_info    0x0000000000005bde      0x8d2 ./Drivers/STM32F3xx_HAL_Driver/Src/stm32f3xx_hal_dac.o
 .debug_info    0x00000000000064b0      0xbe4 ./Drivers/STM32F3xx_HAL_Driver/Src/stm32f3xx_hal_dac_ex.o
 .debug_info    0x0000000000007094      0x8af ./Drivers/STM32F3xx_HAL_Driver/Src/stm32f3xx_hal_dma.o
 .debug_info    0x0000000000007943      0x78e ./Drivers/STM32F3xx_HAL_Driver/Src/stm32f3xx_hal_gpio.o
 .debug_info    0x00000000000080d1     0x1771 ./Drivers/STM32F3xx_HAL_Driver/Src/stm32f3xx_hal_rcc.o
 .debug_info    0x0000000000009842      0x6bf ./Drivers/STM32F3xx_HAL_Driver/Src/stm32f3xx_hal_rcc_ex.o
 .debug_info    0x0000000000009f01     0x50d8 ./Drivers/STM32F3xx_HAL_Driver/Src/stm32f3xx_hal_tim.o
 .debug_info    0x000000000000efd9     0x1d60 ./Drivers/STM32F3xx_HAL_Driver/Src/stm32f3xx_hal_tim_ex.o
 .debug_info    0x0000000000010d39     0x608b ./Drivers/STM32F3xx_HAL_Driver/Src/stm32f3xx_hal_uart.o
 .debug_info    0x0000000000016dc4      0xeff ./Drivers/STM32F3xx_HAL_Driver/Src/stm32f3xx_hal_uart_ex.o
 .debug_info    0x0000000000017cc3     0x5665 ./Middlewares/Third_Party/FreeRTOS/Source/CMSIS_RTOS_V2/cmsis_os2.o
 .debug_info    0x000000000001d328      0x2de ./Middlewares/Third_Party/FreeRTOS/Source/list.o
 .debug_info    0x000000000001d606     0x3c32 ./Middlewares/Third_Party/FreeRTOS/Source/queue.o
 .debug_info    0x0000000000021238     0x4736 ./Middlewares/Third_Party/FreeRTOS/Source/tasks.o
 .debug_info    0x000000000002596e     0x283e ./Middlewares/Third_Party/FreeRTOS/Source/timers.o
 .debug_info    0x00000000000281ac      0x61f ./Middlewares/Third_Party/FreeRTOS/Source/portable/GCC/ARM_CM4F/port.o
 .debug_info    0x00000000000287cb      0x4d9 ./Middlewares/Third_Party/FreeRTOS/Source/portable/MemMang/heap_4.o
 .debug_info    0x0000000000028ca4      0x54e ./Src/ADC_Calculation.o
 .debug_info    0x00000000000291f2      0x850 ./Src/BoardComm.o
 .debug_info    0x0000000000029a42      0xae3 ./Src/Sputter.o
 .debug_info    0x000000000002a525     0x3074 ./Src/main.o
 .debug_info    0x000000000002d599     0x1e8f ./Src/stm32f3xx_hal_msp.o
 .debug_info    0x000000000002f428      0xb3c ./Src/stm32f3xx_hal_timebase_tim.o
 .debug_info    0x000000000002ff64     0x10a8 ./Src/stm32f3xx_it.o
 .debug_info    0x000000000003100c      0x42a ./Src/system_stm32f3xx.o
 .debug_info    0x0000000000031436      0x709 ./Src/uart_mgr.o
 .debug_info    0x0000000000031b3f       0x22 ./Startup/startup_stm32f334r8tx.o

.debug_abbrev   0x0000000000000000     0x5c9a
 .debug_abbrev  0x0000000000000000      0x28a ./Drivers/STM32F3xx_HAL_Driver/Src/stm32f3xx_hal.o
 .debug_abbrev  0x000000000000028a      0x1f0 ./Drivers/STM32F3xx_HAL_Driver/Src/stm32f3xx_hal_adc.o
 .debug_abbrev  0x000000000000047a      0x378 ./Drivers/STM32F3xx_HAL_Driver/Src/stm32f3xx_hal_adc_ex.o
 .debug_abbrev  0x00000000000007f2      0x301 ./Drivers/STM32F3xx_HAL_Driver/Src/stm32f3xx_hal_can.o
 .debug_abbrev  0x0000000000000af3      0x33a ./Drivers/STM32F3xx_HAL_Driver/Src/stm32f3xx_hal_cortex.o
 .debug_abbrev  0x0000000000000e2d      0x27a ./Drivers/STM32F3xx_HAL_Driver/Src/stm32f3xx_hal_crc.o
 .debug_abbrev  0x00000000000010a7      0x14f ./Drivers/STM32F3xx_HAL_Driver/Src/stm32f3xx_hal_crc_ex.o
 .debug_abbrev  0x00000000000011f6      0x1e5 ./Drivers/STM32F3xx_HAL_Driver/Src/stm32f3xx_hal_dac.o
 .debug_abbrev  0x00000000000013db      0x2c6 ./Drivers/STM32F3xx_HAL_Driver/Src/stm32f3xx_hal_dac_ex.o
 .debug_abbrev  0x00000000000016a1      0x262 ./Drivers/STM32F3xx_HAL_Driver/Src/stm32f3xx_hal_dma.o
 .debug_abbrev  0x0000000000001903      0x1fd ./Drivers/STM32F3xx_HAL_Driver/Src/stm32f3xx_hal_gpio.o
 .debug_abbrev  0x0000000000001b00      0x395 ./Drivers/STM32F3xx_HAL_Driver/Src/stm32f3xx_hal_rcc.o
 .debug_abbrev  0x0000000000001e95      0x2b0 ./Drivers/STM32F3xx_HAL_Driver/Src/stm32f3xx_hal_rcc_ex.o
 .debug_abbrev  0x0000000000002145      0x384 ./Drivers/STM32F3xx_HAL_Driver/Src/stm32f3xx_hal_tim.o
 .debug_abbrev  0x00000000000024c9      0x369 ./Drivers/STM32F3xx_HAL_Driver/Src/stm32f3xx_hal_tim_ex.o
 .debug_abbrev  0x0000000000002832      0x459 ./Drivers/STM32F3xx_HAL_Driver/Src/stm32f3xx_hal_uart.o
 .debug_abbrev  0x0000000000002c8b      0x307 ./Drivers/STM32F3xx_HAL_Driver/Src/stm32f3xx_hal_uart_ex.o
 .debug_abbrev  0x0000000000002f92      0x589 ./Middlewares/Third_Party/FreeRTOS/Source/CMSIS_RTOS_V2/cmsis_os2.o
 .debug_abbrev  0x000000000000351b      0x109 ./Middlewares/Third_Party/FreeRTOS/Source/list.o
 .debug_abbrev  0x0000000000003624      0x4d7 ./Middlewares/Third_Party/FreeRTOS/Source/queue.o
 .debug_abbrev  0x0000000000003afb      0x577 ./Middlewares/Third_Party/FreeRTOS/Source/tasks.o
 .debug_abbrev  0x0000000000004072      0x493 ./Middlewares/Third_Party/FreeRTOS/Source/timers.o
 .debug_abbrev  0x0000000000004505      0x29f ./Middlewares/Third_Party/FreeRTOS/Source/portable/GCC/ARM_CM4F/port.o
 .debug_abbrev  0x00000000000047a4      0x2a0 ./Middlewares/Third_Party/FreeRTOS/Source/portable/MemMang/heap_4.o
 .debug_abbrev  0x0000000000004a44      0x182 ./Src/ADC_Calculation.o
 .debug_abbrev  0x0000000000004bc6      0x1e3 ./Src/BoardComm.o
 .debug_abbrev  0x0000000000004da9      0x1ac ./Src/Sputter.o
 .debug_abbrev  0x0000000000004f55      0x3bc ./Src/main.o
 .debug_abbrev  0x0000000000005311      0x2c5 ./Src/stm32f3xx_hal_msp.o
 .debug_abbrev  0x00000000000055d6      0x22c ./Src/stm32f3xx_hal_timebase_tim.o
 .debug_abbrev  0x0000000000005802      0x217 ./Src/stm32f3xx_it.o
 .debug_abbrev  0x0000000000005a19      0x11c ./Src/system_stm32f3xx.o
 .debug_abbrev  0x0000000000005b35      0x153 ./Src/uart_mgr.o
 .debug_abbrev  0x0000000000005c88       0x12 ./Startup/startup_stm32f334r8tx.o

.debug_loc      0x0000000000000000    0x2400e
 .debug_loc     0x0000000000000000      0x168 ./Drivers/STM32F3xx_HAL_Driver/Src/stm32f3xx_hal.o
 .debug_loc     0x0000000000000168      0x128 ./Drivers/STM32F3xx_HAL_Driver/Src/stm32f3xx_hal_adc.o
 .debug_loc     0x0000000000000290     0x216e ./Drivers/STM32F3xx_HAL_Driver/Src/stm32f3xx_hal_adc_ex.o
 .debug_loc     0x00000000000023fe      0xdc9 ./Drivers/STM32F3xx_HAL_Driver/Src/stm32f3xx_hal_can.o
 .debug_loc     0x00000000000031c7      0x75e ./Drivers/STM32F3xx_HAL_Driver/Src/stm32f3xx_hal_cortex.o
 .debug_loc     0x0000000000003925      0x612 ./Drivers/STM32F3xx_HAL_Driver/Src/stm32f3xx_hal_crc.o
 .debug_loc     0x0000000000003f37      0x1b7 ./Drivers/STM32F3xx_HAL_Driver/Src/stm32f3xx_hal_crc_ex.o
 .debug_loc     0x00000000000040ee      0x284 ./Drivers/STM32F3xx_HAL_Driver/Src/stm32f3xx_hal_dac.o
 .debug_loc     0x0000000000004372      0x9ba ./Drivers/STM32F3xx_HAL_Driver/Src/stm32f3xx_hal_dac_ex.o
 .debug_loc     0x0000000000004d2c      0x8d2 ./Drivers/STM32F3xx_HAL_Driver/Src/stm32f3xx_hal_dma.o
 .debug_loc     0x00000000000055fe      0x3fd ./Drivers/STM32F3xx_HAL_Driver/Src/stm32f3xx_hal_gpio.o
 .debug_loc     0x00000000000059fb      0xf23 ./Drivers/STM32F3xx_HAL_Driver/Src/stm32f3xx_hal_rcc.o
 .debug_loc     0x000000000000691e      0x5c6 ./Drivers/STM32F3xx_HAL_Driver/Src/stm32f3xx_hal_rcc_ex.o
 .debug_loc     0x0000000000006ee4     0x77b1 ./Drivers/STM32F3xx_HAL_Driver/Src/stm32f3xx_hal_tim.o
 .debug_loc     0x000000000000e695     0x19ac ./Drivers/STM32F3xx_HAL_Driver/Src/stm32f3xx_hal_tim_ex.o
 .debug_loc     0x0000000000010041     0x5e22 ./Drivers/STM32F3xx_HAL_Driver/Src/stm32f3xx_hal_uart.o
 .debug_loc     0x0000000000015e63      0xad1 ./Drivers/STM32F3xx_HAL_Driver/Src/stm32f3xx_hal_uart_ex.o
 .debug_loc     0x0000000000016934     0x4956 ./Middlewares/Third_Party/FreeRTOS/Source/CMSIS_RTOS_V2/cmsis_os2.o
 .debug_loc     0x000000000001b28a       0xbc ./Middlewares/Third_Party/FreeRTOS/Source/list.o
 .debug_loc     0x000000000001b346     0x3126 ./Middlewares/Third_Party/FreeRTOS/Source/queue.o
 .debug_loc     0x000000000001e46c     0x3699 ./Middlewares/Third_Party/FreeRTOS/Source/tasks.o
 .debug_loc     0x0000000000021b05     0x1828 ./Middlewares/Third_Party/FreeRTOS/Source/timers.o
 .debug_loc     0x000000000002332d      0x106 ./Middlewares/Third_Party/FreeRTOS/Source/portable/GCC/ARM_CM4F/port.o
 .debug_loc     0x0000000000023433      0x652 ./Middlewares/Third_Party/FreeRTOS/Source/portable/MemMang/heap_4.o
 .debug_loc     0x0000000000023a85       0xd9 ./Src/ADC_Calculation.o
 .debug_loc     0x0000000000023b5e       0xb9 ./Src/main.o
 .debug_loc     0x0000000000023c17      0x1da ./Src/stm32f3xx_hal_msp.o
 .debug_loc     0x0000000000023df1       0xf2 ./Src/stm32f3xx_hal_timebase_tim.o
 .debug_loc     0x0000000000023ee3      0x12b ./Src/system_stm32f3xx.o

.debug_aranges  0x0000000000000000     0x15a0
 .debug_aranges
                0x0000000000000000       0xd8 ./Drivers/STM32F3xx_HAL_Driver/Src/stm32f3xx_hal.o
 .debug_aranges
                0x00000000000000d8       0x60 ./Drivers/STM32F3xx_HAL_Driver/Src/stm32f3xx_hal_adc.o
 .debug_aranges
                0x0000000000000138      0x150 ./Drivers/STM32F3xx_HAL_Driver/Src/stm32f3xx_hal_adc_ex.o
 .debug_aranges
                0x0000000000000288       0xc8 ./Drivers/STM32F3xx_HAL_Driver/Src/stm32f3xx_hal_can.o
 .debug_aranges
                0x0000000000000350       0x90 ./Drivers/STM32F3xx_HAL_Driver/Src/stm32f3xx_hal_cortex.o
 .debug_aranges
                0x00000000000003e0       0x50 ./Drivers/STM32F3xx_HAL_Driver/Src/stm32f3xx_hal_crc.o
 .debug_aranges
                0x0000000000000430       0x30 ./Drivers/STM32F3xx_HAL_Driver/Src/stm32f3xx_hal_crc_ex.o
 .debug_aranges
                0x0000000000000460       0x78 ./Drivers/STM32F3xx_HAL_Driver/Src/stm32f3xx_hal_dac.o
 .debug_aranges
                0x00000000000004d8       0xa0 ./Drivers/STM32F3xx_HAL_Driver/Src/stm32f3xx_hal_dac_ex.o
 .debug_aranges
                0x0000000000000578       0x78 ./Drivers/STM32F3xx_HAL_Driver/Src/stm32f3xx_hal_dma.o
 .debug_aranges
                0x00000000000005f0       0x58 ./Drivers/STM32F3xx_HAL_Driver/Src/stm32f3xx_hal_gpio.o
 .debug_aranges
                0x0000000000000648       0x88 ./Drivers/STM32F3xx_HAL_Driver/Src/stm32f3xx_hal_rcc.o
 .debug_aranges
                0x00000000000006d0       0x30 ./Drivers/STM32F3xx_HAL_Driver/Src/stm32f3xx_hal_rcc_ex.o
 .debug_aranges
                0x0000000000000700      0x288 ./Drivers/STM32F3xx_HAL_Driver/Src/stm32f3xx_hal_tim.o
 .debug_aranges
                0x0000000000000988      0x118 ./Drivers/STM32F3xx_HAL_Driver/Src/stm32f3xx_hal_tim_ex.o
 .debug_aranges
                0x0000000000000aa0      0x1d0 ./Drivers/STM32F3xx_HAL_Driver/Src/stm32f3xx_hal_uart.o
 .debug_aranges
                0x0000000000000c70       0x60 ./Drivers/STM32F3xx_HAL_Driver/Src/stm32f3xx_hal_uart_ex.o
 .debug_aranges
                0x0000000000000cd0      0x218 ./Middlewares/Third_Party/FreeRTOS/Source/CMSIS_RTOS_V2/cmsis_os2.o
 .debug_aranges
                0x0000000000000ee8       0x40 ./Middlewares/Third_Party/FreeRTOS/Source/list.o
 .debug_aranges
                0x0000000000000f28      0x120 ./Middlewares/Third_Party/FreeRTOS/Source/queue.o
 .debug_aranges
                0x0000000000001048      0x1c8 ./Middlewares/Third_Party/FreeRTOS/Source/tasks.o
 .debug_aranges
                0x0000000000001210       0xa0 ./Middlewares/Third_Party/FreeRTOS/Source/timers.o
 .debug_aranges
                0x00000000000012b0       0x80 ./Middlewares/Third_Party/FreeRTOS/Source/portable/GCC/ARM_CM4F/port.o
 .debug_aranges
                0x0000000000001330       0x40 ./Middlewares/Third_Party/FreeRTOS/Source/portable/MemMang/heap_4.o
 .debug_aranges
                0x0000000000001370       0x28 ./Src/ADC_Calculation.o
 .debug_aranges